Archive member included because of file (symbol)

c:/NXP/bstudio_nxp/sdk/JN-SW-4170/Components/Library\libZPSMAC_Mini_SOC_JN516x.a(zps_mac_shim.o)
                              app_start.o (symbol from plugin) (ZPS_u32MacSetTxBuffers)
c:/NXP/bstudio_nxp/sdk/JN-SW-4170/Components/Library\libZPSMAC_Mini_SOC_JN516x.a(zps_miniMac.o)
                              zps_mac_shim.o (symbol from plugin) (zps_eSocMacSetTxBuffers)
c:/NXP/bstudio_nxp/sdk/JN-SW-4170/Components/Library\libZPSMAC_Mini_SOC_JN516x.a(zps_mac_common.o)
                              zps_mac_shim.o (symbol from plugin) (g_u8LegacyBeaconPayloadLen)
c:/NXP/bstudio_nxp/sdk/JN-SW-4170/Components/Library\libZPSMAC_Mini_SOC_JN516x.a(zps_mac_ie.o)
                              zps_mac_common.o (symbol from plugin) (zps_u8MacIECopyZigbeePayloadSubIE)
c:/NXP/bstudio_nxp/sdk/JN-SW-4170/Components/Library\libPWRM_JN516x.a(pwrm.o)
                              app_start.o (symbol from plugin) (PWRM_vInit)
c:/NXP/bstudio_nxp/sdk/JN-SW-4170/Components/Library\libPWRM_JN516x.a(pwrm_setjmp_JN516x.o)
                              pwrm.o (symbol from plugin) (setjmp)
c:/NXP/bstudio_nxp/sdk/JN-SW-4170/Components/Library\libPWRM_JN516x.a(pwrm_cold_start.o)
                              (AppColdStart)
c:/NXP/bstudio_nxp/sdk/JN-SW-4170/Components/Library\libPWRM_JN516x.a(pwrm_warm_start.o)
                              (AppWarmStart)
c:/NXP/bstudio_nxp/sdk/JN-SW-4170/Components/Library\libAES_SW_JN516x.a(aes_sw_mmo.o)
                              OTA.o (symbol from plugin) (AESSW_vMMOBlockUpdate)
c:/NXP/bstudio_nxp/sdk/JN-SW-4170/Components/Library\libPDUM_JN516x.a(pdum_nwk.o)
                              zps_miniMac.o (symbol from plugin) (PDUM_eNPduAllocate)
c:/NXP/bstudio_nxp/sdk/JN-SW-4170/Components/Library\libPDUM_JN516x.a(pdum_apl.o)
                              zll_CommissionCmdHandler.o (symbol from plugin) (PDUM_u16APduInstanceReadNBO)
c:/NXP/bstudio_nxp/sdk/JN-SW-4170/Components/Library\libPDUM_JN516x.a(pdum.o)
                              pdum_nwk.o (symbol from plugin) (PDUM_u16SizeNBO)
c:/NXP/bstudio_nxp/sdk/JN-SW-4170/Components/Library\libZPSAPL_JN516x.a(zps_apl_inl.o)
                              zps_mac_ie.o (symbol from plugin) (ZPS_pu8AplZdoGetVsOUI)
c:/NXP/bstudio_nxp/sdk/JN-SW-4170/Components/Library\libZPSAPL_JN516x.a(zps_apl_af.o)
                              app_start.o (symbol from plugin) (ZPS_eAplAfInit)
c:/NXP/bstudio_nxp/sdk/JN-SW-4170/Components/Library\libZPSAPL_JN516x.a(zps_apl_af_apsde.o)
                              zps_gen.o (symbol from plugin) (zps_vHandleApsdeDataFragInd)
c:/NXP/bstudio_nxp/sdk/JN-SW-4170/Components/Library\libZPSAPL_JN516x.a(zps_apl_task.o)
                              zps_apl_af_apsde.o (symbol from plugin) (zps_vAplAfPostEvent)
c:/NXP/bstudio_nxp/sdk/JN-SW-4170/Components/Library\libZPSAPL_JN516x.a(zps_apl_apsde.o)
                              zps_apl_task.o (symbol from plugin) (ZPS_vAplRegisterApsdeDcfmIndCallbacks)
c:/NXP/bstudio_nxp/sdk/JN-SW-4170/Components/Library\libZPSAPL_JN516x.a(zps_apl_apsme.o)
                              zps_apl_task.o (symbol from plugin) (ZPS_vAplRegisterApsmeDcfmIndCallbacks)
c:/NXP/bstudio_nxp/sdk/JN-SW-4170/Components/Library\libZPSAPL_JN516x.a(zps_apl_aps_nlde.o)
                              zps_gen.o (symbol from plugin) (zps_vHandleExtendedDataAckFrame)
c:/NXP/bstudio_nxp/sdk/JN-SW-4170/Components/Library\libZPSAPL_JN516x.a(zps_apl_sec.o)
                              bdb_DeviceCommissioning.o (symbol from plugin) (zps_pvAesGetKeyFromInstallCode)
c:/NXP/bstudio_nxp/sdk/JN-SW-4170/Components/Library\libZPSAPL_JN516x.a(zps_apl_aib.o)
                              app_Znc_cmds.o (symbol from plugin) (zps_psAplAibGetAib)
c:/NXP/bstudio_nxp/sdk/JN-SW-4170/Components/Library\libZPSAPL_JN516x.a(zps_apl_zdo_nwkmanager.o)
                              zps_apl_apsme.o (symbol from plugin) (zps_vAplSaveRecord)
c:/NXP/bstudio_nxp/sdk/JN-SW-4170/Components/Library\libZPSAPL_JN516x.a(zps_apl_zdo_handle_zdp_event.o)
                              zps_apl_task.o (symbol from plugin) (zps_bAplZdoHandleZdpEvent)
c:/NXP/bstudio_nxp/sdk/JN-SW-4170/Components/Library\libZPSAPL_JN516x.a(zps_apl_zdo_trust_center.o)
                              zps_gen.o (symbol from plugin) (zps_vAplTrustCenterInit)
c:/NXP/bstudio_nxp/sdk/JN-SW-4170/Components/Library\libZPSAPL_JN516x.a(zps_apl_zdo_common.o)
                              zps_apl_zdo_nwkmanager.o (symbol from plugin) (zps_eAplZdoNlmeleaveWrapper)
c:/NXP/bstudio_nxp/sdk/JN-SW-4170/Components/Library\libZPSAPL_JN516x.a(zps_apl_zdo_group.o)
                              app_Znc_cmds.o (symbol from plugin) (zps_eAplZdoGroupEndpointAdd)
c:/NXP/bstudio_nxp/sdk/JN-SW-4170/Components/Library\libZPSAPL_JN516x.a(zps_apl_zdo_default_server.o)
                              zps_gen.o (symbol from plugin) (zps_vAplZdoDefaultServerInit)
c:/NXP/bstudio_nxp/sdk/JN-SW-4170/Components/Library\libZPSAPL_JN516x.a(zps_apl_zdo_bind_manager.o)
[...]
Memory Configuration

Name             Origin             Length             Attributes
flash            0x0000000000080000 0x0000000000040000
ram              0x000000000400004c 0x0000000000007fb4
*default*        0x0000000000000000 0xffffffffffffffff

Linker script and memory map

                0x0000000000001770                __stack_size = 0x1770
                0x00000000000007d0                __minimum_heap_size = 0x7d0
START GROUP
LOAD irq_JN516x.o
LOAD portasm_JN516x.o
LOAD port_JN516x.o
LOAD C:\Users\akila\AppData\Local\Temp\ccuSZQzL.ltrans0.ltrans.o
LOAD C:\Users\akila\AppData\Local\Temp\ccuSZQzL.ltrans1.ltrans.o
LOAD C:\Users\akila\AppData\Local\Temp\ccuSZQzL.ltrans2.ltrans.o
LOAD C:\Users\akila\AppData\Local\Temp\ccuSZQzL.ltrans3.ltrans.o
LOAD C:\Users\akila\AppData\Local\Temp\ccuSZQzL.ltrans4.ltrans.o
LOAD C:\Users\akila\AppData\Local\Temp\ccuSZQzL.ltrans5.ltrans.o
LOAD C:\Users\akila\AppData\Local\Temp\ccuSZQzL.ltrans6.ltrans.o
LOAD C:\Users\akila\AppData\Local\Temp\ccuSZQzL.ltrans7.ltrans.o
LOAD C:\Users\akila\AppData\Local\Temp\ccuSZQzL.ltrans8.ltrans.o
LOAD C:\Users\akila\AppData\Local\Temp\ccuSZQzL.ltrans9.ltrans.o
LOAD C:\Users\akila\AppData\Local\Temp\ccuSZQzL.ltrans10.ltrans.o
LOAD C:\Users\akila\AppData\Local\Temp\ccuSZQzL.ltrans11.ltrans.o
LOAD C:\Users\akila\AppData\Local\Temp\ccuSZQzL.ltrans12.ltrans.o
LOAD C:\Users\akila\AppData\Local\Temp\ccuSZQzL.ltrans13.ltrans.o
LOAD C:\Users\akila\AppData\Local\Temp\ccuSZQzL.ltrans14.ltrans.o
LOAD C:\Users\akila\AppData\Local\Temp\ccuSZQzL.ltrans15.ltrans.o
LOAD C:\Users\akila\AppData\Local\Temp\ccuSZQzL.ltrans16.ltrans.o
LOAD C:\Users\akila\AppData\Local\Temp\ccuSZQzL.ltrans17.ltrans.o
LOAD C:\Users\akila\AppData\Local\Temp\ccuSZQzL.ltrans18.ltrans.o
LOAD C:\Users\akila\AppData\Local\Temp\ccuSZQzL.ltrans19.ltrans.o
LOAD C:\Users\akila\AppData\Local\Temp\ccuSZQzL.ltrans20.ltrans.o
LOAD C:\Users\akila\AppData\Local\Temp\ccuSZQzL.ltrans21.ltrans.o
LOAD C:\Users\akila\AppData\Local\Temp\ccuSZQzL.ltrans22.ltrans.o
LOAD C:\Users\akila\AppData\Local\Temp\ccuSZQzL.ltrans23.ltrans.o
LOAD C:\Users\akila\AppData\Local\Temp\ccuSZQzL.ltrans24.ltrans.o
LOAD C:\Users\akila\AppData\Local\Temp\ccuSZQzL.ltrans25.ltrans.o
LOAD C:\Users\akila\AppData\Local\Temp\ccuSZQzL.ltrans26.ltrans.o
LOAD C:\Users\akila\AppData\Local\Temp\ccuSZQzL.ltrans27.ltrans.o
LOAD C:\Users\akila\AppData\Local\Temp\ccuSZQzL.ltrans28.ltrans.o
LOAD C:\Users\akila\AppData\Local\Temp\ccuSZQzL.ltrans29.ltrans.o
LOAD C:\Users\akila\AppData\Local\Temp\ccuSZQzL.ltrans30.ltrans.o
LOAD C:\Users\akila\AppData\Local\Temp\ccuSZQzL.ltrans31.ltrans.o
LOAD c:/nxp/bstudio_nxp/sdk/tools/ba-elf-ba2-r36379/bin/../lib/gcc/ba-elf/4.7.4/../../../../ba-elf/lib/mcpu_jn51xx_sizeopt\libc.a
LOAD c:/nxp/bstudio_nxp/sdk/tools/ba-elf-ba2-r36379/bin/../lib/gcc/ba-elf/4.7.4/mcpu_jn51xx_sizeopt\libgcc.a
LOAD c:/nxp/bstudio_nxp/sdk/tools/ba-elf-ba2-r36379/bin/../lib/gcc/ba-elf/4.7.4/../../../../ba-elf/lib/mcpu_jn51xx_sizeopt\libc.a
LOAD pdum_gen.o
LOAD zps_gen.o
LOAD app_Znc_cmds.o
LOAD app_general_events_handler.o
LOAD app_zcl_event_handler.o
LOAD app_start.o
LOAD SerialLink.o
LOAD uart.o
LOAD pdum_apdu.o
LOAD app_ota_server.o
LOAD app_ahi_commands.o
LOAD app_green_power.o
LOAD ZQueue.o
LOAD ZTimer.o
LOAD app_zps_link_keys.o
LOAD GreenPower.o
LOAD GreenPowerCommissioningNotification.o
LOAD GreenPowerCommon.o
LOAD GreenPowerCustomCommandHandler.o
LOAD GreenPowerCustomCommandResponses.o
LOAD GreenPowerDataIndication.o
LOAD GreenPowerDirectCommandHandler.o
LOAD GreenPowerNotification.o
LOAD GreenPowerPairing.o
LOAD GreenPowerPairingConfiguration.o
LOAD GreenPowerPairingSearch.o
LOAD GreenPowerProxyCommissioningMode.o
LOAD GreenPowerProxyGPDHandler.o
LOAD GreenPowerProxyTableRequest.o
LOAD GreenPowerProxyTableResponse.o
LOAD GreenPowerResponse.o
LOAD GreenPowerScheduler.o
LOAD GreenPowerSinkTableRequest.o
LOAD GreenPowerSinkTableResponse.o
LOAD GreenPowerTranslationTableRequest.o
LOAD GreenPowerTranslationTableResponse.o
LOAD GreenPowerTranslationTableUpdate.o
LOAD gp.o
LOAD Alarms.o
LOAD AlarmsClientCommands.o
LOAD AlarmsCommandHandler.o
LOAD AlarmsServerCommands.o
LOAD AlarmsTableManager.o
LOAD AnalogInputBasic.o
LOAD AnalogOutputBasic.o
LOAD Basic.o
LOAD BasicClientCommands.o
LOAD BasicCommandHandler.o
LOAD BinaryInputBasic.o
LOAD BinaryOutputBasic.o
LOAD DeviceTemperatureConfiguration.o
LOAD Diagnostics.o
LOAD Groups.o
LOAD GroupsClientCommands.o
LOAD GroupsCommandHandler.o
LOAD GroupsServerCommands.o
LOAD GroupsTableManager.o
LOAD Identify.o
LOAD IdentifyClientCommands.o
LOAD IdentifyCommandHandler.o
LOAD IdentifyServerCommands.o
LOAD LevelControl.o
LOAD LevelControlClientCommands.o
LOAD LevelControlCommandHandler.o
LOAD MultistateInputBasic.o
LOAD MultistateOutputBasic.o
LOAD OOSC.o
LOAD OnOff.o
LOAD OnOffCommandHandler.o
LOAD OnOffCommands.o
LOAD PollControl.o
LOAD PollControlClientCommands.o
LOAD PollControlCommandHandler.o
LOAD PollControlServerCommands.o
LOAD PowerConfiguration.o
LOAD PowerProfile.o
LOAD PowerProfileClientCommands.o
LOAD PowerProfileCommandHandler.o
LOAD PowerProfileServerCommands.o
LOAD Scenes.o
LOAD ScenesClientCommands.o
LOAD ScenesClusterManagement.o
LOAD ScenesCommandHandler.o
LOAD ScenesServerCommands.o
LOAD ScenesTableManager.o
LOAD TC.o
LOAD Time.o
LOAD base_device.o
LOAD mains_power_outlet.o
LOAD on_off_output.o
LOAD plug_control.o
LOAD remote_control.o
LOAD simple_sensor.o
LOAD ElectricalMeasurement.o
LOAD FlowMeasurement.o
LOAD IlluminanceLevelSensing.o
LOAD IlluminanceMeasurement.o
LOAD OccupancySensing.o
LOAD PressureMeasurement.o
LOAD RelativeHumidityMeasurement.o
LOAD TemperatureMeasurement.o
LOAD BallastConfiguration.o
LOAD ColourControl.o
LOAD ColourControlClientCommands.o
LOAD ColourControlCommandHandler.o
LOAD ColourControlConversions.o
LOAD colour_controller.o
LOAD colour_dimmable_light.o
LOAD colour_dimmer_switch.o
LOAD colour_scene_controller.o
LOAD colour_temperature_light.o
LOAD commission_endpoint.o
LOAD control_bridge.o
LOAD dimmable_ballast.o
LOAD dimmable_light.o
LOAD dimmable_plug.o
LOAD dimmer_switch.o
LOAD extended_colour_light.o
LOAD light_level_sensor.o
LOAD light_sensor.o
LOAD non_colour_controller.o
LOAD non_colour_scene_controller.o
LOAD occupancy_sensor.o
LOAD on_off_ballast.o
LOAD on_off_light.o
LOAD on_off_light_switch.o
LOAD on_off_plug.o
LOAD on_off_sensor.o
LOAD FanControl.o
LOAD Thermostat.o
LOAD ThermostatCommandHandler.o
LOAD ThermostatCommands.o
LOAD ThermostatUIConfig.o
LOAD temperature_sensor.o
LOAD thermostat_device.o
LOAD DoorLock.o
LOAD DoorLockCommandHandler.o
LOAD DoorLockCommands.o
LOAD door_lock.o
LOAD door_lock_controller.o
LOAD IASACE.o
LOAD IASACEClientCommands.o
LOAD IASACECommandHandler.o
LOAD IASACEServerCommands.o
LOAD IASWD.o
LOAD IASWDCommandHandler.o
LOAD IASWDCommands.o
LOAD IASZone.o
LOAD IASZoneCommandHandler.o
LOAD IASZoneCommands.o
LOAD ancillary_control_equipment.o
LOAD control_and_indicating_equipment.o
LOAD warning_device.o
LOAD zone.o
LOAD DRLC.o
LOAD DRLCCommandCanceAlllLoadControlEvents.o
LOAD DRLCCommandCancelLoadControlEvent.o
LOAD DRLCCommandGetScheduledEvents.o
LOAD DRLCCommandHandler.o
LOAD DRLCCommandLoadControlEvent.o
LOAD DRLCCommandReportEventStatus.o
LOAD DRLCCustomCommandResponsesClient.o
LOAD DRLCCustomCommandResponsesServer.o
LOAD DRLCEffectiveTime.o
LOAD DRLCScheduler.o
LOAD DRLCTableManagerNoMutex.o
LOAD DRLCTableManagerServer.o
LOAD DRLCUserEventOptInOut.o
LOAD Price.o
LOAD PriceBlockPeriodTableManager.o
LOAD PriceCalorificValueTableManager.o
LOAD PriceCommandGetBlockPeriod.o
LOAD PriceCommandGetCalorificValue.o
LOAD PriceCommandGetConversionFactor.o
LOAD PriceCommandGetCurrentPrice.o
LOAD PriceCommandGetScheduledPrices.o
LOAD PriceCommandPriceAck.o
LOAD PriceCommandPublishBlockPeriod.o
LOAD PriceCommandPublishBlockPeriodReceive.o
LOAD PriceCommandPublishCalorificValue.o
LOAD PriceCommandPublishCalorificValueReceive.o
LOAD PriceCommandPublishConversionFactor.o
LOAD PriceCommandPublishConversionFactorReceive.o
LOAD PriceCommandPublishPrice.o
LOAD PriceCommandPublishPriceReceive.o
LOAD PriceConversionFactorTableManager.o
LOAD PriceCustomCommandHandler.o
LOAD PriceCustomCommandResponses.o
LOAD PriceScheduler.o
LOAD PriceServerAttributeManager.o
LOAD PriceTableManager.o
LOAD SimpleMetering.o
LOAD SimpleMeteringCommandHandler.o
LOAD SimpleMetering_SendRequest.o
LOAD smart_plug.o
LOAD OTA.o
LOAD OTA_ClientUpgradeManager.o
LOAD OTA_CustomCommandHandler.o
LOAD OTA_CustomReceiveCommands.o
LOAD OTA_ServerUpgradeManager.o
LOAD OTA_client.o
LOAD OTA_common.o
LOAD OTA_server.o
LOAD Commissioning.o
LOAD CommissioningClientCommands.o
LOAD CommissioningCmdHandler.o
LOAD CommissioningServerCommands.o
LOAD zll_CommissionCmdHandler.o
LOAD zll_UtilityCmdHandler.o
LOAD zll_commission.o
LOAD zll_utility.o
LOAD ApplianceControl.o
LOAD ApplianceControlClientCommands.o
LOAD ApplianceControlCommandHandler.o
LOAD ApplianceControlServerCommands.o
LOAD ApplianceEventsAndAlerts.o
LOAD ApplianceEventsAndAlertsClientCommands.o
LOAD ApplianceEventsAndAlertsCommandHandler.o
LOAD ApplianceEventsAndAlertsServerCommands.o
LOAD ApplianceIdentification.o
LOAD ApplianceStatistics.o
LOAD ApplianceStatisticsClientCommands.o
LOAD ApplianceStatisticsCommandHandler.o
LOAD ApplianceStatisticsServerCommands.o
LOAD home_gateway.o
LOAD white_goods.o
LOAD dlist.o
LOAD zcl.o
LOAD zcl_CustomCommandReceive.o
LOAD zcl_CustomCommandSend.o
LOAD zcl_PDUbufferReadWrite.o
LOAD zcl_PDUbufferReadWriteString.o
LOAD zcl_WriteAttributesRequestHandle.o
LOAD zcl_WriteAttributesRequestSend.o
LOAD zcl_WriteAttributesResponseHandle.o
LOAD zcl_attribute.o
LOAD zcl_buffer.o
LOAD zcl_clusterCommand.o
LOAD zcl_command.o
LOAD zcl_common.o
LOAD zcl_configureReportingCommandHandle.o
LOAD zcl_configureReportingCommandSend.o
LOAD zcl_configureReportingResponseHandle.o
LOAD zcl_defaultResponse.o
LOAD zcl_discoverAttributesExtendedRequestHandle.o
LOAD zcl_discoverAttributesExtendedRequestSend.o
LOAD zcl_discoverAttributesExtendedResponseHandle.o
LOAD zcl_discoverAttributesRequestHandle.o
LOAD zcl_discoverAttributesRequestSend.o
LOAD zcl_discoverAttributesResponseHandle.o
LOAD zcl_discoverCommandsRequestHandle.o
LOAD zcl_discoverCommandsRequestSend.o
LOAD zcl_discoverCommandsResponseHandle.o
LOAD zcl_event.o
LOAD zcl_heap.o
LOAD zcl_library_options.o
LOAD zcl_readAttributesRequestHandle.o
LOAD zcl_readAttributesRequestSend.o
LOAD zcl_readAttributesResponseHandle.o
LOAD zcl_readReportingConfigurationCommandHandle.o
LOAD zcl_readReportingConfigurationCommandSend.o
LOAD zcl_readReportingConfigurationResponseHandle.o
LOAD zcl_reportManager.o
LOAD zcl_reportMaths.o
LOAD zcl_reportScheduler.o
LOAD zcl_reportStringHandling.o
LOAD zcl_reportStructure.o
LOAD zcl_search.o
LOAD zcl_timer.o
LOAD zcl_transmit.o
LOAD bdb_fr.o
LOAD bdb_start.o
LOAD bdb_state_machine.o
LOAD appZpsBeaconHandler.o
LOAD appZdpExtraction.o
LOAD bdb_ns.o
LOAD bdb_nf.o
LOAD bdb_tl_router_initiator_target.o
LOAD bdb_tl_common.o
LOAD ecb_decrypt.o
LOAD bdb_DeviceCommissioning.o
LOAD c:/NXP/bstudio_nxp/sdk/JN-SW-4170/Components/Library\libZPSMAC_Mini_SOC_JN516x.a
LOAD c:/NXP/bstudio_nxp/sdk/JN-SW-4170/Components/Library\libPWRM_JN516x.a
LOAD c:/NXP/bstudio_nxp/sdk/JN-SW-4170/Components/Library\libZPSTSV_JN516x.a
LOAD c:/NXP/bstudio_nxp/sdk/JN-SW-4170/Components/Library\libAES_SW_JN516x.a
LOAD c:/NXP/bstudio_nxp/sdk/JN-SW-4170/Components/Library\libPDUM_JN516x.a
LOAD c:/NXP/bstudio_nxp/sdk/JN-SW-4170/Components/Library\libZPSAPL_JN516x.a
LOAD c:/NXP/bstudio_nxp/sdk/JN-SW-4170/Components/Library\libRandom_JN516x.a
LOAD c:/NXP/bstudio_nxp/sdk/JN-SW-4170/Components/Library\libPDM_EEPROM_NO_RTOS_JN516x.a
LOAD c:/NXP/bstudio_nxp/sdk/JN-SW-4170/Components/Library\libDBG_JN516x.a
LOAD c:/NXP/bstudio_nxp/sdk/JN-SW-4170/Components/Library\libZPSGP_JN516x.a
LOAD c:/NXP/bstudio_nxp/sdk/JN-SW-4170/Components/Library\libZPSIPAN_JN516x.a
LOAD c:/NXP/bstudio_nxp/sdk/JN-SW-4170/Components/Library\libZPSNWK_JN516x.a
LOAD c:/NXP/bstudio_nxp/sdk/JN-SW-4170/Components/Library\libMiniMac_JN516x.a
LOAD c:/NXP/bstudio_nxp/sdk/JN-SW-4170/Components/Library\libMiniMacShim_JN516x.a
LOAD c:/NXP/bstudio_nxp/sdk/JN-SW-4170/Components/Library\libMMAC_JN516x.a
LOAD c:/NXP/bstudio_nxp/sdk/JN-SW-4170/Components/Library\libAes_JN516x.a
LOAD c:/NXP/bstudio_nxp/sdk/JN-SW-4170/Components/Library\libHardwareApi_JN516x.a
LOAD c:/NXP/bstudio_nxp/sdk/JN-SW-4170/Components/Library\libMicroSpecific_JN516x.a
LOAD c:/NXP/bstudio_nxp/sdk/JN-SW-4170/Components/Library\libBoot_JN516x.a
LOAD c:/NXP/bstudio_nxp/sdk/JN-SW-4170/Platform/DK4/Library\libBoardLib_JN516x.a
LOAD c:/NXP/bstudio_nxp/sdk/JN-SW-4170/Components/Library\libJPT_JN5168.a
LOAD c:/nxp/bstudio_nxp/sdk/tools/ba-elf-ba2-r36379/bin/../lib/gcc/ba-elf/4.7.4/../../../../ba-elf/lib/mcpu_jn51xx_sizeopt\libm.a
END GROUP
LOAD c:/nxp/bstudio_nxp/sdk/tools/ba-elf-ba2-r36379/bin/../lib/gcc/ba-elf/4.7.4/../../../../ba-elf/lib/mcpu_jn51xx_sizeopt\libc.a
LOAD c:/nxp/bstudio_nxp/sdk/tools/ba-elf-ba2-r36379/bin/../lib/gcc/ba-elf/4.7.4/mcpu_jn51xx_sizeopt\libgcc.a
LOAD c:/nxp/bstudio_nxp/sdk/tools/ba-elf-ba2-r36379/bin/../lib/gcc/ba-elf/4.7.4/../../../../ba-elf/lib/mcpu_jn51xx_sizeopt\libc.a
                0x0000000000080038                _exception_vsr_table = 0x80038
                0x0000000004000000                pSPIflashFncTable = 0x4000000
                0x0000000000000044                restore_state = 0x44
                0x000000000000004a                bZSPIWaitWIPClear = 0x4a
                0x0000000000000050                u16ZSPIflashRDID = 0x50
                0x0000000000000056                u8SelectFlashChipType = 0x56
                0x000000000000005c                memcpy = 0x5c
                0x0000000000000066                vBootFlashProg = 0x66
                [0x00000000000007d0]                __minimum_heap_size = DEFINED (__minimum_heap_size)?__minimum_heap_size:0xd16
                [0x0000000000001770]                __stack_size = DEFINED (__stack_size)?__stack_size:0x800
                0x0000000000000000                _SwConfig = (DEFINED (g_bSWConf_Debug) | (DEFINED (g_bSWConf_AltDebugPort) << 0x1))

.version        0x000000000007fffc        0x4
                0x000000000007fffc        0x4 LONG 0x7030008

.bir            0x0000000000080000       0x10
                0x0000000000080000                _flash_start = ABSOLUTE (.)
                0x0000000000080000                _flash_beg = ABSOLUTE (.)
                0x0000000000080000        0x4 LONG 0x12345678
                0x0000000000080004        0x4 LONG 0x11223344
                0x0000000000080008        0x4 LONG 0x55667788
                0x000000000008000c        0x1 BYTE 0x8
                0x000000000008000d        0x1 BYTE 0x1
                0x000000000008000e        0x2 SHORT 0x0

.flashheader    0x0000000000080010       0x28
                0x0000000000080010        0x4 LONG 0x0
                0x0000000000080014        0x4 LONG 0x0
                0x0000000000080018        0x4 LONG 0x0
                0x000000000008001c        0x2 SHORT 0x0
                0x000000000008001e        0x2 SHORT 0x0 ABSOLUTE (_SwConfig)
                0x0000000000080020                _enc_start = ABSOLUTE (.)
                0x0000000000080020        0x4 LONG 0x38988 ABSOLUTE (_image_len)
                0x0000000000080024        0x4 LONG 0xb823c ABSOLUTE (_flash_data_start)
                0x0000000000080028        0x2 SHORT 0x13 ((ABSOLUTE (_ram_data_start) / 0x4) & 0xffff)
                0x000000000008002a        0x2 SHORT 0x1d3 ((ABSOLUTE (_ram_data_len) / 0x4) & 0xffff)
                0x000000000008002c        0x2 SHORT 0x1e6 ((ABSOLUTE (_bss_start) / 0x4) & 0xffff)
                0x000000000008002e        0x2 SHORT 0x159e ((ABSOLUTE (_bss_len) / 0x4) & 0xffff)
                0x0000000000080030        0x4 LONG 0xb79b2 ABSOLUTE (AppWarmStart)
                0x0000000000080034        0x4 LONG 0xa0cec ABSOLUTE (AppColdStart)
                0x0000000000000000                _enc_offset = (_enc_start & 0xf)

.ro_mac_address
                0x0000000000080040       0x10
                0x0000000000080040                _FlsMACAddress = ABSOLUTE (.)
 *(.ro_mac_address)
 .ro_mac_address
                0x0000000000080040        0x8 C:\Users\akila\AppData\Local\Temp\ccuSZQzL.ltrans4.ltrans.o
                0x0000000000080050                . = ALIGN (0x10)
 *fill*         0x0000000000080048        0x8 00

.ro_ota_header  0x0000000000080050       0x50
                0x0000000000080050                _FlsOtaHeader = ABSOLUTE (.)
 *(.ro_ota_header)
 .ro_ota_header
                0x0000000000080050       0x45 C:\Users\akila\AppData\Local\Temp\ccuSZQzL.ltrans4.ltrans.o
                0x00000000000800a0                . = ALIGN (0x10)
 *fill*         0x0000000000080095        0xb 00

.ro_se_lnkKey   0x00000000000800a0        0x0
                0x00000000000800a0                _FlsLinkKey = ABSOLUTE (.)
 *(.ro_se_lnkKey)
                0x00000000000800a0                . = ALIGN (0x10)

.rodata         0x00000000000800a0     0x14de
 *(.rodata*)
 .rodata.str1.1
                0x00000000000800a0       0x34 C:\Users\akila\AppData\Local\Temp\ccuSZQzL.ltrans0.ltrans.o
                                         0x50 (size before relaxing)
 .rodata        0x00000000000800d4       0x4f C:\Users\akila\AppData\Local\Temp\ccuSZQzL.ltrans0.ltrans.o
 *fill*         0x0000000000080123        0x1 00
 .rodata        0x0000000000080124       0x3c C:\Users\akila\AppData\Local\Temp\ccuSZQzL.ltrans1.ltrans.o
 .rodata.str1.1
                0x0000000000080160       0x17 C:\Users\akila\AppData\Local\Temp\ccuSZQzL.ltrans2.ltrans.o
                                         0x22 (size before relaxing)
 .rodata.str1.1
                0x0000000000000000       0x17 C:\Users\akila\AppData\Local\Temp\ccuSZQzL.ltrans3.ltrans.o
                                          0xb (size before relaxing)
 .rodata        0x0000000000080177       0x20 C:\Users\akila\AppData\Local\Temp\ccuSZQzL.ltrans3.ltrans.o
 .rodata.str1.1
                0x0000000000000000       0x17 C:\Users\akila\AppData\Local\Temp\ccuSZQzL.ltrans4.ltrans.o
                                          0x4 (size before relaxing)
 *fill*         0x0000000000080197        0x1 00
 .rodata        0x0000000000080198       0x58 C:\Users\akila\AppData\Local\Temp\ccuSZQzL.ltrans4.ltrans.o
 .rodata.str1.1
                0x00000000000801f0       0x51 C:\Users\akila\AppData\Local\Temp\ccuSZQzL.ltrans5.ltrans.o
                                         0x59 (size before relaxing)
 *fill*         0x0000000000080241        0x1 00
 .rodata        0x0000000000080242      0x108 C:\Users\akila\AppData\Local\Temp\ccuSZQzL.ltrans5.ltrans.o
 .rodata.str1.1
                0x0000000000000000       0x51 C:\Users\akila\AppData\Local\Temp\ccuSZQzL.ltrans7.ltrans.o
                                          0x9 (size before relaxing)
 *fill*         0x000000000008034a        0x2 00
 .rodata        0x000000000008034c       0x60 C:\Users\akila\AppData\Local\Temp\ccuSZQzL.ltrans7.ltrans.o
                0x000000000008034c                g_bExternalPermitJoinControl
                0x0000000000080350                g_u32NwkFcSaveCountBitShift
 .rodata.str1.1
                0x00000000000803ac        0x6 C:\Users\akila\AppData\Local\Temp\ccuSZQzL.ltrans9.ltrans.o
                                          0xc (size before relaxing)
 *fill*         0x00000000000803b2        0x2 00
 .rodata        0x00000000000803b4       0x18 C:\Users\akila\AppData\Local\Temp\ccuSZQzL.ltrans9.ltrans.o
                0x00000000000803b4                au32NwkPdmRecordOffsets
 .rodata        0x00000000000803cc       0x78 C:\Users\akila\AppData\Local\Temp\ccuSZQzL.ltrans10.ltrans.o
                0x00000000000803d0                s_aprActvStHandleCme.287616
                0x00000000000803fc                g_psGreenPowerContext
                0x0000000000080400                au32EndDeviceTimeoutConstants
                0x000000000008043c                g_u32ApsFcSaveCountBitShift
                0x0000000000080440                bR21LeaveBehaviour
 .rodata.str1.1
                0x0000000000080444        0xa C:\Users\akila\AppData\Local\Temp\ccuSZQzL.ltrans10.ltrans.o
                                         0x10 (size before relaxing)
 .rodata.str1.1
                0x000000000008044e       0x11 C:\Users\akila\AppData\Local\Temp\ccuSZQzL.ltrans12.ltrans.o
                                         0x27 (size before relaxing)
 .rodata.str1.1
                0x000000000008045f       0x38 C:\Users\akila\AppData\Local\Temp\ccuSZQzL.ltrans13.ltrans.o
                                         0x50 (size before relaxing)
 .rodata.str1.1
                0x0000000000000000       0x38 C:\Users\akila\AppData\Local\Temp\ccuSZQzL.ltrans14.ltrans.o
                                          0x8 (size before relaxing)
 *fill*         0x0000000000080497        0x1 00
 .rodata        0x0000000000080498       0x84 C:\Users\akila\AppData\Local\Temp\ccuSZQzL.ltrans14.ltrans.o
                0x0000000000080498                s_aprIdleStHandleCme.291714
                0x00000000000804ac                u8MaxZpsConfigEp
                0x00000000000804ad                au8EpMapPresent
                0x00000000000804b0                s_groupPdmTable
                0x00000000000804b8                CSWTCH.19.141182.141182
                0x00000000000804d8                CSWTCH.22.141183.141183
                0x00000000000804f8                CSWTCH.16.141181.141181
                0x0000000000080518                bDisableSourceRouting
 .rodata.str1.1
                0x000000000008051c       0x69 C:\Users\akila\AppData\Local\Temp\ccuSZQzL.ltrans15.ltrans.o
                                         0x7c (size before relaxing)
 *fill*         0x0000000000080585        0x3 00
 .rodata        0x0000000000080588      0x684 C:\Users\akila\AppData\Local\Temp\ccuSZQzL.ltrans15.ltrans.o
                0x0000000000080588                psAplDefaultDistributedAPSLinkKey
                0x000000000008058c                au32UartAddrOffset
                0x0000000000080594                zps_pacNwkFrmStdByteFmt
                0x0000000000080598                zps_pacNwkFrmStdLongFmt
                0x000000000008059c                zps_pacNwkFrmStdHalfFmt
                0x00000000000805a0                g_bEnableRouteDiscovery
                0x00000000000805a4                zps_g_pvApl
                0x00000000000805a8                pwrm_psWakeupCallbacks
 .rodata.str1.1
                0x0000000000080c0c       0x2a C:\Users\akila\AppData\Local\Temp\ccuSZQzL.ltrans16.ltrans.o
                                         0x76 (size before relaxing)
 .rodata.str1.1
                0x0000000000080c36       0x9c C:\Users\akila\AppData\Local\Temp\ccuSZQzL.ltrans17.ltrans.o
                                         0xc1 (size before relaxing)
 *fill*         0x0000000000080cd2        0x2 00
 .rodata        0x0000000000080cd4       0x14 C:\Users\akila\AppData\Local\Temp\ccuSZQzL.ltrans17.ltrans.o
                0x0000000000080cd4                u8MacNwkTriesTimeout
 .rodata.str1.1
                0x0000000000000000        0x1 C:\Users\akila\AppData\Local\Temp\ccuSZQzL.ltrans19.ltrans.o
 .rodata.str1.1
                0x0000000000000000       0x11 C:\Users\akila\AppData\Local\Temp\ccuSZQzL.ltrans20.ltrans.o
 .rodata        0x0000000000080ce8      0x394 C:\Users\akila\AppData\Local\Temp\ccuSZQzL.ltrans21.ltrans.o
                0x0000000000080ee8                gu32ZCLVersion
                0x0000000000080eec                ZPS_g_u32MacVersion
                0x0000000000080ef0                PDUM_g_u32Version
                0x0000000000080ef4                ZPS_g_u32TsvVersion
 .rodata.str1.1
                0x000000000008107c       0x1c C:\Users\akila\AppData\Local\Temp\ccuSZQzL.ltrans21.ltrans.o
 .rodata.str1.1
                0x0000000000081098       0x72 C:\Users\akila\AppData\Local\Temp\ccuSZQzL.ltrans22.ltrans.o
                                         0x87 (size before relaxing)
 .rodata.str1.1
                0x000000000008110a       0xfd C:\Users\akila\AppData\Local\Temp\ccuSZQzL.ltrans25.ltrans.o
 .rodata        0x0000000000081207       0xff C:\Users\akila\AppData\Local\Temp\ccuSZQzL.ltrans25.ltrans.o
 .rodata.str1.1
                0x0000000000081306        0xa C:\Users\akila\AppData\Local\Temp\ccuSZQzL.ltrans26.ltrans.o
                                         0x10 (size before relaxing)
 .rodata.str1.1
                0x0000000000081310        0x3 C:\Users\akila\AppData\Local\Temp\ccuSZQzL.ltrans27.ltrans.o
                                         0x34 (size before relaxing)
 .rodata.str1.1
                0x0000000000000000        0x6 C:\Users\akila\AppData\Local\Temp\ccuSZQzL.ltrans28.ltrans.o
 *fill*         0x0000000000081313        0x1 00
 .rodata        0x0000000000081314      0x1c4 C:\Users\akila\AppData\Local\Temp\ccuSZQzL.ltrans28.ltrans.o
 .rodata        0x00000000000814d8       0x10 C:\Users\akila\AppData\Local\Temp\ccuSZQzL.ltrans29.ltrans.o
 .rodata.str1.1
                0x00000000000814e8       0x8d C:\Users\akila\AppData\Local\Temp\ccuSZQzL.ltrans29.ltrans.o
 .rodata.str1.1
                0x0000000000081575        0x9 C:\Users\akila\AppData\Local\Temp\ccuSZQzL.ltrans30.ltrans.o

.text           0x0000000000081580    0x36cba
 *(.text*)
 .text          0x0000000000081580       0x50 irq_JN516x.o
                0x0000000000081580                PIC_ChannelPriorities
                0x0000000000081590                PIC_SwVectTable
 .text          0x00000000000815d0       0xd0 portasm_JN516x.o
                0x00000000000815d0                OSMIUM_HwVectTable
                0x000000000008160c                vExternalException
 .text          0x00000000000816a0     0x4598 C:\Users\akila\AppData\Local\Temp\ccuSZQzL.ltrans0.ltrans.o
                0x00000000000816a0                APP_vProcessIncomingSerialCommands
 .text          0x0000000000085c38     0x2428 C:\Users\akila\AppData\Local\Temp\ccuSZQzL.ltrans1.ltrans.o
                0x0000000000085c38                vPostMlmeDcfmInd.165178
                0x0000000000085ce9                vMacMlmeCallBackHandler.139213
                0x0000000000085fc0                zps_bZgpRemoveTxQueue
                0x000000000008604f                ZPS_psZgpFindGpstEntry
                0x00000000000860a6                zps_vSendJoinDcfm
                0x00000000000860ec                u8PDM_CalculateLargestDataRecordStored
                0x000000000008611d                iPDM_FilterDuplicateAppendedSegmentsOnList.269503
                0x0000000000086164                ZPS_u8MacIFTGetIntfState
                0x0000000000086182                ZPS_vMacIFTGetChannelMaskFromMacId
                0x0000000000086207                ZPS_bIsMacAddressUsedInApsTable
                0x00000000000862d8                eCLD_GroupsCheckGroupExists
                0x0000000000086345                eGp_BufferTransmissionPacket
                0x00000000000864b0                ZPS_vGetDeviceCurrentData.constprop.212
                0x000000000008652f                ZPS_eTsvOpen
                0x000000000008654c                zps_vNwkBttMgrInit
                0x000000000008657a                ZPS_vNwkNibClearTables
                0x00000000000866a5                ZPS_u8GrabMutexLock.constprop.294
                0x00000000000866e8                ZPS_u8ReleaseMutexLock.constprop.293
                0x0000000000086713                zps_eAplAfGetSimpleDescriptor
                0x000000000008676a                PDUM_vInit
                0x0000000000086807                vMicroIntEnableOnly.constprop.261
                0x0000000000086833                PDM_vEnterCriticalSection
                0x0000000000086861                vAHI_SpiRestoreConfiguration.constprop.260
                0x00000000000868a2                vAHI_SpiReadConfiguration.constprop.257
                0x00000000000868d3                vConfigureSpi
                0x0000000000086913                bAHI_FullFlashRead
                0x0000000000086956                vOtaFlashRead
                0x0000000000086958                bAHI_FlashInit.constprop.256
                0x0000000000086ad0                zps_bAreCredPresent
                0x0000000000086b54                vOtaFlashInitHw
                0x0000000000086b56                bACI_ECBencodeStripe.constprop.250
                0x0000000000086c05                AESSW_vMMOFinalUpdate
                0x0000000000086cc8                AESSW_vHMAC_MMO
                0x0000000000086d66                zps_pvAesGetKeyFromInstallCode
                0x0000000000086ded                zps_vAplSecSetInitialSecurityState
                0x0000000000086f1c                ZPS_vSetKeys
                0x0000000000086fba                BDB_u8TlEncryptKey
                0x0000000000087042                vACI_OptimisedCcmStar.constprop.244
                0x000000000008722e                zps_eNwkRtDiscMatch.constprop.241
                0x0000000000087281                vMiniMac_MLME_SetReq_PanId
                0x00000000000872be                vMiniMac_MLME_SetReq_ShortAddr
                0x00000000000872cc                ZPS_u8MacPibGetBeaconPayload.constprop.213
                0x00000000000872e8                bGP_IsProxyTableEntryPresent.constprop.183
                0x000000000008735a                bGP_IsDuplicatePkt.constprop.182
                0x00000000000874aa                pvZCL_HeapAlloc.part.0.120785.constprop.110
                0x00000000000874e4                ZTIMER_eOpen.constprop.104
                0x0000000000087526                pvHeap_Alloc.constprop.98
                0x000000000008752b                zps_eSocMacSetTxBuffers
                0x0000000000087566                vAHI_UartReset.part.4.300841.constprop.46
                0x0000000000087592                psSearchList.106487.constprop.24
                0x00000000000875b5                zps_bAplZdoServerHandleConfirmAcks.constprop.8
                0x00000000000875ff                ZPS_eTsvStop
                0x000000000008763e                zps_vAplApsStopPollTimer
                0x00000000000876cd                ZPS_vDefaultApsdeResources
                0x000000000008773b                ZPS_vResetBoundServerContext
                0x000000000008773e                eEdTimeoutRequestDataDcfm.278746
                0x000000000008775f                ZPS_u8GetChannelOffset
                0x0000000000087792                u32GetScanChannels.isra.3.156113
                0x00000000000877c7                ZPS_u8MacIFTGetChannelMaskCount
                0x0000000000087807                i16JPT_ConvertEnergyTodBm
                0x0000000000087826                vMicroIntRestoreState
                0x0000000000087832                TSV_eStart
                0x0000000000087882                ZPS_eTsvStart
                0x00000000000878bf                zps_sZgpAddTxQueue
                0x00000000000879e0                zps_eNwkHandleSceNwkUpdate
                0x0000000000087a04                vNwkMcpsSendTimedDfcm
                0x0000000000087a48                zps_vAplApsCheckAndStartPollTimer
                0x0000000000087aa7                zps_eAplZdoBdrmRequestSend
                0x0000000000087b22                vProcessTimedList.279813
                0x0000000000087b69                zps_vNwkMcpsMgrPostTimed
                0x0000000000087b7c                zps_vAplAfPostTimerEvent
                0x0000000000087c1d                zps_vExpireOldRoutes
                0x0000000000087ca6                zps_eNwkBtrMatch
                0x0000000000087da3                PDM_vExitCriticalSection
                0x0000000000087dc6                bAHI_WriteEEPROMfixSegmentData
                0x0000000000087e24                bAHI_InitialiseEEPROM
                0x0000000000087e6c                vAHI_ReadDataFromEEPROMregister
                0x0000000000087e99                vAHI_WriteDataIntoEEPROMregister
                0x0000000000087ec9                iAHI_WriteDataIntoEEPROMsegment.constprop.246
                0x0000000000087f17                iPDM_WriteSegmentHeaderDataIntoEEPROMsegment
                0x0000000000087f46                u32RaiseDigitalVoltage
                0x0000000000087f66                u8AHI_WakeTimerFiredStatus
                0x0000000000087f7a                vAHI_WakeTimerStop.part.3.301087
                0x0000000000087f9a                vAHI_OptimiseWaitStates
                0x0000000000087fe6                bAHI_GetClkSource
                0x0000000000087ff3                vAHI_CpuDoze
                0x0000000000088006                vAHI_SwReset
                0x0000000000088037                vAHI_DioSetOutput
                0x000000000008804b                vAHI_DioSetDirection
 .text.unlikely
                0x0000000000088060       0xc8 C:\Users\akila\AppData\Local\Temp\ccuSZQzL.ltrans1.ltrans.o
                0x0000000000088075                vAHI_MemoryHold.300521
 .text          0x0000000000088128     0x1efc C:\Users\akila\AppData\Local\Temp\ccuSZQzL.ltrans2.ltrans.o
                0x0000000000088128                vPermitJoinHandleExpiry.283349
                0x0000000000088131                zps_bAplZdoNodeDescServer
                0x00000000000882a4                zps_bAplZdoPowerDescServer
                0x00000000000883c9                zps_bAplZdoActiveEpServer
                0x00000000000884b3                zps_bAplZdoSystemServerDiscoveryServer
                0x0000000000088540                boIdValueSearchMatch.268419
                0x0000000000088692                bGP_AliasPresent
                0x00000000000887de                zps_vNwkHandleCmeGetInterface
                0x000000000008892c                vZdoServersInit.2366
                0x0000000000088ae4                APP_cbToggleLED
                0x0000000000088b7e                vPostVsMcpsDcfmInd.165192
                0x0000000000088c0b                zps_bAplZdoSimpleDescServer
                0x0000000000088e5a                vZGPParseMacMcpsData
                0x0000000000089007                u16ZCL_APduInstanceWriteStringNBO.part.0.108702
                0x00000000000890e6                u16ZCL_APduInstanceReadStringNBO
                0x00000000000891be                eZCL_GetAttributeTypeSizeFromBuffer
                0x0000000000089238                u16ZCL_GetTxPayloadSize
                0x0000000000089270                zps_bAplZdpUnpackNodeDescResponse
                0x0000000000089333                u8ZdoEndDeviceBindServerUnpackApdu
                0x00000000000893c3                vZdoEndDeviceBindStateIdle
                0x00000000000896f0                u8ZdoBindUnbindServerUnpackApdu
                0x000000000008973f                ZPS_vMacPibSetBeaconPayload.constprop.225
                0x0000000000089774                zps_vInitBeaconPayload
                0x00000000000897cf                iPDM_ReadUserDataFromEEPROMsegment
                0x0000000000089849                iPDM_ReCalculateWearCountAndChecksumAndWriteFileSystemHeader
                0x0000000000089893                vPDM_SetEEPROMandFileSystemValidState
                0x00000000000898ba                iPDM_ReadUserDataFromFileSystemRecord
                0x00000000000898da                iPDM_CompareDataInFileRecords.268679
                0x0000000000089916                iPDM_ReadSegmentHeaderDataFromEEPROMsegment
                0x000000000008996f                eOtaFindCluster.constprop.210
                0x00000000000899b9                eOTA_GetOtaHeader.part.9.97496
                0x0000000000089a4c                bGP_GPDFValidityCheck
                0x0000000000089bf3                vGP_RemoveGPDFromProxySinkTable
                0x0000000000089c70                vGP_RestorePersistedData
                0x0000000000089cf6                bGP_CheckFrameToBeProcessed
                0x0000000000089d39                vPDM_WriteFileSystemRecordAndSegmentDataIntoEEPROMsegment
                0x0000000000089d74                eCLD_GroupsCreateGroups.constprop.132
                0x0000000000089ea9                zps_vNwkMcpsMgrInit
                0x0000000000089f4b                ZPS_u16NwkNibFindNwkAddr
                0x0000000000089fec                vGiveUp.293043
 .text          0x000000000008a024     0x29ee C:\Users\akila\AppData\Local\Temp\ccuSZQzL.ltrans3.ltrans.o
                0x000000000008a024                vMMAC_IntHandlerBbc
                0x000000000008a03e                eBasicTxCompleteHandler
                0x000000000008a043                vTxRxTimeout.299042
                0x000000000008a0a0                eSmeUDNTScanDcfm.288952
                0x000000000008a0bc                vNwkMcpsTimerCallback
                0x000000000008a0d6                zps_eSceGenlIllegal
                0x000000000008a0dd                zps_eSmeGenlIllegal
                0x000000000008a0e4                zps_bAplZdoBindRequestServer
                0x000000000008a21c                vZdoEndDeviceBindTimeoutSecondMessage
                0x000000000008a230                vPostMcpsDcfmInd.165185
                0x000000000008a233                psGetVsMcpsBuf.165189
                0x000000000008a23c                psGetMlmeBuf.165175
                0x000000000008a245                psGetMcpsBuf.165182
                0x000000000008a24e                zps_vExpireRequestKeyReq.156036
                0x000000000008a2c8                psGetNlmeBuf.146319
                0x000000000008a2d1                psGetNldeBuf.146340
                0x000000000008a2da                psGetApsmeBuf.146326
                0x000000000008a2e0                psGetApsdeBuf.146333
                0x000000000008a2e6                zps_bAplZdoEndDeviceBindServer
                0x000000000008a39f                ZPS_vInterceptMcpsDataCallback
                0x000000000008a405                vLoopbackTimerCallback
                0x000000000008a434                bIssueACIcommand
                0x000000000008a4ca                bACI_WriteKey
                0x000000000008a4d7                vACI_CmdWaitBusy
                0x000000000008a4e4                vEcbEncodeStripe.300301
                0x000000000008a53b                MAC_u64GetExtAddr
                0x000000000008a556                eAppApiDefPlmeGet.part.0.299305
                0x000000000008a565                psSearchForFrameToSend
                0x000000000008a5bd                eMiniMac_FrameInProgress
                0x000000000008a5e8                vRemoveFromTxQueue
                0x000000000008a624                vAddToTxQueue
                0x000000000008a65a                u8GetHeaderSize
                0x000000000008a682                vMiniMac_PLME_SetReq_CcaMode
                0x000000000008a696                vMiniMac_MLME_SetReq_MaxCsmaBackoffs
                0x000000000008a6b6                vMiniMac_MLME_SetReq_MaxBe
                0x000000000008a6d9                vMiniMac_MLME_SetReq_MinBe
                0x000000000008a6fc                zps_psFormatCmdFrameGeneral
                0x000000000008a7aa                zps_eNwkFormStInit
                0x000000000008a7d7                bCheckMatchingEntry.289704
                0x000000000008a7fd                zps_psNwkSlistRemoveFromHead
                0x000000000008a814                zps_psNwkSlistRemove
                0x000000000008a84c                zps_bNwkMcpsMgrRemoveDescrFromLists
                0x000000000008a88a                zps_vNwkSlistAddToTail
                0x000000000008a8a4                zps_vNwkMcpsMgrFreeReqDescr
                0x000000000008a8da                zps_vNwkRemoveConflictedBroadcast
                0x000000000008a92f                ZPS_pvNwkSecGetNetworkKey
                0x000000000008a963                ZPS_bNwkSecHaveNetworkKey
                0x000000000008a997                ZPS_bNwkSecFindMatSet
                0x000000000008a9d3                zps_eNwkRctMatchNwkAddr
                0x000000000008aa3d                ZPS_u8NwkCalcNldeReqOverhead
                0x000000000008aa78                zps_vRemoveNextHop
                0x000000000008ab2d                zps_vRemoveRoute
                0x000000000008abc4                zps_psNwkRtMatchNwkAddr
                0x000000000008ac3a                zps_vNwkFreeMcpsHandle
                0x000000000008ac64                zps_u8NwkAllocateMcpsHandle
                0x000000000008acb5                zps_psNwkMcpsMgrFindPendingByNwkDstAddr
                0x000000000008accb                ZPS_u64NwkNibGetMappedIeeeAddr
                0x000000000008acfb                ZPS_vNwkSecResetDevice
                0x000000000008ad43                ZPS_bNwkNibNtActvMatch
                0x000000000008adf5                ZPS_u64NwkNibFindExtAddr
                0x000000000008ae9b                bCheckNwkAddr
                0x000000000008aee4                bIsBindTableMatch.150520
                0x000000000008af4c                eRemoveEntryInBindingTable.150524
                0x000000000008afd0                zps_bAplZdoTrustCenterGetDevicePermissions
                0x000000000008b01d                zps_eAplTrustCenterFindDevice
                0x000000000008b061                ZPS_vSetExtendedStatus
                0x000000000008b073                zps_eNwkRtMatch
                0x000000000008b181                eAllocateNPDU.141476
                0x000000000008b1e4                PDUM_eNPduClone
                0x000000000008b230                PDUM_hAPduAllocateAPduInstance
                0x000000000008b28a                hZCL_AllocateAPduInstance
                0x000000000008b2c7                zps_eAplZdoSendZdpResponse
                0x000000000008b310                zps_bAplZdoMgmtLqiServer
                0x000000000008b546                zps_bAplZdoMgmtRtgServer
                0x000000000008b687                bSendResponse.185927
                0x000000000008b6ca                zps_psApsApsAllocateDcfmRecord
                0x000000000008b738                zps_u8CalcLinkCost
                0x000000000008b774                ZPS_u8NwkNibNtDiscMatch
                0x000000000008b858                zps_u8NwkLibChannelLow
                0x000000000008b867                zps_u64NwkLibFromPayload
                0x000000000008b8a6                psAddToDiscNt.289500
                0x000000000008ba42                eSmeUDNTBeaconInd.289507
                0x000000000008ba67                zps_vNwkLibU64ToPayload
                0x000000000008ba94                zps_eNwkDcfmIndPost
                0x000000000008bab6                zps_psNwkDcfmIndGetBuf
                0x000000000008bad8                zps_eNwkHandleSmePollDcfm
                0x000000000008bb02                zps_vSendJoinInd
                0x000000000008bb70                vSendDcfm.290255
                0x000000000008bb94                eSmeEdScScanDcfm.289511
                0x000000000008bbdd                eSmeGenlScanDcfm.289515
                0x000000000008bc3b                zps_eNwkHandleSmeDutyCycleInd
                0x000000000008bc63                eRouteRequestDataDcfm.284571
                0x000000000008bcb7                eNldeDataDcfm.282289
                0x000000000008bce7                zps_vSendNwkStatusInd
                0x000000000008bd18                eLeaveDataDcfmRemoteLeave.275797
                0x000000000008bd73                psSLISTsearch
                0x000000000008bdb3                psSLISTremove
                0x000000000008be31                psSLISTgetNext
                0x000000000008be55                iSLISTnumberOfNodes
                0x000000000008be6c                u8PDM_ReadSequenceNumber
                0x000000000008be8f                boSegmentNumberDeleteSearchMatch.268866
                0x000000000008beaa                u8PDM_ReadSegmentDataSize
                0x000000000008bebe                u32PDM_ReadFileSystemHeaderWearCount
                0x000000000008bed4                boSearchForWearCountSubstitute.269557
                0x000000000008befa                boSearchForWearCountInsertPoint.268415
                0x000000000008bf18                vPDM_WriteFileSystemHeaderWearCount
                0x000000000008bf2a                vPDM_ReadBitmapHeader.267437
                0x000000000008bf49                RND_u32GetRand256
                0x000000000008bf66                RND_u32GetRand
                0x000000000008bf8e                BDB_u8TlGetRandomPrimary
                0x000000000008bffa                u16CalculateFailedTxCount
                0x000000000008c02a                vZdoIeeeAddrServerSendExtendResponse.part.0.170635
                0x000000000008c08e                vZdoNwkAddrServerSendExtendResponse.part.0.169369
                0x000000000008c0f2                vReset_StateMachine.168061
                0x000000000008c136                bFindMatch.168018
                0x000000000008c194                zps_bPerformLeaveActionDecider
                0x000000000008c199                vHandleUpdateDeviceIndication.156068
                0x000000000008c1c3                zps_vByteCopy.part.2.152208
                0x000000000008c1df                zps_vByteCopy
                0x000000000008c1f7                bDuplicateCheck.152016
                0x000000000008c304                zps_vAplApsInitDuplicateTable
                0x000000000008c327                zps_vInitAPSMECmdHdr
                0x000000000008c361                psApsmeRequestKeyGetHandle
                0x000000000008c3bc                eHandleRemoveNonBroadcastEndpointsFromGroup.150500
                0x000000000008c434                eHandleAddEntryToGroupTable.150487
                0x000000000008c490                zps_vAplApsInitFragTransmitPool
                0x000000000008c4b1                zps_vAplApsFillAndPostApsAck
                0x000000000008c51b                zps_u8AplApsFreeMsgHandle
                0x000000000008c585                zps_vAplApsInitSyncMsgPool
                0x000000000008c5bd                u8BlocksToSendInWindow.147747
                0x000000000008c60f                zps_vAplApsInitFragReceivePool
                0x000000000008c632                zps_vAplApsFragReceiveFree.146020
                0x000000000008c64a                vFillDataIndStruct.145997
                0x000000000008c6a8                vFillApduErrorEvent.145990
                0x000000000008c6eb                bCheckProfile.145985
                0x000000000008c732                vWrite64Nbo
                0x000000000008c75f                vWrite32Nbo
                0x000000000008c777                ZPS_bIsGroupPresent
                0x000000000008c7af                PDUM_u16APduInstanceWriteStrNBO
                0x000000000008c92e                PDUM_eNPduReadHeaderNBO
                0x000000000008c981                PDUM_eNPduReadFooterNBO.part.5.141545
                0x000000000008c9c6                PDUM_u16APduInstanceReadNBO
 .text          0x000000000008ca12     0x1dfc C:\Users\akila\AppData\Local\Temp\ccuSZQzL.ltrans4.ltrans.o
                0x000000000008ca12                eSmeASFlBeaconInd.289523
                0x000000000008cdbc                zps_bAplZdoMatchDescServer
                0x000000000008cdd0                eSmeAcScBeaconInd.289531
                0x000000000008cee0                zps_vNwkHandleCmePermitJoinReq
                0x000000000008cf48                zps_vFragmentWindowTimeout.145981
                0x000000000008d060                vMiniMac_ReturnTxBufferCallback
                0x000000000008d08c                vPostTxActions.299088
                0x000000000008d0c9                vMiniMac_McpsCallback
                0x000000000008d37f                eMcpsTxCompleteHandler.298010
                0x000000000008d3ad                eZCL_WriteLocalAttributeValue.constprop.26
                0x000000000008d483                boPDM_IsBitmapSaturated.267472
                0x000000000008d4cc                ZPS_u8MacIFTAddUpdateChannelMask
                0x000000000008d566                ZPS_u16MacIFTGetIDByChannelMask
                0x000000000008d5ac                zps_eAplAibSetApsChannelMask
                0x000000000008d5d7                zps_psAllocateAndFormatMacHdr
                0x000000000008d93a                zps_psNwkInitCmdFrame
                0x000000000008d9b9                eSendLinkStatusDataDcfm.part.1.277488
                0x000000000008dae0                iPDM_SearchForBufferIdInList
                0x000000000008db15                iPDM_ReadUserDataFromSegmentOnListWithId
                0x000000000008db53                iPDM_SearchForBufferIdInFileSystem
                0x000000000008db66                iPDM_ReadUserDataFromSegmentWithId
                0x000000000008db9b                PDM_eReadDataFromRecord
                0x000000000008dc21                ZPS_vTcInitFlash.constprop.178
                0x000000000008dc8e                APP_vConfigureDevice
                0x000000000008dd6c                vLoadAplRecord.156097
                0x000000000008dd9a                vLoadNwkRecord.280789
                0x000000000008ddd2                iPDM_SearchForSpecificSegmentInList
                0x000000000008de04                bPDM_FindLastMarkerSegment.268708
                0x000000000008de51                vEnableReceive.299044
                0x000000000008de8a                psGetTxFrameBuffer
                0x000000000008dec6                psGetAndBuildCoordRealignment
                0x000000000008df1e                vMMAC_RadioToOffAndWait
                0x000000000008df3b                vStartReceive
                0x000000000008df56                eOrphanNotificationSent.298685
                0x000000000008df9f                vSetChannelAndPower
                0x000000000008e027                vMiniMac_PLME_SetReq_Power
                0x000000000008e03b                vMiniMac_PLME_SetReq_Channel
                0x000000000008e043                PWRM_vWakeInterruptCallback
                0x000000000008e0ca                vApp_GP_RegisterDevice.constprop.111
                0x000000000008e31d                eOTA_NewImageLoaded.part.4.97483.constprop.206
                0x000000000008e387                vAppInitOTA
                0x000000000008e461                eCopyFragmentToApdu.isra.0.146029
                0x000000000008e583                u16ZCL_APduInstanceWriteNBO
                0x000000000008e60f                u16ZCL_WriteCommandHeader
                0x000000000008e687                u16ZCL_APduInstanceReadNBO
                0x000000000008e76c                u16ZCL_ReadCommandHeader.part.0.111724
                0x000000000008e7e3                u16ZCL_ReadCommandHeader
                0x000000000008e7f1                eCLD_OnOffCommandHandler
 .text          0x000000000008e80e     0x1cfa C:\Users\akila\AppData\Local\Temp\ccuSZQzL.ltrans5.ltrans.o
                0x000000000008e80e                eSmeAcScBeaconInd.289709
                0x000000000008e8b1                eBeaconReqSent.298689
                0x000000000008eca7                vZgpSendTxAfterRx
                0x000000000008ed96                zps_bAplZdoIeeeAddrServer
                0x000000000008eef2                zps_bAplZdoNwkAddrServer
                0x000000000008f085                vPDM_AddFileSystemElementToListInAscendingWearCountOrder
                0x000000000008f1ad                iPDM_GetWearLevelledBuffer
                0x000000000008f280                iPDM_WriteSegmentHeaderAndData
                0x000000000008f3ce                vSendToTxQueue
                0x000000000008f74b                UART_vSetTxInterrupt
                0x000000000008f84d                vSL_WriteMessage
                0x000000000008f8c8                APP_vIdentifyEffectEnd
                0x000000000008f8f3                app_vFormatAndSendUpdateLists
                0x000000000008fd21                vSL_LogSend
                0x000000000008fdc9                vReportException
                0x000000000008fed7                vLogFlush.9626
                0x000000000008fef6                PWRM_vManagePower
                0x0000000000090034                zps_u8AplApsConstructAndPostLoopBackDataInd.148943
                0x000000000009016d                u8PostUnicastMsgToNHLE.148951
                0x00000000000901a6                eCLD_GroupsSetIdentifying
                0x00000000000901d9                vCLD_IdentifyTimerClickCallback.30737
                0x0000000000090257                eZCL_ReadLocalAttributeValue.constprop.36
                0x000000000009032e                vFreePendingReqDescr
                0x0000000000090398                vHandleRouteDiscoveryExpiry.284110
                0x00000000000903f6                eHandleRemoveBroadcastEndpointsFromGroup.150483
                0x0000000000090450                bAHI_FullFlashProgram
                0x0000000000090506                vOtaFlashWrite
 .text.unlikely
                0x0000000000090508       0x47 C:\Users\akila\AppData\Local\Temp\ccuSZQzL.ltrans5.ltrans.o
                0x0000000000090508                APP_vIdentifyEffect
 .text          0x000000000009054f     0x215f C:\Users\akila\AppData\Local\Temp\ccuSZQzL.ltrans6.ltrans.o
                0x000000000009054f                zps_vAplSaveRecord
                0x00000000000905fd                zps_eAplApsmeUnBindReqRsp
                0x00000000000906a1                zps_eAplZdoGroupEndpointRemove
                0x0000000000090732                zps_eAplApsmeRemoveAllGroupsReqRsp
                0x0000000000090773                zps_eAplAibSetApsTrustCenterAddress
                0x0000000000090789                zps_vAplTrustCenterInit
                0x00000000000908f2                zps_bNwkFindAddIeeeAddr
                0x0000000000090a7a                vInitUnknownNeighbor.279820.constprop.71
                0x0000000000090ad3                eMakeEntryInBindingTable.isra.2.150534
                0x0000000000090b6e                zps_bAplZdoTrustCenterSetDevicePermissions
                0x0000000000090c2f                zps_eAplZdoAddReplaceLinkKey_W
                0x0000000000090cf3                zps_eNwkHandleSceLinkStatus
                0x0000000000090e27                ZPS_bNwkNibAddrMapAddEntry
                0x0000000000090fdc                zps_vAgeRouter
                0x0000000000091015                zps_eNwkHandleSdeActvDcfmData
                0x000000000009119a                vMcpsMgrTimeoutExpiry
                0x0000000000091204                zps_vNwkSecondTickHandleExpiry
                0x00000000000913ef                zps_eNwkHandleSceRouteRequest
                0x00000000000918c3                zps_sNwkNibNtCheckJoin.part.8.281535
                0x0000000000091b7c                zps_vNwkHandleCmeDirectJoinReq
                0x0000000000091c25                zps_vJoinInitNtParent
                0x0000000000091e09                zps_vCheckActvNtForDuplicate
                0x0000000000091ea9                eSmeOrphScanDcfm.293514
                0x0000000000091f21                eCheckAddrConflict.isra.7.278875
                0x0000000000091fbc                zps_vSaveAllZpsRecords
                0x0000000000091fdc                ZPS_vSetDevicePreviousData.constprop.141
                0x000000000009215b                vAplSecRemoveLinkKey.156153
                0x00000000000922db                ZPS_vNMPurgeEntry
                0x000000000009249c                zps_u8NwkHandleRejoinReq
                0x000000000009255c                vContinueRejoin.292209
                0x0000000000092603                zps_vProcessLocalAddrConflict
 .text          0x00000000000926ae     0x1dec C:\Users\akila\AppData\Local\Temp\ccuSZQzL.ltrans7.ltrans.o
                0x00000000000926ae                vHandleEdTimeoutReqExpiry.278612
                0x0000000000092757                vHandleNwkLocalUpdateAfterBcast.278625
                0x00000000000927aa                vHandleNwkRemoteUpdateAfterBcast.278616
                0x00000000000927fe                eSmeAcScScanDcfm.290266
                0x0000000000092b74                ZPS_pvNwkCtor.constprop.223
                0x000000000009305b                ZPS_vNwkHandleNlmeReqRsp
                0x00000000000930d8                zps_vAplAfPostEvent
                0x0000000000093297                vZGPcStubMcpsInd.269839
                0x0000000000093b12                vPostApsdeDcfmInd.146336
                0x0000000000093d05                vZGPdCfm
                0x0000000000093d3b                vZgpAgeTxQueue
                0x0000000000093dea                vHandleApsInterPanDcfmData
                0x000000000009405b                vApsInterPanMcpsDataInd
                0x0000000000094202                zps_eAplZdoNlmePermitJoiningWrapper
                0x000000000009422a                zps_bAplZdoPermitJoiningServer
                0x0000000000094301                vStartScanTimerExpiry.187190
                0x000000000009433d                vChangeChannelTimerExpiry.187194
                0x00000000000943b5                eLeaveReset.275802
                0x0000000000094420                eLeaveDataDcfmLocalLeave.275807
 *fill*         0x000000000009449a        0x2 00
 .text          0x000000000009449c     0x1c5c C:\Users\akila\AppData\Local\Temp\ccuSZQzL.ltrans8.ltrans.o
                0x000000000009449c                vMiniMac_MlmeCallback
                0x0000000000094694                vSendMlmeCommStatusFromTxFrame
                0x00000000000946ea                zps_vSocMacHandleMlmeVsReqRsp.constprop.233
                0x0000000000094c1f                zps_sNwkStart
                0x0000000000094d29                zps_vNwkHandleCmeActvStartRouterReq
                0x0000000000094dc0                zps_sNwkLibSubmitScan
                0x0000000000094df9                zps_vNwkHandleCmeIdleNwkFormReq
                0x0000000000094f0a                zps_vNwkHandleCmeNwkDiscReq
                0x0000000000094f84                zps_vNwkDiscUpdateNT
                0x0000000000095028                zps_eNwkHandleSmeBeaconNotifyInd
                0x00000000000950b6                zps_eNwkHandleSceNwkReport
                0x000000000009513c                eSmeEdScScanDcfm.290259
                0x00000000000951ec                zps_vNwkHandleCmeEdScanReq
                0x00000000000955fa                vScanBeaconReceived
                0x0000000000095639                vRunningRxCallback
                0x000000000009593b                vPostDcfm.298706
                0x00000000000959a4                vScanNextChannel.298693
                0x0000000000095b4a                PDM_vDeleteAllDataRecords
                0x0000000000095bf4                APP_vSendJoinedFormEventToHost
                0x0000000000095cae                zps_bGetFlashCredential
                0x0000000000095da3                zps_psFindKeyDescr
                0x0000000000095f10                zps_eAplApsmeBindReqRsp
                0x0000000000095fe3                zps_eAplZdoBind
                0x0000000000096077                zps_eAplZdoUnbind
 .text.unlikely
                0x00000000000960f8      0x2d0 C:\Users\akila\AppData\Local\Temp\ccuSZQzL.ltrans8.ltrans.o
                0x00000000000960f8                APP_vFactoryResetRecords
 .text          0x00000000000963c8     0x1bdb C:\Users\akila\AppData\Local\Temp\ccuSZQzL.ltrans9.ltrans.o
                0x00000000000963c8                vPDM_MoveAllDataToDeAllocList.constprop.263
                0x00000000000963f3                vPDM_DeleteAppendedSequence
                0x0000000000096495                iPDM_ReplaceChangedSegmentInSequence
                0x0000000000096598                PDM_eSaveRecordData
                0x0000000000096940                ZPS_vNwkSaveRecord
                0x000000000009696c                ZPS_vRemoveEntryFromAddressMap
                0x00000000000969b5                ZPS_vNwkSaveAllRecords
                0x00000000000969df                ZPS_vNwkNibSetNwkAddr
                0x0000000000096a08                zps_eNwkHandleSceRejnResponse
                0x0000000000096a65                ZPS_vNwkNibSetExtPanId
                0x0000000000096a96                ZPS_vNwkNibSetKeySeqNum
                0x0000000000096aa9                ZPS_vNwkNibSetDepth
                0x0000000000096adf                ZPS_vNwkNibSetUpdateId
                0x0000000000096b09                vSendNetworkUpdate.278608
                0x0000000000096c3e                ZPS_vNwkNibSetPanId
                0x0000000000096c5c                ZPS_vNwkNibSetCapabilityInfo
                0x0000000000096c89                ZPS_vNwkNibSetChannel
                0x0000000000096ca7                vTlSendEndDeviceJoinRequest.136623.constprop.192
                0x0000000000096e8c                vTlSendRouterJoinRequest.136617.constprop.191
                0x000000000009706b                vGP_SendResponseGPDF
                0x000000000009719b                vTlEndCommissioning.136645
                0x00000000000971e2                ZPS_vNwkNibSetAuxChannel
                0x00000000000971fb                zps_vNwkHandleCmeSetInterface
                0x00000000000973a9                ZPS_vNwkSaveNt
                0x00000000000973e5                ZPS_vNwkPurgeMacAddressAndRelatedEntries.part.5.281402
                0x00000000000974f6                ZPS_vNtSetUsedStatus
                0x00000000000975c4                zps_bAplZdoParentAnnceServer
                0x000000000009775e                zps_vBuildSortedActvNTList
                0x000000000009782a                zps_eNwkHandleSceLeave
                0x00000000000979c6                zps_vNwkHandleCmeLeaveReq
                0x0000000000097ae4                zps_vCleanUnAuthenHandleExpiry
                0x0000000000097c11                eUnsolicitedRejoinRspDataDcfm.278620
                0x0000000000097c3c                eRejoinRspDataDcfm.292213
                0x0000000000097ce8                vFinish.293501
                0x0000000000097d3e                zps_eNwkHandleSceNwkEdTimeoutReq
                0x0000000000097e39                zps_eNwkHandleSmeCommStatusInd
                0x0000000000097ef3                ZPS_vNwkSaveSecMat
                0x0000000000097f07                iPDM_VerifyDataSequenceWithBufferId
 .text          0x0000000000097fa3     0x1c40 C:\Users\akila\AppData\Local\Temp\ccuSZQzL.ltrans10.ltrans.o
                0x00000000000982db                zps_eNwkHandleSmeAssocInd
                0x0000000000098309                zps_eNwkHandleSceRejnRequest
                0x0000000000098396                u8GP_SecurityProcessCallback
                0x000000000009862b                vMcpsMgrExpiry.279736
                0x000000000009868a                vBbcIntHandler.297580
                0x0000000000098970                eAssocRespSent.297898
                0x000000000009898f                zps_vNwkHandleCmeSyncReq
                0x0000000000098bfe                zps_eRejoinDataDcfm
                0x0000000000098cbb                eSmeAsocAssocDcfm.293669
                0x0000000000098d3f                eSmeRjPCPollDcfm.293665
                0x0000000000098d80                eSceRjRsRejoinRsp.293632
                0x0000000000098e58                zps_vZgpDeviceActiveTimerExpiry
                0x0000000000098f34                vTransformKey.isra.0.152203
                0x0000000000098f9f                zps_eAplSecEncryptPacket
                0x0000000000099094                ZPS_vNwkHandleNldeReqRsp
                0x00000000000993a0                zps_eAplSendApsmeCmdFrame
                0x0000000000099514                zps_eAplApsmeUpdateDeviceReqRsp.part.4.150633
                0x0000000000099662                zps_eAplZdoNlmeleaveWrapper
                0x0000000000099729                zps_bAplZdoMgmtLeaveServer
                0x000000000009991e                vHandleRemoveDeviceIndication
                0x0000000000099a4a                zps_eAplApsmeRemoveDeviceReqRsp
                0x0000000000099ab3                zps_vAplApsmeCmdMgrRetryTimeout.150460
                0x0000000000099ae0                zps_eAplZdoGroupEndpointAdd
 *fill*         0x0000000000099be3        0x1 00
 .text          0x0000000000099be4     0x1cbc C:\Users\akila\AppData\Local\Temp\ccuSZQzL.ltrans11.ltrans.o
                0x000000000009a058                vZCL_EventHandler
 .text          0x000000000009b8a0     0x1d9e C:\Users\akila\AppData\Local\Temp\ccuSZQzL.ltrans12.ltrans.o
                0x000000000009b8a0                vPDM_MoveAllDataFromListToList
                0x000000000009b8de                vPDM_MoveAllDataWithBufferIdAndStateFromListToList
                0x000000000009b969                vPDM_MoveAllDataWithBufferIdFromListToList
                0x000000000009ba2a                vPDM_DeleteSegmentsWithIdFromFileSystem
                0x000000000009ba4b                PDM_vDeleteDataRecord
                0x000000000009ba82                vPDM_MoveFileRecordFromListToList
                0x000000000009baa6                iPDM_SelectValidFileRecordInstance.268263
                0x000000000009bb92                iPDM_CreateCandidateBufferList
                0x000000000009bc96                vPDM_MoveRecordToDeAllocList
                0x000000000009bcb6                vIncrementFrameCounterInPdm.isra.0.281241
                0x000000000009bfab                ZPS_vNwkMacDataPollRequest
                0x000000000009c142                vProcessListsForSubmission.279909
                0x000000000009c38c                zps_vNwkMcpsMgrPost
                0x000000000009c5a0                zps_vNwkHandleCmeRouteDiscoveryReq
                0x000000000009c76e                zps_psSendFrm
                0x000000000009cacc                zps_psSendBroadcastFrm.part.0.290944
                0x000000000009cb34                zps_eNwkHandleSceRouteRecord
                0x000000000009cc2b                zps_psNwkSendLeaveCmd
                0x000000000009cc93                zps_psNwkPropagateLocalLeave
                0x000000000009ccbb                zps_psSendNetworkStatusCmd
                0x000000000009cd28                zps_eDefaultDataDcfm
                0x000000000009ce1a                vSendNetworkReport.278604
                0x000000000009cef8                psSendRouteReplyCmd.284553
                0x000000000009d00a                zps_eNwkHandleSceRouteReply
                0x000000000009d2dd                zps_psSendNetworkLinkPowerDelta.285979
                0x000000000009d36f                zps_eNwkHandleSceNwkLinkPowerDelta
                0x000000000009d389                zps_psNwkSendRejoinReqCmd
                0x000000000009d407                iPDM_ReconstructAtRunTimeReplacedDataTable
                0x000000000009d547                iPDM_ReconstructReplacedDataTable
 *fill*         0x000000000009d63e        0x2 00
 .text          0x000000000009d640     0x1afc C:\Users\akila\AppData\Local\Temp\ccuSZQzL.ltrans13.ltrans.o
                0x000000000009d9ab                vApsmeResendTimeOutHandler
                0x000000000009d9da                ZPS_vAplHandleApsdeReqRsp
                0x000000000009ddf3                zps_eAplZdpApsdeReqInternal
                0x000000000009de62                zps_eAplZdpRequestApsdeReq
                0x000000000009ded7                zps_eAplZdpDeviceAnnceRequest.part.0.202446
                0x000000000009df24                zps_eAplZdoStartRouter
                0x000000000009dfce                zps_bAplZdoDefaultServer
                0x000000000009e28b                zps_eZdpEndDeviceBindResponse
                0x000000000009e2ac                zps_eAplZdpBindResponse
                0x000000000009e2cd                zps_eZdpUnbindResponse
                0x000000000009e2ee                zps_eZdpMgmtLeaveResponse
                0x000000000009e30f                zps_eZdpMgmtPermitJoiningResponse
                0x000000000009e330                zps_eAplApsmeTransportKeyReqRsp.constprop.140
                0x000000000009e4cb                zps_vAplTrustCenterUpdateDevice
                0x000000000009e6ef                zps_vAplTrustCenterRequestKey
                0x000000000009e8af                vPostNlmeDcfmInd.146322
                0x000000000009f03d                vNsTclkSendReqKey.134473
                0x000000000009f0ef                zps_eAplZdoLeaveNetwork
                0x000000000009f124                vNsLeaveNwk.134475
 .text          0x000000000009f13c     0x1bb0 C:\Users\akila\AppData\Local\Temp\ccuSZQzL.ltrans14.ltrans.o
                0x000000000009f13c                zps_vNwkHandleCmeNwkJoinReq
                0x000000000009f473                zps_vNwkHandleCmeNwkActvJoinReq
                0x000000000009f54d                zps_eNwkHandleSmeOrphanInd
                0x000000000009f744                zps_eNwkSendJoinResponse
                0x000000000009f92a                zps_vProcessChildAddrConflict
                0x000000000009f9f0                zps_eProcessAddrConflict
                0x000000000009fb99                ZPS_vNwkNibCheckAndUpdateAddresses
                0x000000000009fc3a                zps_bAplZdoDeviceAnnceServer
                0x000000000009feea                zps_eNwkHandleSceNwkStatus
                0x00000000000a007e                eRejoinNetwork.156115
                0x00000000000a0142                eStartNetworkDiscovery.156127
                0x00000000000a01aa                zps_eAplZdoStartStack
                0x00000000000a028d                ZPS_eAplAfInit
                0x00000000000a0a4c                zps_eAplZdoDiscoverNetworks
                0x00000000000a0abd                eStartRouter
                0x00000000000a0bae                vHandleNwkKeyTransport.156486
 .text          0x00000000000a0cec     0x1e24 C:\Users\akila\AppData\Local\Temp\ccuSZQzL.ltrans15.ltrans.o
                0x00000000000a0cec                AppColdStart
 .text          0x00000000000a2b10     0x1d8f C:\Users\akila\AppData\Local\Temp\ccuSZQzL.ltrans16.ltrans.o
                0x00000000000a2b10                zps_bAplZdoBindUnbindServer
                0x00000000000a2df4                zps_bAplZdoMgmtBindServer
                0x00000000000a2ff6                zps_eZdpNodeDescResponse
                0x00000000000a309e                zps_eZdpParentAnnceResponse
                0x00000000000a3140                zps_eZdpPowerDescResponse
                0x00000000000a31dd                zps_eZdpSimpleDescResponse
                0x00000000000a32ea                zps_eZdpActiveEpResponse
                0x00000000000a3380                zps_eZdpMatchDescResponse
                0x00000000000a3416                zps_eZdpSystemServerDiscoveryResponse
                0x00000000000a3485                zps_eAplZdpMgmtLqiResponse
                0x00000000000a3595                zps_eZdpNwkAddrResponse
                0x00000000000a367d                zps_eZdpIeeeAddrResponse
                0x00000000000a3765                zps_eAplZdpMgmtRtgResponse
                0x00000000000a38f4                zps_bAplZdoMgmtNWKUpdateServer
                0x00000000000a3dfb                ZPS_vSecondTimerCallback
                0x00000000000a4061                vZdoEndDeviceBindStateWaitSendWithAck
                0x00000000000a439b                zps_bAplZdoZdoClient
                0x00000000000a4548                zps_eAplZdpMgmtPermitJoiningRequest.constprop.176
                0x00000000000a45e8                vNsSendPermitJoin.134465
                0x00000000000a4640                zps_eAplZdpNodeDescRequest.constprop.171
                0x00000000000a46ad                vGP_SendDeviceAnnounce
                0x00000000000a4795                zps_eAplFormDistributedNetworkRouter
 .text          0x00000000000a489f     0x1cea C:\Users\akila\AppData\Local\Temp\ccuSZQzL.ltrans17.ltrans.o
                0x00000000000a4a30                vMiniMac_NextTransaction
                0x00000000000a4a9a                ZPS_bSecDecrypt
                0x00000000000a4b8b                zps_vNwkMcpsMgrTidyBtrReqDescr
                0x00000000000a4bd0                vNwkBttTimerExpiry.287664
                0x00000000000a4cf2                eZCL_SetReceiveEventAddressStructure
                0x00000000000a4d71                eCLD_ThermostatCommandHandler
                0x00000000000a4dbd                dbg_vPrintfImplNoneVerbose
                0x00000000000a5244                vShowException
                0x00000000000a5306                ZPS_bSecEncrypt
                0x00000000000a54b7                zps_vAplApsFragTransmitNotifyApp.148899
                0x00000000000a5554                zps_vHandleExtendedDataAckFrame
                0x00000000000a5639                bAHI_FlashEraseSector
                0x00000000000a56b4                vOtaFlashErase
                0x00000000000a56b6                eTransmit
                0x00000000000a5784                vRetryCcaFailure
                0x00000000000a57d1                zps_vSocMacHandleMcpsVsReqRsp.constprop.249
                0x00000000000a5960                eZCL_TransmitInterPanRequest.constprop.194
                0x00000000000a5b8b                vTlSendDeviceInfoReq.136604
                0x00000000000a5bc5                vTlSendScanResponse.136598.constprop.186
                0x00000000000a5d51                eCLD_ZllCommissionCommandNetworkStartRspCommandSend.constprop.190
                0x00000000000a5da6                eBuildAndSend.298695
                0x00000000000a5e1b                vMiniMac_TxComplete
                0x00000000000a5f0e                zps_vDefaultNwkLayer
                0x00000000000a6143                ZPS_vMacPibSetRxOnWhenIdle
                0x00000000000a614c                vTimerFired
                0x00000000000a6221                vMiniMac_Init
 .text.unlikely
                0x00000000000a6589      0x13b C:\Users\akila\AppData\Local\Temp\ccuSZQzL.ltrans17.ltrans.o
                0x00000000000a6589                vTlHandleDeviceInfoRequest.136609
 *fill*         0x00000000000a66c4        0x0 00
 .text          0x00000000000a66c4     0x1d88 C:\Users\akila\AppData\Local\Temp\ccuSZQzL.ltrans18.ltrans.o
                0x00000000000a66c4                vZdoBdrmSendNextTimedRequest
                0x00000000000a6b29                eAplAfCommonDataReq.144504
                0x00000000000a6be5                eZCL_TransmitDataRequest
                0x00000000000a6fb0                eZCL_SendDefaultResponse
                0x00000000000a70af                eZCL_CustomCommandInterPanReceive.part.1.107578.constprop.20
                0x00000000000a71ba                eCLD_ZllCommissionHandleScanRspCommand.101044
                0x00000000000a731b                eCLD_ZllCommissionHandleNwkJoinEndDeviceReqCommand.101032
                0x00000000000a7437                eCLD_ZllCommissionHandleNwkJoinRouterReqCommand.101026
                0x00000000000a7553                eCLD_ZllCommissionHandleNwkStartReqCommand.101020
                0x00000000000a7686                eSimpleMeteringCommandHandler
                0x00000000000a76b2                eZCL_CustomCommandReceive
                0x00000000000a7820                eGP_HandleZgpNotification
                0x00000000000a7b94                eCLD_BasicCommandHandler
                0x00000000000a7c03                eCLD_ScenesCommandHandler
                0x00000000000a7dd3                eCLD_DoorLockCommandHandler
                0x00000000000a7e5e                vZCL_HandleCommandsDiscoverRequest.118854
                0x00000000000a80a1                vZCL_HandleDiscoverCommandsResponse.120025
                0x00000000000a81ab                vZCL_HandleAttributesReadResponse
                0x00000000000a8387                eZCL_SendDiscoverCommandGenericRequest.118916
 .text          0x00000000000a844c     0x1d3c C:\Users\akila\AppData\Local\Temp\ccuSZQzL.ltrans19.ltrans.o
                0x00000000000a8624                eCLD_GroupsCommandHandler
                0x00000000000a8b8d                eGP_GreenPowerCommandHandler
                0x00000000000aa0e1                eCLD_GroupsCommandAddGroupRequestSend
                0x00000000000aa11a                APP_vAppAddGroup.constprop.150
 .text          0x00000000000aa188     0x1a10 C:\Users\akila\AppData\Local\Temp\ccuSZQzL.ltrans20.ltrans.o
                0x00000000000aa379                eCLD_ZllCommissionCommandHandler
                0x00000000000aab4d                eCLD_IdentifyCommandHandler
                0x00000000000aad13                APP_eSendWriteAttributesRequest.constprop.153
                0x00000000000ab18e                eOTA_ServerUpgradeEndResponse
                0x00000000000ab222                eOTA_ServerImageBlockResponse
                0x00000000000ab6c5                eOtaCommandHandler
                0x00000000000ab9d4                eCLD_IASZoneEnrollRespSend
                0x00000000000aba0f                eCLD_IASZoneCommandHandler
                0x00000000000abb54                eCLD_IdentifyCommandTriggerEffectSend
 .text          0x00000000000abb98     0x1f58 C:\Users\akila\AppData\Local\Temp\ccuSZQzL.ltrans21.ltrans.o
                0x00000000000abcab                APP_bMultimaskJoinCallBack
                0x00000000000abcb7                vMacMcpsCallBackHandler.139217
                0x00000000000abd02                eCLD_ColourControlCommandHandler
                0x00000000000abd07                eCLD_LevelControlCommandHandler
                0x00000000000abd0c                vLogAssert.9608
                0x00000000000abd0f                vLogPutch.9605
                0x00000000000abd6d                vLogInit.9603
                0x00000000000abd70                APP_vProfileWideCommandSupportedForCluster
                0x00000000000abd82                vfExtendedStatusCallBack
                0x00000000000abd85                APP_ZCL_cbGeneralCallback.7574
                0x00000000000abd88                zps_vGetZpsMutex
                0x00000000000abd91                bCLD_GroupsSearchForGroup.29588
                0x00000000000abdb6                pdum_u16ReadNBO
                0x00000000000abf17                PDUM_u16SizeNBO
                0x00000000000abf75                PDUM_u16APduInstanceWriteNBO
                0x00000000000abfdf                PDUM_thAPduInstanceGetApdu
                0x00000000000abffa                PDUM_eAPduFreeAPduInstance
                0x00000000000ac060                PDUM_eAPduInstanceSetPayloadSize
                0x00000000000ac088                PDUM_eNPduWriteDataFromBuffer
                0x00000000000ac0e2                PDUM_eNPduWriteDataToBuffer
                0x00000000000ac140                PDUM_eNPduWriteFromBuffer
                0x00000000000ac169                PDUM_eNPduDescend
                0x00000000000ac18f                PDUM_eNPduAscend
                0x00000000000ac1b5                PDUM_eNPduClaimData
                0x00000000000ac222                PDUM_eNPduAppendDataNBO
                0x00000000000ac27f                PDUM_eNPduClaimHeader
                0x00000000000ac2a2                PDUM_eNPduPrependHeaderNBO
                0x00000000000ac2fd                PDUM_eNPduFree
                0x00000000000ac35b                PDUM_eNPduInitDescending
                0x00000000000ac376                ZPS_u8MacGetChannelOffsetFromMask
                0x00000000000ac385                ZPS_eMacValidateChannelMask
                0x00000000000ac3b4                InvShiftRows
                0x00000000000ac447                InvSubBytes
                0x00000000000ac48d                AddRoundKey
                0x00000000000ac4ce                getSBoxValue.138078
                0x00000000000ac4f0                BDB_u8PickChannel
                0x00000000000ac54d                eZCL_SearchForClusterEntry
                0x00000000000ac5c7                eZCL_BuildTransmitAddressStructure
                0x00000000000ac634                eZCL_SearchForEPentry
                0x00000000000ac670                eGP_FindGpCluster
                0x00000000000ac6b1                u16GP_GetStringSizeOfProxyTable
                0x00000000000ac79a                eZCL_SearchForEPentryAndCheckManufacturerId
                0x00000000000ac7d8                vZCL_PassEventToUser
                0x00000000000ac805                eZCL_GetAttributeReportableEntry.part.1.127837
                0x00000000000ac8a8                eZCL_BuildClientTransmitAddressStructure
                0x00000000000ac8d9                bValidateCommandWithCommandsFlags.118840
                0x00000000000ac922                u8GetTransactionSequenceNumber
                0x00000000000ac934                bZCL_CheckManufacturerSpecificCommandFlagMatch
                0x00000000000ac952                bZCL_CheckAttributeDirectionFlagMatch
                0x00000000000ac976                bZCL_CheckManufacturerSpecificAttributeFlagMatch
                0x00000000000ac994                eZCL_SearchForAttributeEntry
                0x00000000000aca39                eZCL_GetAttributeTypeSize
                0x00000000000aca58                vZCL_MarkAttributeInvalid
                0x00000000000acb27                eZCL_Register
                0x00000000000acd7e                u8ZCL_GetAttributeAllignToFourBytesBoundary
                0x00000000000acd93                pvZCL_GetAttributePointer
                0x00000000000ace09                vReverseMemcpy.part.2.107183
                0x00000000000ace3e                vReverseMemcpy
                0x00000000000ace56                sOtaGetHeader
                0x00000000000acf64                u16ZCL_GetStringStructureSize
                0x00000000000acfa1                u16ZCL_GetStringAttributeTypeSizeFromBuffer
                0x00000000000ad012                u16ZCL_GetStringSizeAndBufferFromStructure
                0x00000000000ad0a1                bZCL_SendCommandResponse
                0x00000000000ad0bd                vZCL_InitializeClusterInstance
                0x00000000000ad0d2                u8ZCL_GetEPIdFromIndex
                0x00000000000ad0f4                boDLISTisEmpty
                0x00000000000ad10c                vDLISTaddToTail
                0x00000000000ad13a                psDLISTremove
                0x00000000000ad19d                vWriteU64ToPayLoad.102544
                0x00000000000ad1ca                vWriteU32ToPayLoad.102540
                0x00000000000ad1e2                vOtaFlashLockRead
                0x00000000000ad228                bBestGPD_GPPLink
                0x00000000000ad255                u16GetProxyTableString
                0x00000000000ad407                bGP_CheckGPDAddressMatch
                0x00000000000ad4be                bGP_ValidateGPDF_Fields
                0x00000000000ad545                u8GP_GetLQIQuality
                0x00000000000ad56d                vCreateDataIndFromBufferedCmd
                0x00000000000ad63e                u16GP_DeriveAliasSrcAddr
                0x00000000000ad680                ZTIMER_eStop
                0x00000000000ad6d2                ZTIMER_eStart
                0x00000000000ad730                ZQ_bQueueReceive
                0x00000000000ad7a1                ZQ_bQueueSend
                0x00000000000ad817                APP_vGenCallback
                0x00000000000ad835                APP_cbTimerGPZclTick
                0x00000000000ad85c                App_TransportKeyCallback
                0x00000000000ad87b                vAPP_ZCL_DeviceSpecific_Init
                0x00000000000ad8d2                App_u16BufferReadNBO
                0x00000000000ada00                APP_u16GetAttributeActualSize
                0x00000000000adad4                ZPS_psMacIFTGetInterface
 .text.unlikely
                0x00000000000adaf0       0x32 C:\Users\akila\AppData\Local\Temp\ccuSZQzL.ltrans21.ltrans.o
                0x00000000000adaf0                vZCL_SetDefaultReporting
 *fill*         0x00000000000adb22        0x2 00
 .text          0x00000000000adb24     0x19a8 C:\Users\akila\AppData\Local\Temp\ccuSZQzL.ltrans22.ltrans.o
                0x00000000000adb24                BDB_vTlTimerCb
                0x00000000000adb34                vNfRetryNwkFormation.135152
                0x00000000000adbbd                BDB_vZclEventHandler
                0x00000000000adbcf                APP_vHandleStackEvents
 .text          0x00000000000af4cc     0x1691 C:\Users\akila\AppData\Local\Temp\ccuSZQzL.ltrans23.ltrans.o
                0x00000000000af4cc                eZCL_CustomCommandSend.constprop.152
                0x00000000000af876                vGP_ExitCommMode
                0x00000000000af98c                vCLD_GPTimerClickCallback.11796
                0x00000000000b0200                BDB_vRejoinSuccess
                0x00000000000b0260                vNsDiscoverNwk.134477
                0x00000000000b0362                BDB_eNsStartNwkSteering
                0x00000000000b03f5                BDB_vRejoinCycle
                0x00000000000b06ba                BDB_vStart
                0x00000000000b0755                BDB_vRejoinTimerCb
                0x00000000000b075a                vNsTryNwkJoin.isra.0.134479
                0x00000000000b08bc                vNsAfterNwkJoin.134467
                0x00000000000b098a                BDB_vNsTimerCb
                0x00000000000b09f7                vNfDiscoverNwk.135419
                0x00000000000b0aac                BDB_eNfStartNwkFormation
 *fill*         0x00000000000b0b5d        0x3 00
 .text          0x00000000000b0b60     0x10e8 C:\Users\akila\AppData\Local\Temp\ccuSZQzL.ltrans24.ltrans.o
                0x00000000000b0b60                vInitialiseApp.9174
 .text          0x00000000000b1c48     0x1b0c C:\Users\akila\AppData\Local\Temp\ccuSZQzL.ltrans25.ltrans.o
                0x00000000000b1c48                APP_cbTimerZclTick.9171
                0x00000000000b1d02                APP_vBdbCallback
                0x00000000000b1d96                BDB_vTlStateMachine
 .text          0x00000000000b3754     0x1500 C:\Users\akila\AppData\Local\Temp\ccuSZQzL.ltrans26.ltrans.o
                0x00000000000b3938                vPostApsmeDcfmInd.146329
                0x00000000000b3be7                zps_vHandleApsdeDataFragInd
                0x00000000000b410a                zps_eStartFragmentedTransmission
                0x00000000000b4222                APP_vHandleAppEvents
 .text          0x00000000000b4c54     0x12a8 C:\Users\akila\AppData\Local\Temp\ccuSZQzL.ltrans27.ltrans.o
                0x00000000000b4c54                vPostNldeDcfmInd.146343
 .text          0x00000000000b5efc     0x13ec C:\Users\akila\AppData\Local\Temp\ccuSZQzL.ltrans28.ltrans.o
                0x00000000000b5f3f                eZLO_RegisterControlBridgeEndPoint.constprop.118
                0x00000000000b6721                APP_ZCL_cbEndpointCallback.7571
 .text          0x00000000000b72e8      0x4c8 C:\Users\akila\AppData\Local\Temp\ccuSZQzL.ltrans29.ltrans.o
                0x00000000000b72e8                APP_bSendHATransportKey
                0x00000000000b7676                ISR_vTickTimer
                0x00000000000b76ae                APP_isrUart
                0x00000000000b770a                vStackOverflowHandler
                0x00000000000b7717                vAlignmentErrorHandler
                0x00000000000b7724                vBusErrorHandler
                0x00000000000b7731                vIllegalInstructionHandler
                0x00000000000b773e                vUnclaimedException
                0x00000000000b777d                vUnclaimedInterrupt
                0x00000000000b7792                vTrapHandler
                0x00000000000b77a1                vGenericHandler
 .text          0x00000000000b77b0      0x1df C:\Users\akila\AppData\Local\Temp\ccuSZQzL.ltrans30.ltrans.o
                0x00000000000b77b0                zps_vSendNextFragment.148912
 .text          0x00000000000b798f       0x3f C:\Users\akila\AppData\Local\Temp\ccuSZQzL.ltrans31.ltrans.o
                0x00000000000b798f                zps_isrMAC
                0x00000000000b79b2                AppWarmStart
 .text          0x00000000000b79ce       0x25 c:/nxp/bstudio_nxp/sdk/tools/ba-elf-ba2-r36379/bin/../lib/gcc/ba-elf/4.7.4/../../../../ba-elf/lib/mcpu_jn51xx_sizeopt\libc.a(lib_a-memcmp.o)
                0x00000000000b79ce                memcmp
 .text          0x00000000000b79f3       0x19 c:/nxp/bstudio_nxp/sdk/tools/ba-elf-ba2-r36379/bin/../lib/gcc/ba-elf/4.7.4/../../../../ba-elf/lib/mcpu_jn51xx_sizeopt\libc.a(lib_a-memcpy.o)
 .text          0x00000000000b7a0c       0x12 c:/nxp/bstudio_nxp/sdk/tools/ba-elf-ba2-r36379/bin/../lib/gcc/ba-elf/4.7.4/../../../../ba-elf/lib/mcpu_jn51xx_sizeopt\libc.a(lib_a-memset.o)
                0x00000000000b7a0c                memset
 .text          0x00000000000b7a1e       0x12 c:/nxp/bstudio_nxp/sdk/tools/ba-elf-ba2-r36379/bin/../lib/gcc/ba-elf/4.7.4/../../../../ba-elf/lib/mcpu_jn51xx_sizeopt\libc.a(lib_a-strlen.o)
                0x00000000000b7a1e                strlen
 .text          0x00000000000b7a30       0x2b c:/nxp/bstudio_nxp/sdk/tools/ba-elf-ba2-r36379/bin/../lib/gcc/ba-elf/4.7.4/../../../../ba-elf/lib/mcpu_jn51xx_sizeopt\libc.a(lib_a-strncpy.o)
                0x00000000000b7a30                strncpy
 *fill*         0x00000000000b7a5b        0x1 00
 .text          0x00000000000b7a5c      0x204 c:/nxp/bstudio_nxp/sdk/tools/ba-elf-ba2-r36379/bin/../lib/gcc/ba-elf/4.7.4/mcpu_jn51xx_sizeopt\libgcc.a(__udivsi3.o)
                0x00000000000b7a5c                __udivsi3
 .text          0x00000000000b7c60       0x30 c:/nxp/bstudio_nxp/sdk/tools/ba-elf-ba2-r36379/bin/../lib/gcc/ba-elf/4.7.4/mcpu_jn51xx_sizeopt\libgcc.a(__divsi3.o)
                0x00000000000b7c60                __divsi3
 .text          0x00000000000b7c90      0x1b0 c:/nxp/bstudio_nxp/sdk/tools/ba-elf-ba2-r36379/bin/../lib/gcc/ba-elf/4.7.4/mcpu_jn51xx_sizeopt\libgcc.a(__umodsi3.o)
                0x00000000000b7c90                __umodsi3
 .text          0x00000000000b7e40       0x24 c:/nxp/bstudio_nxp/sdk/tools/ba-elf-ba2-r36379/bin/../lib/gcc/ba-elf/4.7.4/mcpu_jn51xx_sizeopt\libgcc.a(__modsi3.o)
                0x00000000000b7e40                __modsi3
 .text          0x00000000000b7e64      0x350 c:/nxp/bstudio_nxp/sdk/tools/ba-elf-ba2-r36379/bin/../lib/gcc/ba-elf/4.7.4/mcpu_jn51xx_sizeopt\libgcc.a(_udivdi3.o)
                0x00000000000b7e64                __udivdi3
 *fill*         0x00000000000b81b4        0x0 00
 .text          0x00000000000b81b4       0x48 c:/NXP/bstudio_nxp/sdk/JN-SW-4170/Components/Library\libPWRM_JN516x.a(pwrm_setjmp_JN516x.o)
                0x00000000000b81b4                setjmp
                0x00000000000b81d8                PWRM_longjmp
 .text          0x00000000000b81fc       0x27 c:/NXP/bstudio_nxp/sdk/JN-SW-4170/Components/Library\libHardwareApi_JN516x.a(AHI_Interrupt.o)
                0x00000000000b81fc                vAHI_InterruptSetPriority
                0x00000000000b821a                vAHI_InterruptSetActivePriorityLevel
 .text.vMicroSyscall
                0x00000000000b8223       0x17 c:/NXP/bstudio_nxp/sdk/JN-SW-4170/Components/Library\libMicroSpecific_JN516x.a(MicroSyscall_ba.o)
                0x00000000000b8223                vMicroSyscall
 .text          0x00000000000b823a        0x0 c:/NXP/bstudio_nxp/sdk/JN-SW-4170/Components/Library\libZPSAPL_JN516x.a(zps_apl_version_lc.o)
                0x00000000000b823a                ZPS_APL_Version_3v0
 .text          0x00000000000b823a        0x0 c:/NXP/bstudio_nxp/sdk/JN-SW-4170/Components/Library\libZPSNWK_JN516x.a(zps_nwk_version_lc.o)
                0x00000000000b823a                ZPS_NWK_Version_3v0
                0x00000000000b823a                _flash_end = ABSOLUTE (.)

.rela.dyn       0x00000000000b823c        0x0
 .rela.text     0x0000000000000000        0x0 irq_JN516x.o
 .rela.data     0x0000000000000000        0x0 irq_JN516x.o
 .rela.rodata   0x0000000000000000        0x0 irq_JN516x.o
 .rela.text.unlikely
                0x0000000000000000        0x0 irq_JN516x.o
                0x000000000400004c                . = ORIGIN (ram)

.data           0x000000000400004c      0x74c load address 0x00000000000b823c
                0x000000000400004c                _ram_data_start = ABSOLUTE (.)
 *(.data*)
 .data          0x000000000400004c        0x1 C:\Users\akila\AppData\Local\Temp\ccuSZQzL.ltrans0.ltrans.o
 *fill*         0x000000000400004d        0x3 00
 .data          0x0000000004000050       0x14 C:\Users\akila\AppData\Local\Temp\ccuSZQzL.ltrans1.ltrans.o
                0x0000000004000050                u32HeapStart
 .data          0x0000000004000064       0x18 C:\Users\akila\AppData\Local\Temp\ccuSZQzL.ltrans4.ltrans.o
 .data          0x000000000400007c        0x8 C:\Users\akila\AppData\Local\Temp\ccuSZQzL.ltrans5.ltrans.o
                0x000000000400007c                bCanLoopback.149226
                0x0000000004000080                u16StoredMacSeqNo
                0x0000000004000082                u8StoredCsma
                0x0000000004000083                u8StoredMinBe
 .data          0x0000000004000084        0x4 C:\Users\akila\AppData\Local\Temp\ccuSZQzL.ltrans6.ltrans.o
 .data          0x0000000004000088       0x24 C:\Users\akila\AppData\Local\Temp\ccuSZQzL.ltrans10.ltrans.o
                0x0000000004000088                gsGreenPowerContext
 .data          0x00000000040000ac        0xc C:\Users\akila\AppData\Local\Temp\ccuSZQzL.ltrans14.ltrans.o
                0x00000000040000ac                u8MiniMacConfig_MaxConcurrentAssocResponses
                0x00000000040000b0                psShadowRxBuffer
                0x00000000040000b4                gMAC_u8MaxBuffers
 *fill*         0x00000000040000b8        0x8 00
 .data          0x00000000040000c0      0x4a0 C:\Users\akila\AppData\Local\Temp\ccuSZQzL.ltrans15.ltrans.o