Archive member included because of file (symbol)

c:/NXP/bstudio_nxp/sdk/JN-SW-4170/Components/Library\libZPSMAC_Mini_SOC_JN516x.a(zps_mac_shim.o)
                              zps_gen.o (symbol from plugin) (APP_bMultimaskJoinCallBack)
c:/NXP/bstudio_nxp/sdk/JN-SW-4170/Components/Library\libZPSMAC_Mini_SOC_JN516x.a(zps_miniMac.o)
                              zps_mac_shim.o (symbol from plugin) (zps_eSocMacSetTxBuffers)
c:/NXP/bstudio_nxp/sdk/JN-SW-4170/Components/Library\libZPSMAC_Mini_SOC_JN516x.a(zps_mac_common.o)
                              zps_mac_shim.o (symbol from plugin) (g_u8LegacyBeaconPayloadLen)
c:/NXP/bstudio_nxp/sdk/JN-SW-4170/Components/Library\libZPSMAC_Mini_SOC_JN516x.a(zps_mac_ie.o)
                              zps_mac_common.o (symbol from plugin) (zps_u8MacIECopyZigbeePayloadSubIE)
c:/NXP/bstudio_nxp/sdk/JN-SW-4170/Components/Library\libPWRM_JN516x.a(pwrm.o)
                              app_start.o (symbol from plugin) (PWRM_vInit)
c:/NXP/bstudio_nxp/sdk/JN-SW-4170/Components/Library\libPWRM_JN516x.a(pwrm_setjmp_JN516x.o)
                              pwrm.o (symbol from plugin) (setjmp)
c:/NXP/bstudio_nxp/sdk/JN-SW-4170/Components/Library\libPWRM_JN516x.a(pwrm_cold_start.o)
                              (AppColdStart)
c:/NXP/bstudio_nxp/sdk/JN-SW-4170/Components/Library\libPWRM_JN516x.a(pwrm_warm_start.o)
                              (AppWarmStart)
c:/NXP/bstudio_nxp/sdk/JN-SW-4170/Components/Library\libAES_SW_JN516x.a(aes_sw_mmo.o)
                              OTA.o (symbol from plugin) (AESSW_vMMOBlockUpdate)
c:/NXP/bstudio_nxp/sdk/JN-SW-4170/Components/Library\libPDUM_JN516x.a(pdum_nwk.o)
                              zps_miniMac.o (symbol from plugin) (PDUM_eNPduAllocate)
c:/NXP/bstudio_nxp/sdk/JN-SW-4170/Components/Library\libPDUM_JN516x.a(pdum_apl.o)
                              appZdpExtraction.o (symbol from plugin) (PDUM_u16APduInstanceReadNBO)
c:/NXP/bstudio_nxp/sdk/JN-SW-4170/Components/Library\libPDUM_JN516x.a(pdum.o)
                              pdum_nwk.o (symbol from plugin) (PDUM_u16SizeNBO)
c:/NXP/bstudio_nxp/sdk/JN-SW-4170/Components/Library\libZPSAPL_JN516x.a(zps_apl_inl.o)
                              zps_mac_ie.o (symbol from plugin) (ZPS_pu8AplZdoGetVsOUI)
c:/NXP/bstudio_nxp/sdk/JN-SW-4170/Components/Library\libZPSAPL_JN516x.a(zps_apl_af.o)
                              app_start.o (symbol from plugin) (ZPS_eAplAfInit)
c:/NXP/bstudio_nxp/sdk/JN-SW-4170/Components/Library\libZPSAPL_JN516x.a(zps_apl_af_apsde.o)
                              zps_gen.o (symbol from plugin) (zps_vHandleApsdeDataFragInd)
c:/NXP/bstudio_nxp/sdk/JN-SW-4170/Components/Library\libZPSAPL_JN516x.a(zps_apl_task.o)
                              zps_apl_af_apsde.o (symbol from plugin) (zps_vAplAfPostEvent)
c:/NXP/bstudio_nxp/sdk/JN-SW-4170/Components/Library\libZPSAPL_JN516x.a(zps_apl_apsde.o)
                              zps_apl_task.o (symbol from plugin) (ZPS_vAplRegisterApsdeDcfmIndCallbacks)
c:/NXP/bstudio_nxp/sdk/JN-SW-4170/Components/Library\libZPSAPL_JN516x.a(zps_apl_apsme.o)
                              zps_apl_task.o (symbol from plugin) (ZPS_vAplRegisterApsmeDcfmIndCallbacks)
c:/NXP/bstudio_nxp/sdk/JN-SW-4170/Components/Library\libZPSAPL_JN516x.a(zps_apl_aps_nlde.o)
                              zps_gen.o (symbol from plugin) (zps_vHandleExtendedDataAckFrame)
c:/NXP/bstudio_nxp/sdk/JN-SW-4170/Components/Library\libZPSAPL_JN516x.a(zps_apl_sec.o)
                              bdb_DeviceCommissioning.o (symbol from plugin) (zps_pvAesGetKeyFromInstallCode)
c:/NXP/bstudio_nxp/sdk/JN-SW-4170/Components/Library\libZPSAPL_JN516x.a(zps_apl_aib.o)
                              app_Znc_cmds.o (symbol from plugin) (zps_psAplAibGetAib)
c:/NXP/bstudio_nxp/sdk/JN-SW-4170/Components/Library\libZPSAPL_JN516x.a(zps_apl_zdo_nwkmanager.o)
                              zps_apl_apsme.o (symbol from plugin) (zps_vAplSaveRecord)
c:/NXP/bstudio_nxp/sdk/JN-SW-4170/Components/Library\libZPSAPL_JN516x.a(zps_apl_zdo_handle_zdp_event.o)
                              zps_apl_task.o (symbol from plugin) (zps_bAplZdoHandleZdpEvent)
c:/NXP/bstudio_nxp/sdk/JN-SW-4170/Components/Library\libZPSAPL_JN516x.a(zps_apl_zdo_trust_center.o)
                              zps_gen.o (symbol from plugin) (zps_vAplTrustCenterInit)
c:/NXP/bstudio_nxp/sdk/JN-SW-4170/Components/Library\libZPSAPL_JN516x.a(zps_apl_zdo_common.o)
                              zps_apl_zdo_nwkmanager.o (symbol from plugin) (zps_eAplZdoNlmeleaveWrapper)
c:/NXP/bstudio_nxp/sdk/JN-SW-4170/Components/Library\libZPSAPL_JN516x.a(zps_apl_zdo_group.o)
                              app_Znc_cmds.o (symbol from plugin) (zps_eAplZdoGroupEndpointAdd)
c:/NXP/bstudio_nxp/sdk/JN-SW-4170/Components/Library\libZPSAPL_JN516x.a(zps_apl_zdo_default_server.o)
                              zps_gen.o (symbol from plugin) (zps_vAplZdoDefaultServerInit)
c:/NXP/bstudio_nxp/sdk/JN-SW-4170/Components/Library\libZPSAPL_JN516x.a(zps_apl_zdo_bind_manager.o)
[...]
Memory Configuration

Name             Origin             Length             Attributes
flash            0x0000000000080000 0x0000000000040000
ram              0x000000000400004c 0x0000000000007fb4
*default*        0x0000000000000000 0xffffffffffffffff

Linker script and memory map

                0x0000000000001770                __stack_size = 0x1770
                0x00000000000007d0                __minimum_heap_size = 0x7d0
START GROUP
LOAD irq_JN516x.o
LOAD portasm_JN516x.o
LOAD port_JN516x.o
LOAD C:\Users\akila\AppData\Local\Temp\ccRkJWF2.ltrans0.ltrans.o
LOAD C:\Users\akila\AppData\Local\Temp\ccRkJWF2.ltrans1.ltrans.o
LOAD C:\Users\akila\AppData\Local\Temp\ccRkJWF2.ltrans2.ltrans.o
LOAD C:\Users\akila\AppData\Local\Temp\ccRkJWF2.ltrans3.ltrans.o
LOAD C:\Users\akila\AppData\Local\Temp\ccRkJWF2.ltrans4.ltrans.o
LOAD C:\Users\akila\AppData\Local\Temp\ccRkJWF2.ltrans5.ltrans.o
LOAD C:\Users\akila\AppData\Local\Temp\ccRkJWF2.ltrans6.ltrans.o
LOAD C:\Users\akila\AppData\Local\Temp\ccRkJWF2.ltrans7.ltrans.o
LOAD C:\Users\akila\AppData\Local\Temp\ccRkJWF2.ltrans8.ltrans.o
LOAD C:\Users\akila\AppData\Local\Temp\ccRkJWF2.ltrans9.ltrans.o
LOAD C:\Users\akila\AppData\Local\Temp\ccRkJWF2.ltrans10.ltrans.o
LOAD C:\Users\akila\AppData\Local\Temp\ccRkJWF2.ltrans11.ltrans.o
LOAD C:\Users\akila\AppData\Local\Temp\ccRkJWF2.ltrans12.ltrans.o
LOAD C:\Users\akila\AppData\Local\Temp\ccRkJWF2.ltrans13.ltrans.o
LOAD C:\Users\akila\AppData\Local\Temp\ccRkJWF2.ltrans14.ltrans.o
LOAD C:\Users\akila\AppData\Local\Temp\ccRkJWF2.ltrans15.ltrans.o
LOAD C:\Users\akila\AppData\Local\Temp\ccRkJWF2.ltrans16.ltrans.o
LOAD C:\Users\akila\AppData\Local\Temp\ccRkJWF2.ltrans17.ltrans.o
LOAD C:\Users\akila\AppData\Local\Temp\ccRkJWF2.ltrans18.ltrans.o
LOAD C:\Users\akila\AppData\Local\Temp\ccRkJWF2.ltrans19.ltrans.o
LOAD C:\Users\akila\AppData\Local\Temp\ccRkJWF2.ltrans20.ltrans.o
LOAD C:\Users\akila\AppData\Local\Temp\ccRkJWF2.ltrans21.ltrans.o
LOAD C:\Users\akila\AppData\Local\Temp\ccRkJWF2.ltrans22.ltrans.o
LOAD C:\Users\akila\AppData\Local\Temp\ccRkJWF2.ltrans23.ltrans.o
LOAD C:\Users\akila\AppData\Local\Temp\ccRkJWF2.ltrans24.ltrans.o
LOAD C:\Users\akila\AppData\Local\Temp\ccRkJWF2.ltrans25.ltrans.o
LOAD C:\Users\akila\AppData\Local\Temp\ccRkJWF2.ltrans26.ltrans.o
LOAD C:\Users\akila\AppData\Local\Temp\ccRkJWF2.ltrans27.ltrans.o
LOAD C:\Users\akila\AppData\Local\Temp\ccRkJWF2.ltrans28.ltrans.o
LOAD C:\Users\akila\AppData\Local\Temp\ccRkJWF2.ltrans29.ltrans.o
LOAD C:\Users\akila\AppData\Local\Temp\ccRkJWF2.ltrans30.ltrans.o
LOAD C:\Users\akila\AppData\Local\Temp\ccRkJWF2.ltrans31.ltrans.o
LOAD c:/nxp/bstudio_nxp/sdk/tools/ba-elf-ba2-r36379/bin/../lib/gcc/ba-elf/4.7.4/../../../../ba-elf/lib/mcpu_jn51xx_sizeopt\libc.a
LOAD c:/nxp/bstudio_nxp/sdk/tools/ba-elf-ba2-r36379/bin/../lib/gcc/ba-elf/4.7.4/mcpu_jn51xx_sizeopt\libgcc.a
LOAD c:/nxp/bstudio_nxp/sdk/tools/ba-elf-ba2-r36379/bin/../lib/gcc/ba-elf/4.7.4/../../../../ba-elf/lib/mcpu_jn51xx_sizeopt\libc.a
LOAD pdum_gen.o
LOAD zps_gen.o
LOAD app_Znc_cmds.o
LOAD app_general_events_handler.o
LOAD app_zcl_event_handler.o
LOAD app_start.o
LOAD SerialLink.o
LOAD uart.o
LOAD pdum_apdu.o
LOAD app_ota_server.o
LOAD app_ahi_commands.o
LOAD ZQueue.o
LOAD ZTimer.o
LOAD app_zps_link_keys.o
LOAD Alarms.o
LOAD AlarmsClientCommands.o
LOAD AlarmsCommandHandler.o
LOAD AlarmsServerCommands.o
LOAD AlarmsTableManager.o
LOAD AnalogInputBasic.o
LOAD AnalogOutputBasic.o
LOAD Basic.o
LOAD BasicClientCommands.o
LOAD BasicCommandHandler.o
LOAD BinaryInputBasic.o
LOAD BinaryOutputBasic.o
LOAD DeviceTemperatureConfiguration.o
LOAD Diagnostics.o
LOAD Groups.o
LOAD GroupsClientCommands.o
LOAD GroupsCommandHandler.o
LOAD GroupsServerCommands.o
LOAD GroupsTableManager.o
LOAD Identify.o
LOAD IdentifyClientCommands.o
LOAD IdentifyCommandHandler.o
LOAD IdentifyServerCommands.o
LOAD LevelControl.o
LOAD LevelControlClientCommands.o
LOAD LevelControlCommandHandler.o
LOAD MultistateInputBasic.o
LOAD MultistateOutputBasic.o
LOAD OOSC.o
LOAD OnOff.o
LOAD OnOffCommandHandler.o
LOAD OnOffCommands.o
LOAD PollControl.o
LOAD PollControlClientCommands.o
LOAD PollControlCommandHandler.o
LOAD PollControlServerCommands.o
LOAD PowerConfiguration.o
LOAD PowerProfile.o
LOAD PowerProfileClientCommands.o
LOAD PowerProfileCommandHandler.o
LOAD PowerProfileServerCommands.o
LOAD Scenes.o
LOAD ScenesClientCommands.o
LOAD ScenesClusterManagement.o
LOAD ScenesCommandHandler.o
LOAD ScenesServerCommands.o
LOAD ScenesTableManager.o
LOAD TC.o
LOAD Time.o
LOAD base_device.o
LOAD mains_power_outlet.o
LOAD on_off_output.o
LOAD plug_control.o
LOAD remote_control.o
LOAD simple_sensor.o
LOAD ElectricalMeasurement.o
LOAD FlowMeasurement.o
LOAD IlluminanceLevelSensing.o
LOAD IlluminanceMeasurement.o
LOAD OccupancySensing.o
LOAD PressureMeasurement.o
LOAD RelativeHumidityMeasurement.o
LOAD TemperatureMeasurement.o
LOAD BallastConfiguration.o
LOAD ColourControl.o
LOAD ColourControlClientCommands.o
LOAD ColourControlCommandHandler.o
LOAD ColourControlConversions.o
LOAD colour_controller.o
LOAD colour_dimmable_light.o
LOAD colour_dimmer_switch.o
LOAD colour_scene_controller.o
LOAD colour_temperature_light.o
LOAD commission_endpoint.o
LOAD control_bridge.o
LOAD dimmable_ballast.o
LOAD dimmable_light.o
LOAD dimmable_plug.o
LOAD dimmer_switch.o
LOAD extended_colour_light.o
LOAD light_level_sensor.o
LOAD light_sensor.o
LOAD non_colour_controller.o
LOAD non_colour_scene_controller.o
LOAD occupancy_sensor.o
LOAD on_off_ballast.o
LOAD on_off_light.o
LOAD on_off_light_switch.o
LOAD on_off_plug.o
LOAD on_off_sensor.o
LOAD FanControl.o
LOAD Thermostat.o
LOAD ThermostatCommandHandler.o
LOAD ThermostatCommands.o
LOAD ThermostatUIConfig.o
LOAD temperature_sensor.o
LOAD thermostat_device.o
LOAD DoorLock.o
LOAD DoorLockCommandHandler.o
LOAD DoorLockCommands.o
LOAD door_lock.o
LOAD door_lock_controller.o
LOAD IASACE.o
LOAD IASACEClientCommands.o
LOAD IASACECommandHandler.o
LOAD IASACEServerCommands.o
LOAD IASWD.o
LOAD IASWDCommandHandler.o
LOAD IASWDCommands.o
LOAD IASZone.o
LOAD IASZoneCommandHandler.o
LOAD IASZoneCommands.o
LOAD ancillary_control_equipment.o
LOAD control_and_indicating_equipment.o
LOAD warning_device.o
LOAD zone.o
LOAD DRLC.o
LOAD DRLCCommandCanceAlllLoadControlEvents.o
LOAD DRLCCommandCancelLoadControlEvent.o
LOAD DRLCCommandGetScheduledEvents.o
LOAD DRLCCommandHandler.o
LOAD DRLCCommandLoadControlEvent.o
LOAD DRLCCommandReportEventStatus.o
LOAD DRLCCustomCommandResponsesClient.o
LOAD DRLCCustomCommandResponsesServer.o
LOAD DRLCEffectiveTime.o
LOAD DRLCScheduler.o
LOAD DRLCTableManagerNoMutex.o
LOAD DRLCTableManagerServer.o
LOAD DRLCUserEventOptInOut.o
LOAD Price.o
LOAD PriceBlockPeriodTableManager.o
LOAD PriceCalorificValueTableManager.o
LOAD PriceCommandGetBlockPeriod.o
LOAD PriceCommandGetCalorificValue.o
LOAD PriceCommandGetConversionFactor.o
LOAD PriceCommandGetCurrentPrice.o
LOAD PriceCommandGetScheduledPrices.o
LOAD PriceCommandPriceAck.o
LOAD PriceCommandPublishBlockPeriod.o
LOAD PriceCommandPublishBlockPeriodReceive.o
LOAD PriceCommandPublishCalorificValue.o
LOAD PriceCommandPublishCalorificValueReceive.o
LOAD PriceCommandPublishConversionFactor.o
LOAD PriceCommandPublishConversionFactorReceive.o
LOAD PriceCommandPublishPrice.o
LOAD PriceCommandPublishPriceReceive.o
LOAD PriceConversionFactorTableManager.o
LOAD PriceCustomCommandHandler.o
LOAD PriceCustomCommandResponses.o
LOAD PriceScheduler.o
LOAD PriceServerAttributeManager.o
LOAD PriceTableManager.o
LOAD SimpleMetering.o
LOAD SimpleMeteringCommandHandler.o
LOAD SimpleMetering_SendRequest.o
LOAD smart_plug.o
LOAD OTA.o
LOAD OTA_ClientUpgradeManager.o
LOAD OTA_CustomCommandHandler.o
LOAD OTA_CustomReceiveCommands.o
LOAD OTA_ServerUpgradeManager.o
LOAD OTA_client.o
LOAD OTA_common.o
LOAD OTA_server.o
LOAD ApplianceControl.o
LOAD ApplianceControlClientCommands.o
LOAD ApplianceControlCommandHandler.o
LOAD ApplianceControlServerCommands.o
LOAD ApplianceEventsAndAlerts.o
LOAD ApplianceEventsAndAlertsClientCommands.o
LOAD ApplianceEventsAndAlertsCommandHandler.o
LOAD ApplianceEventsAndAlertsServerCommands.o
LOAD ApplianceIdentification.o
LOAD ApplianceStatistics.o
LOAD ApplianceStatisticsClientCommands.o
LOAD ApplianceStatisticsCommandHandler.o
LOAD ApplianceStatisticsServerCommands.o
LOAD home_gateway.o
LOAD white_goods.o
LOAD dlist.o
LOAD zcl.o
LOAD zcl_CustomCommandReceive.o
LOAD zcl_CustomCommandSend.o
LOAD zcl_PDUbufferReadWrite.o
LOAD zcl_PDUbufferReadWriteString.o
LOAD zcl_WriteAttributesRequestHandle.o
LOAD zcl_WriteAttributesRequestSend.o
LOAD zcl_WriteAttributesResponseHandle.o
LOAD zcl_attribute.o
LOAD zcl_buffer.o
LOAD zcl_clusterCommand.o
LOAD zcl_command.o
LOAD zcl_common.o
LOAD zcl_configureReportingCommandHandle.o
LOAD zcl_configureReportingCommandSend.o
LOAD zcl_configureReportingResponseHandle.o
LOAD zcl_defaultResponse.o
LOAD zcl_discoverAttributesExtendedRequestHandle.o
LOAD zcl_discoverAttributesExtendedRequestSend.o
LOAD zcl_discoverAttributesExtendedResponseHandle.o
LOAD zcl_discoverAttributesRequestHandle.o
LOAD zcl_discoverAttributesRequestSend.o
LOAD zcl_discoverAttributesResponseHandle.o
LOAD zcl_discoverCommandsRequestHandle.o
LOAD zcl_discoverCommandsRequestSend.o
LOAD zcl_discoverCommandsResponseHandle.o
LOAD zcl_event.o
LOAD zcl_heap.o
LOAD zcl_library_options.o
LOAD zcl_readAttributesRequestHandle.o
LOAD zcl_readAttributesRequestSend.o
LOAD zcl_readAttributesResponseHandle.o
LOAD zcl_readReportingConfigurationCommandHandle.o
LOAD zcl_readReportingConfigurationCommandSend.o
LOAD zcl_readReportingConfigurationResponseHandle.o
LOAD zcl_reportManager.o
LOAD zcl_reportMaths.o
LOAD zcl_reportScheduler.o
LOAD zcl_reportStringHandling.o
LOAD zcl_reportStructure.o
LOAD zcl_search.o
LOAD zcl_timer.o
LOAD zcl_transmit.o
LOAD bdb_fr.o
LOAD bdb_start.o
LOAD bdb_state_machine.o
LOAD appZpsBeaconHandler.o
LOAD appZdpExtraction.o
LOAD bdb_ns.o
LOAD bdb_nf.o
LOAD bdb_DeviceCommissioning.o
LOAD c:/NXP/bstudio_nxp/sdk/JN-SW-4170/Components/Library\libZPSMAC_Mini_SOC_JN516x.a
LOAD c:/NXP/bstudio_nxp/sdk/JN-SW-4170/Components/Library\libPWRM_JN516x.a
LOAD c:/NXP/bstudio_nxp/sdk/JN-SW-4170/Components/Library\libZPSTSV_JN516x.a
LOAD c:/NXP/bstudio_nxp/sdk/JN-SW-4170/Components/Library\libAES_SW_JN516x.a
LOAD c:/NXP/bstudio_nxp/sdk/JN-SW-4170/Components/Library\libPDUM_JN516x.a
LOAD c:/NXP/bstudio_nxp/sdk/JN-SW-4170/Components/Library\libZPSAPL_JN516x.a
LOAD c:/NXP/bstudio_nxp/sdk/JN-SW-4170/Components/Library\libRandom_JN516x.a
LOAD c:/NXP/bstudio_nxp/sdk/JN-SW-4170/Components/Library\libPDM_EEPROM_NO_RTOS_JN516x.a
LOAD c:/NXP/bstudio_nxp/sdk/JN-SW-4170/Components/Library\libZPSIPAN_JN516x.a
LOAD c:/NXP/bstudio_nxp/sdk/JN-SW-4170/Components/Library\libZPSNWK_JN516x.a
LOAD c:/NXP/bstudio_nxp/sdk/JN-SW-4170/Components/Library\libMiniMac_JN516x.a
LOAD c:/NXP/bstudio_nxp/sdk/JN-SW-4170/Components/Library\libMiniMacShim_JN516x.a
LOAD c:/NXP/bstudio_nxp/sdk/JN-SW-4170/Components/Library\libMMAC_JN516x.a
LOAD c:/NXP/bstudio_nxp/sdk/JN-SW-4170/Components/Library\libAes_JN516x.a
LOAD c:/NXP/bstudio_nxp/sdk/JN-SW-4170/Components/Library\libHardwareApi_JN516x.a
LOAD c:/NXP/bstudio_nxp/sdk/JN-SW-4170/Components/Library\libMicroSpecific_JN516x.a
LOAD c:/NXP/bstudio_nxp/sdk/JN-SW-4170/Components/Library\libBoot_JN516x.a
LOAD c:/NXP/bstudio_nxp/sdk/JN-SW-4170/Platform/DK4/Library\libBoardLib_JN516x.a
LOAD c:/NXP/bstudio_nxp/sdk/JN-SW-4170/Components/Library\libJPT_JN5168.a
LOAD c:/nxp/bstudio_nxp/sdk/tools/ba-elf-ba2-r36379/bin/../lib/gcc/ba-elf/4.7.4/../../../../ba-elf/lib/mcpu_jn51xx_sizeopt\libm.a
END GROUP
LOAD c:/nxp/bstudio_nxp/sdk/tools/ba-elf-ba2-r36379/bin/../lib/gcc/ba-elf/4.7.4/../../../../ba-elf/lib/mcpu_jn51xx_sizeopt\libc.a
LOAD c:/nxp/bstudio_nxp/sdk/tools/ba-elf-ba2-r36379/bin/../lib/gcc/ba-elf/4.7.4/mcpu_jn51xx_sizeopt\libgcc.a
LOAD c:/nxp/bstudio_nxp/sdk/tools/ba-elf-ba2-r36379/bin/../lib/gcc/ba-elf/4.7.4/../../../../ba-elf/lib/mcpu_jn51xx_sizeopt\libc.a
                0x0000000000080038                _exception_vsr_table = 0x80038
                0x0000000004000000                pSPIflashFncTable = 0x4000000
                0x0000000000000044                restore_state = 0x44
                0x000000000000004a                bZSPIWaitWIPClear = 0x4a
                0x0000000000000050                u16ZSPIflashRDID = 0x50
                0x0000000000000056                u8SelectFlashChipType = 0x56
                0x000000000000005c                memcpy = 0x5c
                0x0000000000000066                vBootFlashProg = 0x66
                [0x00000000000007d0]                __minimum_heap_size = DEFINED (__minimum_heap_size)?__minimum_heap_size:0xd16
                [0x0000000000001770]                __stack_size = DEFINED (__stack_size)?__stack_size:0x800
                0x0000000000000000                _SwConfig = (DEFINED (g_bSWConf_Debug) | (DEFINED (g_bSWConf_AltDebugPort) << 0x1))

.version        0x000000000007fffc        0x4
                0x000000000007fffc        0x4 LONG 0x7030008

.bir            0x0000000000080000       0x10
                0x0000000000080000                _flash_start = ABSOLUTE (.)
                0x0000000000080000                _flash_beg = ABSOLUTE (.)
                0x0000000000080000        0x4 LONG 0x12345678
                0x0000000000080004        0x4 LONG 0x11223344
                0x0000000000080008        0x4 LONG 0x55667788
                0x000000000008000c        0x1 BYTE 0x8
                0x000000000008000d        0x1 BYTE 0x1
                0x000000000008000e        0x2 SHORT 0x0

.flashheader    0x0000000000080010       0x28
                0x0000000000080010        0x4 LONG 0x0
                0x0000000000080014        0x4 LONG 0x0
                0x0000000000080018        0x4 LONG 0x0
                0x000000000008001c        0x2 SHORT 0x0
                0x000000000008001e        0x2 SHORT 0x0 ABSOLUTE (_SwConfig)
                0x0000000000080020                _enc_start = ABSOLUTE (.)
                0x0000000000080020        0x4 LONG 0x2eb54 ABSOLUTE (_image_len)
                0x0000000000080024        0x4 LONG 0xae2e0 ABSOLUTE (_flash_data_start)
                0x0000000000080028        0x2 SHORT 0x13 ((ABSOLUTE (_ram_data_start) / 0x4) & 0xffff)
                0x000000000008002a        0x2 SHORT 0x21d ((ABSOLUTE (_ram_data_len) / 0x4) & 0xffff)
                0x000000000008002c        0x2 SHORT 0x230 ((ABSOLUTE (_bss_start) / 0x4) & 0xffff)
                0x000000000008002e        0x2 SHORT 0x13a4 ((ABSOLUTE (_bss_len) / 0x4) & 0xffff)
                0x0000000000080030        0x4 LONG 0xadda6 ABSOLUTE (AppWarmStart)
                0x0000000000080034        0x4 LONG 0x85b94 ABSOLUTE (AppColdStart)
                0x0000000000000000                _enc_offset = (_enc_start & 0xf)

.ro_mac_address
                0x0000000000080040       0x10
                0x0000000000080040                _FlsMACAddress = ABSOLUTE (.)
 *(.ro_mac_address)
 .ro_mac_address
                0x0000000000080040        0x8 C:\Users\akila\AppData\Local\Temp\ccRkJWF2.ltrans4.ltrans.o
                0x0000000000080050                . = ALIGN (0x10)
 *fill*         0x0000000000080048        0x8 00

.ro_ota_header  0x0000000000080050       0x50
                0x0000000000080050                _FlsOtaHeader = ABSOLUTE (.)
 *(.ro_ota_header)
 .ro_ota_header
                0x0000000000080050       0x45 C:\Users\akila\AppData\Local\Temp\ccRkJWF2.ltrans4.ltrans.o
                0x00000000000800a0                . = ALIGN (0x10)
 *fill*         0x0000000000080095        0xb 00

.ro_se_lnkKey   0x00000000000800a0        0x0
                0x00000000000800a0                _FlsLinkKey = ABSOLUTE (.)
 *(.ro_se_lnkKey)
                0x00000000000800a0                . = ALIGN (0x10)

.rodata         0x00000000000800a0      0xeed
 *(.rodata*)
 .rodata.str1.1
                0x00000000000800a0       0x14 C:\Users\akila\AppData\Local\Temp\ccRkJWF2.ltrans0.ltrans.o
                                         0x38 (size before relaxing)
 .rodata.str1.1
                0x00000000000800b4        0x5 C:\Users\akila\AppData\Local\Temp\ccRkJWF2.ltrans1.ltrans.o
                                         0x18 (size before relaxing)
 *fill*         0x00000000000800b9        0x3 00
 .rodata        0x00000000000800bc      0x758 C:\Users\akila\AppData\Local\Temp\ccRkJWF2.ltrans1.ltrans.o
                0x00000000000800bc                psAplDefaultDistributedAPSLinkKey
                0x00000000000800c0                au32UartAddrOffset
                0x00000000000800c8                zps_pacNwkFrmStdByteFmt
                0x00000000000800cc                zps_pacNwkFrmStdLongFmt
                0x00000000000800d0                zps_pacNwkFrmStdHalfFmt
                0x00000000000800d4                g_bEnableRouteDiscovery
                0x00000000000800d8                zps_g_pvApl
                0x00000000000800dc                pwrm_psWakeupCallbacks
 .rodata        0x0000000000080814       0x1c C:\Users\akila\AppData\Local\Temp\ccRkJWF2.ltrans2.ltrans.o
 .rodata        0x0000000000080830       0x26 C:\Users\akila\AppData\Local\Temp\ccRkJWF2.ltrans3.ltrans.o
 .rodata.str1.1
                0x0000000000000000        0x5 C:\Users\akila\AppData\Local\Temp\ccRkJWF2.ltrans3.ltrans.o
                                          0xb (size before relaxing)
 .rodata.str1.1
                0x0000000000080856        0x3 C:\Users\akila\AppData\Local\Temp\ccRkJWF2.ltrans4.ltrans.o
                                          0x7 (size before relaxing)
 .rodata        0x0000000000080859        0x6 C:\Users\akila\AppData\Local\Temp\ccRkJWF2.ltrans4.ltrans.o
 .rodata.str1.1
                0x000000000008085f        0x6 C:\Users\akila\AppData\Local\Temp\ccRkJWF2.ltrans5.ltrans.o
                                         0x11 (size before relaxing)
 .rodata.str1.1
                0x0000000000080865        0x7 C:\Users\akila\AppData\Local\Temp\ccRkJWF2.ltrans6.ltrans.o
                                         0x1b (size before relaxing)
 .rodata        0x000000000008086c      0x10e C:\Users\akila\AppData\Local\Temp\ccRkJWF2.ltrans6.ltrans.o
 .rodata.str1.1
                0x000000000008097a        0x4 C:\Users\akila\AppData\Local\Temp\ccRkJWF2.ltrans7.ltrans.o
                                         0x19 (size before relaxing)
 .rodata.str1.1
                0x000000000008097e        0x6 C:\Users\akila\AppData\Local\Temp\ccRkJWF2.ltrans8.ltrans.o
                                          0xc (size before relaxing)
 .rodata.str1.1
                0x0000000000080984        0xa C:\Users\akila\AppData\Local\Temp\ccRkJWF2.ltrans10.ltrans.o
                                         0x19 (size before relaxing)
 *fill*         0x000000000008098e        0x2 00
 .rodata        0x0000000000080990       0x1c C:\Users\akila\AppData\Local\Temp\ccRkJWF2.ltrans10.ltrans.o
                0x0000000000080990                zps_pacNwkFrmStdHdrFmt
                0x0000000000080994                au32NwkPdmRecordOffsets
 .rodata        0x00000000000809ac       0x5c C:\Users\akila\AppData\Local\Temp\ccRkJWF2.ltrans11.ltrans.o
                0x00000000000809ac                g_u32NwkFcSaveCountBitShift
 .rodata        0x0000000000080a08       0x2c C:\Users\akila\AppData\Local\Temp\ccRkJWF2.ltrans12.ltrans.o
                0x0000000000080a28                u8MaxZpsConfigEp
                0x0000000000080a29                au8EpMapPresent
                0x0000000000080a2c                s_groupPdmTable
 .rodata.str1.1
                0x0000000000000000        0x7 C:\Users\akila\AppData\Local\Temp\ccRkJWF2.ltrans12.ltrans.o
 .rodata        0x0000000000080a34       0x14 C:\Users\akila\AppData\Local\Temp\ccRkJWF2.ltrans13.ltrans.o
                0x0000000000080a34                u8MacNwkTriesTimeout
                0x0000000000080a35                u8ZpsAplSecurityOverrideLevel
                0x0000000000080a36                bOverrideApsSecurity
 .rodata.str1.1
                0x0000000000080a48        0xe C:\Users\akila\AppData\Local\Temp\ccRkJWF2.ltrans14.ltrans.o
                                         0x11 (size before relaxing)
 .rodata.str1.1
                0x0000000000000000        0x6 C:\Users\akila\AppData\Local\Temp\ccRkJWF2.ltrans15.ltrans.o
 *fill*         0x0000000000080a56        0x2 00
 .rodata        0x0000000000080a58      0x204 C:\Users\akila\AppData\Local\Temp\ccRkJWF2.ltrans15.ltrans.o
 .rodata.str1.1
                0x0000000000080c5c       0x22 C:\Users\akila\AppData\Local\Temp\ccRkJWF2.ltrans17.ltrans.o
                                         0x4c (size before relaxing)
 .rodata.str1.1
                0x0000000000080c7e       0x1c C:\Users\akila\AppData\Local\Temp\ccRkJWF2.ltrans19.ltrans.o
 *fill*         0x0000000000080c9a        0x2 00
 .rodata        0x0000000000080c9c      0x194 C:\Users\akila\AppData\Local\Temp\ccRkJWF2.ltrans19.ltrans.o
                0x0000000000080c9c                gu32ZCLVersion
                0x0000000000080ca0                ZPS_g_u32MacVersion
                0x0000000000080ca4                PDUM_g_u32Version
                0x0000000000080ca8                ZPS_g_u32TsvVersion
 .rodata.str1.1
                0x0000000000000000        0x8 C:\Users\akila\AppData\Local\Temp\ccRkJWF2.ltrans20.ltrans.o
 .rodata        0x0000000000080e30       0xa4 C:\Users\akila\AppData\Local\Temp\ccRkJWF2.ltrans20.ltrans.o
                0x0000000000080e30                s_aprIdleStHandleCme.269433
                0x0000000000080e44                s_aprActvStHandleCme.265335
                0x0000000000080e70                CSWTCH.19.122137.122137
                0x0000000000080e90                CSWTCH.22.122138.122138
                0x0000000000080eb0                CSWTCH.16.122136.122136
                0x0000000000080ed0                bDisableSourceRouting
 .rodata.str1.1
                0x0000000000080ed4        0xa C:\Users\akila\AppData\Local\Temp\ccRkJWF2.ltrans23.ltrans.o
                                         0x10 (size before relaxing)
 .rodata.str1.1
                0x0000000000080ede       0x20 C:\Users\akila\AppData\Local\Temp\ccRkJWF2.ltrans24.ltrans.o
                                         0x71 (size before relaxing)
 .rodata.str1.1
                0x0000000000080efe       0x15 C:\Users\akila\AppData\Local\Temp\ccRkJWF2.ltrans25.ltrans.o
                                         0x34 (size before relaxing)
 .rodata.str1.1
                0x0000000000080f13        0xa C:\Users\akila\AppData\Local\Temp\ccRkJWF2.ltrans27.ltrans.o
                                         0x25 (size before relaxing)
 *fill*         0x0000000000080f1d        0x3 00
 .rodata        0x0000000000080f20       0x44 C:\Users\akila\AppData\Local\Temp\ccRkJWF2.ltrans27.ltrans.o
                0x0000000000080f20                au32EndDeviceTimeoutConstants
                0x0000000000080f5c                g_u32ApsFcSaveCountBitShift
                0x0000000000080f60                bR21LeaveBehaviour
 .rodata        0x0000000000080f64       0x10 C:\Users\akila\AppData\Local\Temp\ccRkJWF2.ltrans29.ltrans.o
 .rodata.str1.1
                0x0000000000080f74       0x10 C:\Users\akila\AppData\Local\Temp\ccRkJWF2.ltrans29.ltrans.o
 .rodata.str1.1
                0x0000000000080f84        0x9 C:\Users\akila\AppData\Local\Temp\ccRkJWF2.ltrans30.ltrans.o

.text           0x0000000000080f90    0x2d34e
 *(.text*)
 .text          0x0000000000080f90       0x50 irq_JN516x.o
                0x0000000000080f90                PIC_ChannelPriorities
                0x0000000000080fa0                PIC_SwVectTable
 .text          0x0000000000080fe0       0xd0 portasm_JN516x.o
                0x0000000000080fe0                OSMIUM_HwVectTable
                0x000000000008101c                vExternalException
 .text          0x00000000000810b0     0x4ae4 C:\Users\akila\AppData\Local\Temp\ccRkJWF2.ltrans0.ltrans.o
                0x00000000000810b0                APP_vProcessIncomingSerialCommands
 .text          0x0000000000085b94     0x1fbc C:\Users\akila\AppData\Local\Temp\ccRkJWF2.ltrans1.ltrans.o
                0x0000000000085b94                AppColdStart
 .text          0x0000000000087b50     0x1ec4 C:\Users\akila\AppData\Local\Temp\ccRkJWF2.ltrans2.ltrans.o
                0x0000000000087b50                vPostMlmeDcfmInd.146133
                0x0000000000087c6e                vMacMlmeCallBackHandler.120168
                0x0000000000087f45                zps_vSendJoinDcfm
                0x0000000000087f8b                ZPS_bIsMacAddressUsedInApsTable
                0x000000000008805c                eCLD_GroupsCheckGroupExists
                0x00000000000880c9                iPDM_FilterDuplicateAppendedSegmentsOnList.250551
                0x0000000000088110                u8PDM_CalculateLargestDataRecordStored
                0x0000000000088141                ZPS_u8MacIFTGetIntfState
                0x000000000008815e                ZPS_vMacIFTGetChannelMaskFromMacId
                0x00000000000881e0                ZPS_eTsvOpen
                0x00000000000881fd                zps_vNwkBttMgrInit
                0x000000000008822b                ZPS_vNwkNibClearTables
                0x0000000000088356                ZPS_u8GrabMutexLock.constprop.274
                0x0000000000088399                ZPS_u8ReleaseMutexLock.constprop.273
                0x00000000000883c4                PDUM_vInit
                0x0000000000088461                vMicroIntEnableOnly.constprop.242
                0x000000000008848d                PDM_vEnterCriticalSection
                0x00000000000884bb                vAHI_SpiRestoreConfiguration.constprop.241
                0x00000000000884fc                vAHI_SpiReadConfiguration.constprop.238
                0x000000000008852d                vConfigureSpi
                0x000000000008856d                bAHI_FullFlashRead
                0x00000000000885b0                vOtaFlashRead
                0x00000000000885b2                bAHI_FlashInit.constprop.237
                0x000000000008872c                zps_bAreCredPresent
                0x00000000000887b0                vOtaFlashInitHw
                0x00000000000887b2                AESSW_vMMOFinalUpdate
                0x0000000000088875                AESSW_vHMAC_MMO.constprop.220
                0x000000000008890f                zps_pvAesGetKeyFromInstallCode
                0x0000000000088996                zps_vAplSecSetInitialSecurityState
                0x0000000000088ac5                vACI_OptimisedCcmStar.constprop.225
                0x0000000000088cb1                zps_eNwkRtDiscMatch.constprop.222
                0x0000000000088d04                vMiniMac_MLME_SetReq_PanId
                0x0000000000088d41                vMiniMac_MLME_SetReq_ShortAddr
                0x0000000000088d4f                ZPS_u8MacPibGetBeaconPayload.constprop.178
                0x0000000000088d6b                ZPS_vGetDeviceCurrentData.constprop.177
                0x0000000000088dea                eZCL_FindCluster.constprop.165
                0x0000000000088e37                eCLD_GroupsSetIdentifying
                0x0000000000088e5a                eCLD_IdentifyRegisterTimeServer.part.0.17828
                0x0000000000088e9d                pvZCL_HeapAlloc.part.0.103940.constprop.114
                0x0000000000088ed7                ZTIMER_eOpen.constprop.108
                0x0000000000088f19                vAHI_UartReset.part.4.278560.constprop.36
                0x0000000000088f45                psSearchList.89671.constprop.23
                0x0000000000088f67                zps_bAplZdoServerHandleConfirmAcks.constprop.7
                0x0000000000088fb1                ZPS_eTsvStop
                0x0000000000088ff0                zps_vAplApsStopPollTimer
                0x000000000008907f                ZPS_vDefaultApsdeResources
                0x00000000000890ed                ZPS_vResetBoundServerContext
                0x00000000000890f0                eEdTimeoutRequestDataDcfm.256465
                0x0000000000089111                ZPS_u8GetChannelOffset
                0x0000000000089143                u32GetScanChannels.isra.3.137068
                0x0000000000089178                ZPS_u8MacIFTGetChannelMaskCount
                0x00000000000891b8                zps_vNwkHandleCmeGetInterface
                0x0000000000089304                i16JPT_ConvertEnergyTodBm
                0x0000000000089323                pvHeap_Alloc
                0x0000000000089326                vMicroIntRestoreState
                0x0000000000089332                TSV_eStart
                0x0000000000089382                ZPS_eTsvStart
                0x00000000000893bf                zps_eNwkHandleSceNwkUpdate
                0x00000000000893e3                vNwkMcpsSendTimedDfcm
                0x0000000000089427                zps_vAplApsCheckAndStartPollTimer
                0x0000000000089486                zps_eAplZdoBdrmRequestSend
                0x0000000000089501                vProcessTimedList.257532
                0x0000000000089547                zps_vNwkMcpsMgrPostTimed
                0x000000000008955a                zps_vAplAfPostTimerEvent
                0x00000000000895fa                zps_vExpireOldRoutes
                0x0000000000089683                zps_eNwkBtrMatch
                0x0000000000089780                PDM_vExitCriticalSection
                0x00000000000897a3                bAHI_WriteEEPROMfixSegmentData
                0x0000000000089801                bAHI_InitialiseEEPROM
                0x0000000000089849                vAHI_ReadDataFromEEPROMregister
                0x0000000000089876                vAHI_WriteDataIntoEEPROMregister
                0x00000000000898a6                iAHI_WriteDataIntoEEPROMsegment.constprop.227
                0x00000000000898f4                iPDM_WriteSegmentHeaderDataIntoEEPROMsegment
                0x0000000000089923                u32RaiseDigitalVoltage
                0x0000000000089943                u8AHI_WakeTimerFiredStatus
                0x0000000000089957                vAHI_WakeTimerStop.part.3.278806
                0x0000000000089977                vAHI_OptimiseWaitStates
                0x00000000000899c3                bAHI_GetClkSource
                0x00000000000899d0                vAHI_CpuDoze
                0x00000000000899e3                vAHI_SwReset
 .text.unlikely
                0x0000000000089a14       0xc8 C:\Users\akila\AppData\Local\Temp\ccRkJWF2.ltrans2.ltrans.o
                0x0000000000089a29                vAHI_MemoryHold.278240
 .text          0x0000000000089adc     0x263f C:\Users\akila\AppData\Local\Temp\ccRkJWF2.ltrans3.ltrans.o
                0x0000000000089adc                vMMAC_IntHandlerBbc
                0x0000000000089af6                eBasicTxCompleteHandler
                0x0000000000089afb                vTxRxTimeout.276761
                0x0000000000089b58                eSmeUDNTScanDcfm.266671
                0x0000000000089b74                vNwkMcpsTimerCallback
                0x0000000000089b8e                zps_eSceGenlIllegal
                0x0000000000089b95                zps_eSmeGenlIllegal
                0x0000000000089b9c                zps_bAplZdoBindRequestServer
                0x0000000000089cd4                vZdoEndDeviceBindTimeoutSecondMessage
                0x0000000000089ce8                vPostMcpsDcfmInd.146140
                0x0000000000089ceb                psGetVsMcpsBuf.146144
                0x0000000000089cf4                psGetMlmeBuf.146130
                0x0000000000089cfd                psGetMcpsBuf.146137
                0x0000000000089d06                zps_vExpireRequestKeyReq.136991
                0x0000000000089d80                psGetNlmeBuf.127274
                0x0000000000089d89                psGetNldeBuf.127295
                0x0000000000089d92                psGetApsmeBuf.127281
                0x0000000000089d98                zps_bAplZdoEndDeviceBindServer
                0x0000000000089e50                ZPS_vInterceptMcpsDataCallback
                0x0000000000089eb2                vLoopbackTimerCallback
                0x0000000000089ee1                vAHI_DioSetOutput
                0x0000000000089ef5                vAHI_DioSetDirection
                0x0000000000089f09                bIssueACIcommand
                0x0000000000089f9f                bACI_WriteKey
                0x0000000000089fac                vACI_CmdWaitBusy
                0x0000000000089fb9                vEcbEncodeStripe.278020
                0x000000000008a010                vMMAC_SetHighPowerOptions
                0x000000000008a08c                MAC_u64GetExtAddr
                0x000000000008a0a7                eAppApiDefPlmeGet.part.0.277024
                0x000000000008a0b6                psSearchForFrameToSend
                0x000000000008a10e                eMiniMac_FrameInProgress
                0x000000000008a139                vRemoveFromTxQueue
                0x000000000008a175                vAddToTxQueue
                0x000000000008a1ab                u8GetHeaderSize
                0x000000000008a1d3                vMiniMac_PLME_SetReq_CcaMode
                0x000000000008a1e7                vMiniMac_MLME_SetReq_MaxCsmaBackoffs
                0x000000000008a207                vMiniMac_MLME_SetReq_MaxBe
                0x000000000008a22a                vMiniMac_MLME_SetReq_MinBe
                0x000000000008a24d                zps_psFormatCmdFrameGeneral
                0x000000000008a2f9                zps_eNwkFormStInit
                0x000000000008a326                bCheckMatchingEntry.267423
                0x000000000008a34c                zps_psNwkSlistRemoveFromHead
                0x000000000008a363                zps_psNwkSlistRemove
                0x000000000008a39b                zps_bNwkMcpsMgrRemoveDescrFromLists
                0x000000000008a3d9                zps_vNwkSlistAddToTail
                0x000000000008a3f3                zps_vNwkMcpsMgrFreeReqDescr
                0x000000000008a428                zps_vNwkRemoveConflictedBroadcast
                0x000000000008a47d                ZPS_pvNwkSecGetNetworkKey
                0x000000000008a4b1                ZPS_bNwkSecHaveNetworkKey
                0x000000000008a4e5                ZPS_bNwkSecFindMatSet
                0x000000000008a521                zps_eNwkRctMatchNwkAddr
                0x000000000008a58b                ZPS_u8NwkCalcNldeReqOverhead
                0x000000000008a5c6                zps_vRemoveNextHop
                0x000000000008a67b                zps_vRemoveRoute
                0x000000000008a712                zps_psNwkRtMatchNwkAddr
                0x000000000008a788                zps_vNwkFreeMcpsHandle
                0x000000000008a7b2                zps_u8NwkAllocateMcpsHandle
                0x000000000008a803                zps_psNwkMcpsMgrFindPendingByNwkDstAddr
                0x000000000008a819                ZPS_u64NwkNibGetMappedIeeeAddr
                0x000000000008a849                ZPS_vNwkSecResetDevice
                0x000000000008a891                ZPS_bNwkNibNtActvMatch
                0x000000000008a943                ZPS_u64NwkNibFindExtAddr
                0x000000000008a9e9                bCheckNwkAddr
                0x000000000008aa32                bIsBindTableMatch.131475
                0x000000000008aa9a                eRemoveEntryInBindingTable.131479
                0x000000000008ab1e                zps_bAplZdoTrustCenterGetDevicePermissions
                0x000000000008ab6b                zps_eAplTrustCenterFindDevice
                0x000000000008abaf                ZPS_vSetExtendedStatus
                0x000000000008abc1                zps_eNwkRtMatch
                0x000000000008accf                eAllocateNPDU.122431
                0x000000000008ad32                PDUM_eNPduClone
                0x000000000008ad7e                PDUM_hAPduAllocateAPduInstance
                0x000000000008add8                hZCL_AllocateAPduInstance
                0x000000000008ae15                zps_eAplZdoSendZdpResponse
                0x000000000008ae5e                zps_bAplZdoMgmtLqiServer
                0x000000000008b093                zps_bAplZdoMgmtRtgServer
                0x000000000008b1d3                bSendResponse.166882
                0x000000000008b216                zps_psApsApsAllocateDcfmRecord
                0x000000000008b284                zps_u8CalcLinkCost
                0x000000000008b2c0                ZPS_u8NwkNibNtDiscMatch
                0x000000000008b3a4                zps_u8NwkLibChannelLow
                0x000000000008b3b3                zps_u64NwkLibFromPayload
                0x000000000008b3f2                psAddToDiscNt.267219
                0x000000000008b58e                eSmeUDNTBeaconInd.267226
                0x000000000008b5b3                zps_vNwkLibU64ToPayload
                0x000000000008b5e0                zps_eNwkDcfmIndPost
                0x000000000008b602                zps_psNwkDcfmIndGetBuf
                0x000000000008b624                zps_eNwkHandleSmePollDcfm
                0x000000000008b64e                zps_vSendJoinInd
                0x000000000008b6bc                vSendDcfm.267974
                0x000000000008b6e0                eSmeEdScScanDcfm.267230
                0x000000000008b729                eSmeGenlScanDcfm.267234
                0x000000000008b787                zps_eNwkHandleSmeDutyCycleInd
                0x000000000008b7af                eRouteRequestDataDcfm.262290
                0x000000000008b803                eNldeDataDcfm.260008
                0x000000000008b833                zps_vSendNwkStatusInd
                0x000000000008b864                eLeaveDataDcfmRemoteLeave.253516
                0x000000000008b8bf                psSLISTsearch
                0x000000000008b8ff                psSLISTremove
                0x000000000008b97d                psSLISTgetNext
                0x000000000008b9a1                iSLISTnumberOfNodes
                0x000000000008b9b8                u8PDM_CalculateFileSystemCapacity
                0x000000000008b9cd                u8PDM_GetFileSystemOccupancy
                0x000000000008b9e5                u8PDM_ReadSequenceNumber
                0x000000000008ba08                boSegmentNumberDeleteSearchMatch.249932
                0x000000000008ba23                u8PDM_ReadSegmentDataSize
                0x000000000008ba37                u32PDM_ReadFileSystemHeaderWearCount
                0x000000000008ba4d                boSearchForWearCountSubstitute.250252
                0x000000000008ba73                boSearchForWearCountInsertPoint.249481
                0x000000000008ba91                vPDM_WriteFileSystemHeaderWearCount
                0x000000000008baa3                vPDM_ReadBitmapHeader.248392
                0x000000000008bac2                RND_u32GetRand256
                0x000000000008badf                RND_u32GetRand
                0x000000000008bb07                u16CalculateFailedTxCount
                0x000000000008bb37                vZdoIeeeAddrServerSendExtendResponse.part.0.151590
                0x000000000008bb9b                vZdoNwkAddrServerSendExtendResponse.part.0.150324
                0x000000000008bbff                vReset_StateMachine.149016
                0x000000000008bc43                bFindMatch.148973
                0x000000000008bca1                zps_bPerformLeaveActionDecider
                0x000000000008bca6                vHandleUpdateDeviceIndication.137023
                0x000000000008bcd0                zps_vByteCopy.part.2.133163
                0x000000000008bcec                zps_vByteCopy
                0x000000000008bd04                bDuplicateCheck.132971
                0x000000000008be11                zps_vAplApsInitDuplicateTable
                0x000000000008be34                zps_vInitAPSMECmdHdr
                0x000000000008be6d                psApsmeRequestKeyGetHandle
                0x000000000008bec8                eHandleRemoveNonBroadcastEndpointsFromGroup.131455
                0x000000000008bf40                eHandleAddEntryToGroupTable.131442
                0x000000000008bf9c                zps_vAplApsInitFragTransmitPool
                0x000000000008bfbd                zps_vAplApsFillAndPostApsAck
                0x000000000008c027                zps_u8AplApsFreeMsgHandle
                0x000000000008c091                zps_vAplApsInitSyncMsgPool
                0x000000000008c0c9                u8BlocksToSendInWindow.128702
 .text          0x000000000008c11b     0x199a C:\Users\akila\AppData\Local\Temp\ccRkJWF2.ltrans4.ltrans.o
                0x000000000008c11b                eSmeASFlBeaconInd.267242
                0x000000000008c4c5                zps_bAplZdoMatchDescServer
                0x000000000008c4d9                eSmeAcScBeaconInd.267250
                0x000000000008c5e9                vCLD_IdentifyTimerClickCallback.17821
                0x000000000008c6cd                vMiniMac_ReturnTxBufferCallback
                0x000000000008c6f9                vPostTxActions.276807
                0x000000000008c736                vMiniMac_McpsCallback
                0x000000000008c9e8                eMcpsTxCompleteHandler.275729
                0x000000000008ca16                boPDM_IsBitmapSaturated.248427
                0x000000000008ca5f                ZPS_u16MacIFTGetIDByChannelMask
                0x000000000008caa4                ZPS_u8MacIFTAddUpdateChannelMask
                0x000000000008cb3e                zps_eAplAibSetApsChannelMask
                0x000000000008cb69                zps_psAllocateAndFormatMacHdr
                0x000000000008cecc                zps_psNwkInitCmdFrame
                0x000000000008cf4b                eSendLinkStatusDataDcfm.part.1.255207
                0x000000000008d072                ZPS_bSecDecrypt
                0x000000000008d184                iPDM_SearchForBufferIdInList
                0x000000000008d1b9                iPDM_SearchForBufferIdInFileSystem
                0x000000000008d1cc                iPDM_SearchForSpecificSegmentInList
                0x000000000008d1fe                bPDM_FindLastMarkerSegment.249774
                0x000000000008d24b                vEnableReceive.276763
                0x000000000008d284                psGetTxFrameBuffer
                0x000000000008d2c0                psGetAndBuildCoordRealignment
                0x000000000008d318                vMMAC_RadioToOffAndWait
                0x000000000008d335                vStartReceive
                0x000000000008d350                eOrphanNotificationSent.276404
                0x000000000008d399                vSetChannelAndPower
                0x000000000008d421                vMiniMac_PLME_SetReq_Power
                0x000000000008d435                vMiniMac_PLME_SetReq_Channel
                0x000000000008d43d                vAHI_UartConfigureFIFOs.part.5.278659.constprop.34
                0x000000000008d4a0                eOTA_NewImageLoaded.part.4.83527.constprop.171
                0x000000000008d50a                vAppInitOTA
                0x000000000008d5e4                iPDM_ReadSegmentHeaderDataFromEEPROMsegment
                0x000000000008d63d                iPDM_ReadUserDataFromEEPROMsegment
                0x000000000008d6b7                iPDM_ReCalculateWearCountAndChecksumAndWriteFileSystemHeader
                0x000000000008d701                vPDM_SetEEPROMandFileSystemValidState
                0x000000000008d728                iPDM_ReadUserDataFromFileSystemRecord
                0x000000000008d748                iPDM_ReadUserDataFromSegmentOnListWithId
                0x000000000008d786                iPDM_ReadUserDataFromSegmentWithId
                0x000000000008d7bb                PDM_eReadDataFromRecord
                0x000000000008d841                ZPS_vTcInitFlash.constprop.163
                0x000000000008d8ae                APP_vConfigureDevice
                0x000000000008d98c                vLoadAplRecord.137052
                0x000000000008d9ba                vLoadNwkRecord.258508
                0x000000000008d9f2                iPDM_CompareDataInFileRecords.249745
                0x000000000008da2e                PWRM_vWakeInterruptCallback
 .text          0x000000000008dab5     0x18f9 C:\Users\akila\AppData\Local\Temp\ccRkJWF2.ltrans5.ltrans.o
                0x000000000008dab5                vPermitJoinHandleExpiry.261068
                0x000000000008dabe                zps_bAplZdoNodeDescServer
                0x000000000008dc30                zps_bAplZdoPowerDescServer
                0x000000000008dd54                zps_bAplZdoActiveEpServer
                0x000000000008de3d                zps_bAplZdoSystemServerDiscoveryServer
                0x000000000008dec9                zps_vNwkHandleCmePermitJoinReq
                0x000000000008df31                zps_vFragmentWindowTimeout.126936
                0x000000000008df92                APP_cbToggleLED
                0x000000000008e02c                zps_bAplZdoSimpleDescServer
                0x000000000008e27a                vZdoServersInit.2362
                0x000000000008e431                vPostVsMcpsDcfmInd.146147
                0x000000000008e484                u16PDM_CalculateRecordChecksum
                0x000000000008e527                vPDM_WriteFileSystemRecordAndSegmentDataIntoEEPROMsegment
                0x000000000008e562                u8ZdoBindUnbindServerUnpackApdu
                0x000000000008e5b1                eCopyFragmentToApdu.isra.0.126984
                0x000000000008e6d3                u16ZCL_APduInstanceReadStringNBO.part.3.91924
                0x000000000008e7ab                eZCL_GetAttributeTypeSizeFromBuffer
                0x000000000008e822                u16ZCL_GetTxPayloadSize
                0x000000000008e85a                u16ZCL_APduInstanceWriteNBO
                0x000000000008e8e6                u16ZCL_WriteCommandHeader
                0x000000000008e95e                u16ZCL_APduInstanceReadNBO
                0x000000000008ea43                u16ZCL_ReadCommandHeader.part.0.94906
                0x000000000008eaba                u16ZCL_ReadCommandHeader
                0x000000000008eac8                eCLD_OnOffCommandHandler
                0x000000000008eae5                u16ZCL_APduInstanceWriteStringNBO.part.0.91883
                0x000000000008ebc1                zps_bAplZdpUnpackNodeDescResponse
                0x000000000008ec83                eOtaFindCluster.constprop.175
                0x000000000008eccb                eOTA_GetOtaHeader.part.9.83540
                0x000000000008ed5a                ZPS_vMacPibSetBeaconPayload.constprop.205
                0x000000000008ed8f                zps_vInitBeaconPayload
                0x000000000008edea                u8ZdoEndDeviceBindServerUnpackApdu
                0x000000000008ee7a                vZdoEndDeviceBindStateIdle
                0x000000000008f1a5                vGiveUp.270762
                0x000000000008f1dd                ZPS_u16NwkNibFindNwkAddr
                0x000000000008f27e                eCLD_GroupsCreateGroups.constprop.140
 .text          0x000000000008f3ae     0x1a55 C:\Users\akila\AppData\Local\Temp\ccRkJWF2.ltrans6.ltrans.o
                0x000000000008f45f                eBeaconReqSent.276408
                0x000000000008f486                zps_bAplZdoIeeeAddrServer
                0x000000000008f5e2                zps_bAplZdoNwkAddrServer
                0x000000000008f775                vPDM_AddFileSystemElementToListInAscendingWearCountOrder
                0x000000000008f89d                vPDM_MoveFileRecordFromListToList
                0x000000000008f8bf                vPDM_MoveRecordToDeAllocList
                0x000000000008f8df                iPDM_GetWearLevelledBuffer
                0x000000000008f9b2                iPDM_WriteSegmentHeaderAndData
                0x000000000008fb00                vIncrementFrameCounterInPdm.isra.0.258960
                0x000000000008fcdf                zps_eNwkSecEncryptPacket
                0x000000000008fdf5                vProcessListsForSubmission.257628
                0x000000000009003f                zps_vNwkMcpsMgrPost
                0x0000000000090063                psSendRouteReplyCmd.262272
                0x0000000000090175                zps_eNwkHandleSceRouteReply
                0x0000000000090448                zps_psSendNetworkLinkPowerDelta.263698
                0x00000000000904da                zps_eNwkHandleSceNwkLinkPowerDelta
                0x00000000000904f4                zps_psNwkSendRejoinReqCmd
                0x0000000000090572                iPDM_ReconstructAtRunTimeReplacedDataTable
                0x00000000000906b2                PWRM_vManagePower
                0x00000000000907ef                vSL_WriteMessage
                0x0000000000090876                APP_vIdentifyEffectEnd
                0x00000000000908a3                app_vFormatAndSendUpdateLists
                0x0000000000090cda                vSL_LogSend
                0x0000000000090d2c                vReportException
 *fill*         0x0000000000090e03        0x1 00
 .text          0x0000000000090e04     0x1b34 C:\Users\akila\AppData\Local\Temp\ccRkJWF2.ltrans7.ltrans.o
                0x0000000000090e04                vMiniMac_MlmeCallback
                0x0000000000090ffc                APP_vSendJoinedFormEventToHost.part.2.2966
                0x000000000009108f                APP_vHandleStackEvents
 .text          0x0000000000092938     0x1931 C:\Users\akila\AppData\Local\Temp\ccRkJWF2.ltrans8.ltrans.o
                0x0000000000092a4a                zps_eNwkHandleSceNwkEdTimeoutReq
                0x0000000000092b45                zps_vAplSaveRecord
                0x0000000000092cca                zps_bNwkFindAddIeeeAddr
                0x0000000000092e52                eCheckAddrConflict.isra.7.256594
                0x0000000000092eed                vAplSecRemoveLinkKey.137108
                0x000000000009306b                ZPS_vRemoveEntryFromAddressMap
                0x00000000000930b4                ZPS_vNwkSaveAllRecords
                0x00000000000930de                zps_vSaveAllZpsRecords
                0x00000000000930fd                ZPS_vNtSetUsedStatus
                0x00000000000931cb                zps_vJoinInitNtParent
                0x00000000000933af                zps_bAplZdoParentAnnceServer
                0x0000000000093549                zps_vBuildSortedActvNTList
                0x0000000000093615                zps_vCheckActvNtForDuplicate
                0x00000000000936b4                zps_eNwkHandleSceLeave
                0x0000000000093850                zps_vNwkHandleCmeLeaveReq
                0x000000000009396e                zps_vCleanUnAuthenHandleExpiry
                0x0000000000093a9b                eUnsolicitedRejoinRspDataDcfm.256339
                0x0000000000093ac6                eRejoinRspDataDcfm.269932
                0x0000000000093b72                ZPS_vNwkNibSetNwkAddr
                0x0000000000093b9c                zps_eNwkHandleSceRejnResponse
                0x0000000000093bf9                ZPS_vNwkNibSetExtPanId
                0x0000000000093c29                vFinish.271220
                0x0000000000093c7e                ZPS_vNwkNibSetKeySeqNum
                0x0000000000093c92                ZPS_vNwkNibSetDepth
                0x0000000000093cc7                ZPS_vNwkNibSetUpdateId
                0x0000000000093cf2                vSendNetworkUpdate.256327
                0x0000000000093e27                ZPS_vNwkNibSetPanId
                0x0000000000093e45                ZPS_vNwkNibSetCapabilityInfo
                0x0000000000093e72                ZPS_vNwkNibSetChannel
                0x0000000000093e90                zps_u8NwkHandleRejoinReq
                0x0000000000093f50                vContinueRejoin.269928
                0x0000000000093ff7                zps_vProcessLocalAddrConflict
                0x00000000000940a2                ZPS_vNwkNibSetAuxChannel
                0x00000000000940bb                zps_vNwkHandleCmeSetInterface
 .text          0x0000000000094269     0x1bc4 C:\Users\akila\AppData\Local\Temp\ccRkJWF2.ltrans9.ltrans.o
                0x0000000000094269                zps_eNwkHandleSceLinkStatus
                0x0000000000094438                eSmeOrphScanDcfm.271233
                0x00000000000944b0                zps_bGetFlashCredential
                0x00000000000945a5                zps_psFindKeyDescr
                0x0000000000094712                zps_eAplApsmeBindReqRsp
                0x00000000000947e5                zps_eAplApsmeUnBindReqRsp
                0x0000000000094889                zps_eAplZdoUnbind
                0x0000000000094909                zps_eAplZdoGroupEndpointRemove
                0x000000000009499a                zps_eAplApsmeRemoveAllGroupsReqRsp
                0x00000000000949db                zps_eAplAibSetApsTrustCenterAddress
                0x00000000000949f1                zps_vAplTrustCenterInit
                0x0000000000094a7f                ZPS_vNMPurgeEntry
                0x0000000000094c3f                ZPS_vSetDevicePreviousData.constprop.149
                0x0000000000094dbd                vInitUnknownNeighbor.257539.constprop.63
                0x0000000000094e16                zps_bAplZdoTrustCenterSetDevicePermissions
                0x0000000000094ed7                zps_eAplZdoAddReplaceLinkKey_W
                0x0000000000094f9b                ZPS_bNwkNibAddrMapAddEntry
                0x0000000000095150                zps_eAplZdoBind
                0x00000000000951e4                zps_vAgeRouter
                0x000000000009521d                zps_eNwkHandleSdeActvDcfmData
                0x00000000000953a2                vMcpsMgrTimeoutExpiry
                0x000000000009540c                zps_vNwkSecondTickHandleExpiry
                0x00000000000955f7                zps_eNwkHandleSceRouteRequest
                0x0000000000095acb                zps_sNwkNibNtCheckJoin.part.8.259254
                0x0000000000095d84                zps_vNwkHandleCmeDirectJoinReq
 .text          0x0000000000095e2d     0x18f1 C:\Users\akila\AppData\Local\Temp\ccRkJWF2.ltrans10.ltrans.o
                0x0000000000095e2d                ZPS_vNwkMacDataPollRequest
                0x0000000000095fc4                vMcpsMgrExpiry.257455
                0x0000000000096213                zps_vNwkHandleCmeRouteDiscoveryReq
                0x00000000000963e1                zps_eNwkHandleSceRouteRecord
                0x00000000000964d8                vSendNetworkReport.256323
                0x00000000000965b6                vPDM_MoveAllDataFromListToList
                0x00000000000965f4                vPDM_MoveAllDataToDeAllocList.constprop.244
                0x000000000009661f                iPDM_ReplaceChangedSegmentInSequence
                0x000000000009680e                iPDM_VerifyDataSequenceWithBufferId
                0x00000000000968aa                iPDM_ReconstructReplacedDataTable
                0x00000000000969a1                vPDM_MoveAllDataWithBufferIdAndStateFromListToList
                0x0000000000096a2c                iPDM_CreateCandidateBufferList
                0x0000000000096b30                vPDM_MoveAllDataWithBufferIdFromListToList
                0x0000000000096bb5                vPDM_DeleteAppendedSequence
                0x0000000000096c57                PDM_eSaveRecordData
                0x0000000000096ff3                ZPS_vNwkSaveRecord
                0x000000000009701f                ZPS_vNwkSaveNt
                0x000000000009705a                zps_eNwkHandleSmeCommStatusInd
                0x0000000000097114                ZPS_vNwkSaveSecMat
                0x0000000000097127                vPDM_DeleteAllSegmentsWithIdFromFileSystemList.248829.constprop.13
                0x0000000000097169                zps_psSendFrm
                0x00000000000974c7                zps_psSendBroadcastFrm.part.0.268663
                0x000000000009752f                zps_psNwkSendLeaveCmd
                0x0000000000097597                zps_psNwkPropagateLocalLeave
                0x00000000000975bf                zps_psSendNetworkStatusCmd
                0x000000000009762c                zps_eDefaultDataDcfm
 .text          0x000000000009771e     0x14ef C:\Users\akila\AppData\Local\Temp\ccRkJWF2.ltrans11.ltrans.o
                0x000000000009771e                vHandleEdTimeoutReqExpiry.256331
                0x000000000009782f                zps_vNwkHandleCmeActvStartRouterReq
                0x0000000000097968                vHandleNwkLocalUpdateAfterBcast.256344
                0x00000000000979bc                vHandleNwkRemoteUpdateAfterBcast.256335
                0x0000000000097a10                zps_vNwkHandleCmeSyncReq
                0x0000000000097bdb                zps_eRejoinDataDcfm
                0x0000000000097c98                eSmeAsocAssocDcfm.271388
                0x0000000000097d1c                eSmeRjPCPollDcfm.271384
                0x0000000000097d5d                eSceRjRsRejoinRsp.271351
                0x0000000000097e35                ZPS_pvNwkCtor.constprop.203
                0x00000000000983af                ZPS_vNwkHandleNlmeReqRsp
                0x000000000009842c                zps_sNwkLibSubmitScan
                0x0000000000098465                eSmeAcScScanDcfm.267985
                0x00000000000987db                zps_vNwkHandleCmeIdleNwkFormReq
                0x00000000000988ec                zps_vNwkHandleCmeNwkDiscReq
                0x0000000000098966                zps_vNwkDiscUpdateNT
                0x0000000000098a0a                zps_eNwkHandleSmeBeaconNotifyInd
                0x0000000000098a98                zps_eNwkHandleSceNwkReport
                0x0000000000098b1e                eSmeEdScScanDcfm.267978
                0x0000000000098bce                zps_vNwkHandleCmeEdScanReq
 .text          0x0000000000098c0d     0x1695 C:\Users\akila\AppData\Local\Temp\ccRkJWF2.ltrans12.ltrans.o
                0x0000000000098c0d                vStartScanTimerExpiry.168145
                0x0000000000098cc4                vChangeChannelTimerExpiry.168149
                0x0000000000098d3b                eLeaveReset.253521
                0x0000000000098da6                eLeaveDataDcfmLocalLeave.253526
                0x0000000000098e20                ZPS_eAplAfInit
                0x00000000000995e5                eDiscoverNetworks
                0x0000000000099641                eStartRouter
                0x0000000000099732                vHandleNwkKeyTransport.137441
                0x000000000009986d                zps_vAplAfPostEvent
                0x000000000009a1a3                zps_eAplZdoNlmePermitJoiningWrapper
                0x000000000009a1cb                zps_bAplZdoPermitJoiningServer
 .text          0x000000000009a2a2     0x16e1 C:\Users\akila\AppData\Local\Temp\ccRkJWF2.ltrans13.ltrans.o
                0x000000000009a2a2                eSmeAcScBeaconInd.267428
                0x000000000009a4a0                vMiniMac_NextTransaction
                0x000000000009a50a                UART_vSetTxInterrupt
                0x000000000009a5d7                vSL_TxByte.10389
                0x000000000009a60c                zps_u8AplApsConstructAndPostLoopBackDataInd.129898
                0x000000000009a745                u8PostUnicastMsgToNHLE.129906
                0x000000000009a77e                vFreePendingReqDescr
                0x000000000009a7e9                vHandleRouteDiscoveryExpiry.261829
                0x000000000009a847                eHandleRemoveBroadcastEndpointsFromGroup.131438
                0x000000000009a8a1                bAHI_FullFlashProgram
                0x000000000009a957                vOtaFlashWrite
                0x000000000009a959                zps_vNwkMcpsMgrTidyBtrReqDescr
                0x000000000009a99e                vNwkBttTimerExpiry.265383
                0x000000000009aac0                eZCL_SetReceiveEventAddressStructure
                0x000000000009ab3f                eCLD_ThermostatCommandHandler
                0x000000000009ab8b                ZPS_bSecEncrypt
                0x000000000009ad3c                zps_vAplApsFragTransmitNotifyApp.129854
                0x000000000009add9                zps_vHandleExtendedDataAckFrame
                0x000000000009aebe                bAHI_FlashEraseSector
                0x000000000009af1a                vOtaFlashErase
                0x000000000009af1c                eTransmit
                0x000000000009afea                vRetryCcaFailure
                0x000000000009b037                zps_vSocMacHandleMcpsVsReqRsp.constprop.230
                0x000000000009b1c6                eBuildAndSend.276414
                0x000000000009b23b                vMiniMac_TxComplete
                0x000000000009b32e                ZPS_vMacPibSetRxOnWhenIdle
                0x000000000009b337                zps_vDefaultNwkLayer
                0x000000000009b56c                vTimerFired
                0x000000000009b641                vMiniMac_Init
 *fill*         0x000000000009b983        0x1 00
 .text          0x000000000009b984     0x13c0 C:\Users\akila\AppData\Local\Temp\ccRkJWF2.ltrans14.ltrans.o
                0x000000000009bcef                zps_vAplTrustCenterUpdateDevice
                0x000000000009bf13                zps_vAplTrustCenterRequestKey
                0x000000000009c0d3                vPostNlmeDcfmInd.127277
                0x000000000009c861                ZPS_vAplHandleApsdeReqRsp
                0x000000000009cc7a                zps_eAplZdpApsdeReqInternal
                0x000000000009cce9                zps_eAplZdpGenStatusOnlyResponse
 .text          0x000000000009cd44     0x1abc C:\Users\akila\AppData\Local\Temp\ccRkJWF2.ltrans15.ltrans.o
                0x000000000009d8d4                eApp_ZLO_RegisterEndpoint.constprop.115
                0x000000000009d8e5                APP_ZCL_cbEndpointCallback.7852
                0x000000000009e3c3                ZPS_vNwkHandleNldeReqRsp
                0x000000000009e5f2                zps_eAplApsmeCmdMgrSendCommand
                0x000000000009e6cf                zps_vAplApsmeCmdMgrRetryTimeout.131415
                0x000000000009e6fb                zps_eAplZdoGroupEndpointAdd
 .text          0x000000000009e800     0x104c C:\Users\akila\AppData\Local\Temp\ccRkJWF2.ltrans16.ltrans.o
                0x000000000009e800                vInitialiseApp.9057
 .text          0x000000000009f84c     0x1670 C:\Users\akila\AppData\Local\Temp\ccRkJWF2.ltrans17.ltrans.o
                0x000000000009f84c                vZdoBdrmSendNextTimedRequest
                0x000000000009fcb1                zps_bAplZdoBindUnbindServer
                0x000000000009ff95                zps_bAplZdoMgmtBindServer
                0x00000000000a0197                zps_eZdpNodeDescResponse
                0x00000000000a023f                zps_eZdpParentAnnceResponse
                0x00000000000a02e1                zps_eZdpPowerDescResponse
                0x00000000000a037e                zps_eZdpNwkAddrResponse
                0x00000000000a0466                zps_eZdpIeeeAddrResponse
                0x00000000000a054e                zps_bAplZdoMgmtNWKUpdateServer
                0x00000000000a0a55                eAplAfCommonDataReq.125459
                0x00000000000a0b0f                eZCL_TransmitDataRequest
 .text          0x00000000000a0ebc     0x1454 C:\Users\akila\AppData\Local\Temp\ccRkJWF2.ltrans18.ltrans.o
                0x00000000000a0ebc                vZCL_EventHandler
 .text          0x00000000000a2310     0x18bd C:\Users\akila\AppData\Local\Temp\ccRkJWF2.ltrans19.ltrans.o
                0x00000000000a2310                psGetApsdeBuf.127288
                0x00000000000a2429                APP_bMultimaskJoinCallBack
                0x00000000000a2435                vMacMcpsCallBackHandler.120172
                0x00000000000a2446                eCLD_ColourControlCommandHandler
                0x00000000000a244b                eCLD_LevelControlCommandHandler
                0x00000000000a2450                APP_vProfileWideCommandSupportedForCluster
                0x00000000000a2462                vfExtendedStatusCallBack
                0x00000000000a2465                APP_ZCL_cbGeneralCallback.7855
                0x00000000000a2468                zps_vGetZpsMutex
                0x00000000000a2471                bCLD_GroupsSearchForGroup.16672
                0x00000000000a2496                zps_vAplApsInitFragReceivePool
                0x00000000000a24b9                vFillDataIndStruct.126952
                0x00000000000a2517                vFillApduErrorEvent.126945
                0x00000000000a255a                bCheckProfile.126940
                0x00000000000a2598                ZPS_bIsGroupPresent
                0x00000000000a25d0                pdum_u16ReadNBO
                0x00000000000a2731                PDUM_u16SizeNBO
                0x00000000000a278f                PDUM_u16APduInstanceWriteStrNBO
                0x00000000000a290e                PDUM_u16APduInstanceReadNBO
                0x00000000000a2959                PDUM_u16APduInstanceWriteNBO
                0x00000000000a29c3                PDUM_thAPduInstanceGetApdu
                0x00000000000a29de                PDUM_eAPduFreeAPduInstance
                0x00000000000a2a44                PDUM_eAPduInstanceSetPayloadSize
                0x00000000000a2a6c                PDUM_eNPduWriteDataFromBuffer
                0x00000000000a2ac6                PDUM_eNPduWriteDataToBuffer
                0x00000000000a2b24                PDUM_eNPduWriteFromBuffer
                0x00000000000a2b4d                PDUM_eNPduDescend
                0x00000000000a2b73                PDUM_eNPduAscend
                0x00000000000a2b99                PDUM_eNPduClaimData
                0x00000000000a2c06                PDUM_eNPduAppendDataNBO
                0x00000000000a2c63                PDUM_eNPduClaimHeader
                0x00000000000a2c86                PDUM_eNPduReadHeaderNBO
                0x00000000000a2cd9                PDUM_eNPduPrependHeaderNBO
                0x00000000000a2d34                PDUM_eNPduFree
                0x00000000000a2d92                zps_vAplApsFragReceiveFree.126975
                0x00000000000a2da8                PDUM_eNPduInitDescending
                0x00000000000a2dc3                ZPS_u8MacGetChannelOffsetFromMask
                0x00000000000a2dd2                ZPS_eMacValidateChannelMask
                0x00000000000a2e01                BDB_u8PickChannel
                0x00000000000a2e5e                eZCL_DoesAttributeHaveReportableChange
                0x00000000000a2e87                eZCL_GetAttributeReportableEntry.part.1.110993
                0x00000000000a2f46                vZCL_SetDefaultReporting
                0x00000000000a2f78                eZCL_BuildClientTransmitAddressStructure
                0x00000000000a2fa9                bValidateCommandWithCommandsFlags.102017
                0x00000000000a2ff2                u8GetTransactionSequenceNumber
                0x00000000000a3004                bZCL_CheckManufacturerSpecificCommandFlagMatch
                0x00000000000a3022                bZCL_CheckAttributeDirectionFlagMatch
                0x00000000000a3046                bZCL_CheckManufacturerSpecificAttributeFlagMatch
                0x00000000000a3064                eZCL_SearchForAttributeEntry
                0x00000000000a3109                eZCL_GetAttributeTypeSize
                0x00000000000a3128                u8ZCL_GetAttributeAllignToFourBytesBoundary
                0x00000000000a313d                pvZCL_GetAttributePointer
                0x00000000000a31b3                vReverseMemcpy.part.2.90366
                0x00000000000a31e8                vReverseMemcpy
                0x00000000000a3200                sOtaGetHeader
                0x00000000000a330e                u16ZCL_GetStringStructureSize
                0x00000000000a334b                u16ZCL_GetStringAttributeTypeSizeFromBuffer
                0x00000000000a33bc                u16ZCL_GetStringSizeAndBufferFromStructure
                0x00000000000a344b                bZCL_SendCommandResponse
                0x00000000000a3467                vZCL_InitializeClusterInstance
                0x00000000000a347c                eZCL_SearchForEPIndex
                0x00000000000a34be                eZCL_SearchForClusterEntry
                0x00000000000a3522                eZCL_BuildTransmitAddressStructure
                0x00000000000a358f                eZCL_SearchForEPentry
                0x00000000000a35cb                eZCL_SearchForEPentryAndCheckManufacturerId
                0x00000000000a3609                vZCL_PassEventToUser
                0x00000000000a3636                boDLISTisEmpty
                0x00000000000a364e                vDLISTaddToTail
                0x00000000000a367c                psDLISTremove
                0x00000000000a36df                vOtaFlashLockRead
                0x00000000000a3725                ZTIMER_eStart
                0x00000000000a3783                ZTIMER_eStop.part.4.10696
                0x00000000000a37c9                ZQ_bQueueReceive
                0x00000000000a383a                ZQ_bQueueSend
                0x00000000000a38b0                APP_vGenCallback
                0x00000000000a38ce                App_TransportKeyCallback
                0x00000000000a38ed                vAPP_ZCL_DeviceSpecific_Init
                0x00000000000a3944                App_u16BufferReadNBO
                0x00000000000a3a72                APP_u16GetAttributeActualSize
                0x00000000000a3b46                ZPS_psMacIFTGetInterface
                0x00000000000a3b62                vShowException
 *fill*         0x00000000000a3bcd        0x3 00
 .text          0x00000000000a3bd0     0x13c0 C:\Users\akila\AppData\Local\Temp\ccRkJWF2.ltrans20.ltrans.o
                0x00000000000a3bd0                vBbcIntHandler.275299
                0x00000000000a3eb6                eAssocRespSent.275617
                0x00000000000a3ed5                zps_vNwkHandleCmeNwkJoinReq
                0x00000000000a420b                zps_vNwkHandleCmeNwkActvJoinReq
                0x00000000000a42e5                zps_eNwkHandleSmeOrphanInd
                0x00000000000a42f5                zps_vAplApsPollTimer
                0x00000000000a4357                vAplSecAuthPollTimerExpiry.136999
                0x00000000000a4461                zps_eNwkSendJoinResponse
                0x00000000000a470d                zps_eProcessAddrConflict
                0x00000000000a48b6                ZPS_vNwkNibCheckAndUpdateAddresses
                0x00000000000a4957                zps_bAplZdoDeviceAnnceServer
                0x00000000000a4bea                zps_eNwkHandleSceNwkStatus
                0x00000000000a4d7e                eRejoinNetwork.137070
                0x00000000000a4e42                eStartNetworkDiscovery.137082
                0x00000000000a4eaa                zps_eAplZdoStartStack
 .text          0x00000000000a4f90     0x12a0 C:\Users\akila\AppData\Local\Temp\ccRkJWF2.ltrans21.ltrans.o
                0x00000000000a514b                eCLD_IdentifyCommandHandler
                0x00000000000a5311                eCLD_GroupsCommandHandler
                0x00000000000a5878                eOTA_ServerUpgradeEndResponse
                0x00000000000a590b                eOTA_ServerImageBlockResponse
                0x00000000000a5da7                eOtaCommandHandler
                0x00000000000a60b8                eCLD_IASZoneEnrollRespSend
                0x00000000000a60f3                eCLD_IASZoneCommandHandler
 .text          0x00000000000a6230     0x1394 C:\Users\akila\AppData\Local\Temp\ccRkJWF2.ltrans22.ltrans.o
                0x00000000000a6230                eZCL_SendConfigureReportingCommand
                0x00000000000a63b4                eZCL_SendDefaultResponse
                0x00000000000a64b3                vZCL_HandleAttributesWriteRequest
                0x00000000000a6a40                eSimpleMeteringCommandHandler
                0x00000000000a6a6c                eZCL_CustomCommandReceive
                0x00000000000a6cc7                eCLD_BasicCommandHandler
                0x00000000000a6d36                eCLD_ScenesCommandHandler
                0x00000000000a6f07                eCLD_DoorLockCommandHandler
                0x00000000000a6f92                vZCL_HandleCommandsDiscoverRequest.102031
                0x00000000000a71d5                vZCL_HandleDiscoverCommandsResponse.103201
                0x00000000000a72df                vZCL_HandleAttributesReadResponse
                0x00000000000a7500                eZCL_SendDiscoverCommandGenericRequest.102093
 .text          0x00000000000a75c4     0x10e0 C:\Users\akila\AppData\Local\Temp\ccRkJWF2.ltrans23.ltrans.o
                0x00000000000a779d                vPostApsmeDcfmInd.127284
                0x00000000000a7a4e                zps_vHandleApsdeDataFragInd
                0x00000000000a7f60                zps_eStartFragmentedTransmission
                0x00000000000a8075                APP_vHandleAppEvents
 .text          0x00000000000a86a4     0x11af C:\Users\akila\AppData\Local\Temp\ccRkJWF2.ltrans24.ltrans.o
                0x00000000000a86a4                zps_eZdpSimpleDescResponse
                0x00000000000a87b1                zps_eZdpActiveEpResponse
                0x00000000000a8847                zps_eZdpMatchDescResponse
                0x00000000000a88dd                zps_eZdpSystemServerDiscoveryResponse
                0x00000000000a894c                zps_eAplZdpMgmtLqiResponse
                0x00000000000a8a5c                zps_eAplZdpMgmtRtgResponse
                0x00000000000a8b23                zps_eZdpMgmtNwkUpdateNotifyResponse
                0x00000000000a8beb                ZPS_vSecondTimerCallback
                0x00000000000a8e51                vZdoEndDeviceBindStateWaitSendWithAck
                0x00000000000a908c                zps_bAplZdoDefaultServer
                0x00000000000a93ed                zps_bAplZdoZdoClient
                0x00000000000a959c                zps_eZdpEndDeviceBindResponse
                0x00000000000a95bd                zps_eAplZdpBindResponse
                0x00000000000a95de                zps_eZdpUnbindResponse
                0x00000000000a95ff                zps_eZdpMgmtLeaveResponse
                0x00000000000a9620                zps_eZdpMgmtPermitJoiningResponse
                0x00000000000a9641                zps_eAplZdpRequestApsdeReq
                0x00000000000a96b8                zps_eAplZdpNodeDescRequest.constprop.196
                0x00000000000a9725                zps_eAplZdpMgmtPermitJoiningRequest.constprop.160
                0x00000000000a97c5                vNsSendPermitJoin.117295
                0x00000000000a981d                zps_eAplZdoStartRouter.constprop.76
 *fill*         0x00000000000a9853        0x1 00
 .text          0x00000000000a9854     0x1264 C:\Users\akila\AppData\Local\Temp\ccRkJWF2.ltrans25.ltrans.o
                0x00000000000a9854                vPostNldeDcfmInd.127298
 .text          0x00000000000aaab8      0xdc4 C:\Users\akila\AppData\Local\Temp\ccRkJWF2.ltrans26.ltrans.o
                0x00000000000aaab8                APP_cbTimerZclTick.9054
                0x00000000000aab82                eZCL_CustomCommandSend.constprop.158
                0x00000000000aae2b                eCLD_GroupsHandleAddGroupRequest.16421
                0x00000000000aafba                APP_vBdbCallback
                0x00000000000ab010                BDB_vRejoinSuccess
                0x00000000000ab06f                vNsDiscoverNwk.117307
                0x00000000000ab188                BDB_vRejoinCycle
                0x00000000000ab489                BDB_vRejoinTimerCb
                0x00000000000ab48e                vNsTryNwkJoin.isra.0.117309
                0x00000000000ab5f0                vNsAfterNwkJoin.117297
                0x00000000000ab6bc                BDB_vNsTimerCb
                0x00000000000ab727                vNfRetryNwkFormation.117981
                0x00000000000ab7b0                vNfDiscoverNwk.118248
 .text          0x00000000000ab87c      0xf33 C:\Users\akila\AppData\Local\Temp\ccRkJWF2.ltrans27.ltrans.o
                0x00000000000abbb8                zps_eNwkHandleSmeAssocInd
                0x00000000000abbe6                zps_eNwkHandleSceRejnRequest
                0x00000000000abc74                vTransformKey.isra.0.133158
                0x00000000000abcd7                zps_eAplSecEncryptPacket
                0x00000000000abdcd                zps_eAplSendApsmeCmdFrame
                0x00000000000abf41                zps_eAplApsmeTransportKeyReqRsp.constprop.148
                0x00000000000ac0e0                vNsTclkSendReqKey.117303
                0x00000000000ac1c6                zps_eAplApsmeUpdateDeviceReqRsp.part.4.131588
                0x00000000000ac319                zps_eAplZdoNlmeleaveWrapper
                0x00000000000ac3e0                vNsLeaveNwk.117305
                0x00000000000ac413                zps_bAplZdoMgmtLeaveServer
                0x00000000000ac615                vHandleRemoveDeviceIndication
                0x00000000000ac744                zps_eAplApsmeRemoveDeviceReqRsp
 *fill*         0x00000000000ac7af        0x1 00
 .text          0x00000000000ac7b0      0xf74 C:\Users\akila\AppData\Local\Temp\ccRkJWF2.ltrans28.ltrans.o
                0x00000000000acb73                vSendMlmeCommStatusFromTxFrame
                0x00000000000acbc9                zps_vSocMacHandleMlmeVsReqRsp.constprop.213
                0x00000000000ad106                vCheckSleepingSendPoll.271223
                0x00000000000ad1ba                vScanBeaconReceived
                0x00000000000ad1fb                vRunningRxCallback
                0x00000000000ad508                vPostDcfm.276425
                0x00000000000ad579                vScanNextChannel.276412
 .text          0x00000000000ad724      0x480 C:\Users\akila\AppData\Local\Temp\ccRkJWF2.ltrans29.ltrans.o
                0x00000000000ad724                APP_bSendHATransportKey
                0x00000000000adaae                ISR_vTickTimer
                0x00000000000adae6                APP_isrUart
                0x00000000000adb40                vStackOverflowHandler
                0x00000000000adb4c                vAlignmentErrorHandler
                0x00000000000adb58                vBusErrorHandler
                0x00000000000adb64                vIllegalInstructionHandler
                0x00000000000adb70                vUnclaimedException
                0x00000000000adb8c                vUnclaimedInterrupt
                0x00000000000adb98                vTrapHandler
                0x00000000000adb9e                vGenericHandler
 .text          0x00000000000adba4      0x1df C:\Users\akila\AppData\Local\Temp\ccRkJWF2.ltrans30.ltrans.o
                0x00000000000adba4                zps_vSendNextFragment.129867
 .text          0x00000000000add83       0x3f C:\Users\akila\AppData\Local\Temp\ccRkJWF2.ltrans31.ltrans.o
                0x00000000000add83                zps_isrMAC
                0x00000000000adda6                AppWarmStart
 .text          0x00000000000addc2       0x25 c:/nxp/bstudio_nxp/sdk/tools/ba-elf-ba2-r36379/bin/../lib/gcc/ba-elf/4.7.4/../../../../ba-elf/lib/mcpu_jn51xx_sizeopt\libc.a(lib_a-memcmp.o)
                0x00000000000addc2                memcmp
 .text          0x00000000000adde7       0x19 c:/nxp/bstudio_nxp/sdk/tools/ba-elf-ba2-r36379/bin/../lib/gcc/ba-elf/4.7.4/../../../../ba-elf/lib/mcpu_jn51xx_sizeopt\libc.a(lib_a-memcpy.o)
 .text          0x00000000000ade00       0x12 c:/nxp/bstudio_nxp/sdk/tools/ba-elf-ba2-r36379/bin/../lib/gcc/ba-elf/4.7.4/../../../../ba-elf/lib/mcpu_jn51xx_sizeopt\libc.a(lib_a-memset.o)
                0x00000000000ade00                memset
 .text          0x00000000000ade12       0x12 c:/nxp/bstudio_nxp/sdk/tools/ba-elf-ba2-r36379/bin/../lib/gcc/ba-elf/4.7.4/../../../../ba-elf/lib/mcpu_jn51xx_sizeopt\libc.a(lib_a-strlen.o)
                0x00000000000ade12                strlen
 .text          0x00000000000ade24       0x2b c:/nxp/bstudio_nxp/sdk/tools/ba-elf-ba2-r36379/bin/../lib/gcc/ba-elf/4.7.4/../../../../ba-elf/lib/mcpu_jn51xx_sizeopt\libc.a(lib_a-strncpy.o)
                0x00000000000ade24                strncpy
 *fill*         0x00000000000ade4f        0x1 00
 .text          0x00000000000ade50      0x204 c:/nxp/bstudio_nxp/sdk/tools/ba-elf-ba2-r36379/bin/../lib/gcc/ba-elf/4.7.4/mcpu_jn51xx_sizeopt\libgcc.a(__udivsi3.o)
                0x00000000000ade50                __udivsi3
 .text          0x00000000000ae054       0x30 c:/nxp/bstudio_nxp/sdk/tools/ba-elf-ba2-r36379/bin/../lib/gcc/ba-elf/4.7.4/mcpu_jn51xx_sizeopt\libgcc.a(__divsi3.o)
                0x00000000000ae054                __divsi3
 .text          0x00000000000ae084      0x1b0 c:/nxp/bstudio_nxp/sdk/tools/ba-elf-ba2-r36379/bin/../lib/gcc/ba-elf/4.7.4/mcpu_jn51xx_sizeopt\libgcc.a(__umodsi3.o)
                0x00000000000ae084                __umodsi3
 .text          0x00000000000ae234       0x24 c:/nxp/bstudio_nxp/sdk/tools/ba-elf-ba2-r36379/bin/../lib/gcc/ba-elf/4.7.4/mcpu_jn51xx_sizeopt\libgcc.a(__modsi3.o)
                0x00000000000ae234                __modsi3
 .text          0x00000000000ae258       0x48 c:/NXP/bstudio_nxp/sdk/JN-SW-4170/Components/Library\libPWRM_JN516x.a(pwrm_setjmp_JN516x.o)
                0x00000000000ae258                setjmp
                0x00000000000ae27c                PWRM_longjmp
 .text          0x00000000000ae2a0       0x27 c:/NXP/bstudio_nxp/sdk/JN-SW-4170/Components/Library\libHardwareApi_JN516x.a(AHI_Interrupt.o)
                0x00000000000ae2a0                vAHI_InterruptSetPriority
                0x00000000000ae2be                vAHI_InterruptSetActivePriorityLevel
 .text.vMicroSyscall
                0x00000000000ae2c7       0x17 c:/NXP/bstudio_nxp/sdk/JN-SW-4170/Components/Library\libMicroSpecific_JN516x.a(MicroSyscall_ba.o)
                0x00000000000ae2c7                vMicroSyscall
 .text          0x00000000000ae2de        0x0 c:/NXP/bstudio_nxp/sdk/JN-SW-4170/Components/Library\libZPSAPL_JN516x.a(zps_apl_version_lc.o)
                0x00000000000ae2de                ZPS_APL_Version_3v0
 .text          0x00000000000ae2de        0x0 c:/NXP/bstudio_nxp/sdk/JN-SW-4170/Components/Library\libZPSNWK_JN516x.a(zps_nwk_version_lc.o)
                0x00000000000ae2de                ZPS_NWK_Version_3v0
                0x00000000000ae2de                _flash_end = ABSOLUTE (.)

.rela.dyn       0x00000000000ae2e0        0x0
 .rela.text     0x0000000000000000        0x0 irq_JN516x.o
 .rela.data     0x0000000000000000        0x0 irq_JN516x.o
 .rela.rodata   0x0000000000000000        0x0 irq_JN516x.o
                0x000000000400004c                . = ORIGIN (ram)

.data           0x000000000400004c      0x874 load address 0x00000000000ae2e0
                0x000000000400004c                _ram_data_start = ABSOLUTE (.)
 *(.data*)
 *fill*         0x000000000400004c        0x4 00
 .data          0x0000000004000050      0x540 C:\Users\akila\AppData\Local\Temp\ccRkJWF2.ltrans1.ltrans.o
                0x0000000004000050                g_asMacInterfaceTable.2579
                0x000000000400007c                psAplDefaultGlobalAPSLinkKey
                0x0000000004000080                s_sApl.2463
                0x00000000040001e0                s_sLedState
                0x00000000040001ec                g_u16zpsCurrentAddress
                0x00000000040001f0                sZllState
                0x000000000400022c                s_keyPairTableStorage.2516
 .data          0x0000000004000590        0x4 C:\Users\akila\AppData\Local\Temp\ccRkJWF2.ltrans2.ltrans.o
                0x0000000004000590                u32HeapStart
 .data          0x0000000004000594        0x4 C:\Users\akila\AppData\Local\Temp\ccRkJWF2.ltrans4.ltrans.o
 .data          0x0000000004000598        0x4 C:\Users\akila\AppData\Local\Temp\ccRkJWF2.ltrans9.ltrans.o
 .data          0x000000000400059c       0x1c C:\Users\akila\AppData\Local\Temp\ccRkJWF2.ltrans12.ltrans.o
                0x000000000400059c                u8MiniMacConfig_MaxConcurrentAssocResponses
                0x00000000040005a0                psShadowRxBuffer
                0x00000000040005a4                gMAC_u8MaxBuffers
 .data          0x00000000040005b8        0x4 C:\Users\akila\AppData\Local\Temp\ccRkJWF2.ltrans13.ltrans.o
                0x00000000040005b8                bCanLoopback.130181
 .data          0x00000000040005bc      0x298 C:\Users\akila\AppData\Local\Temp\ccRkJWF2.ltrans15.ltrans.o
                0x00000000040005bc                sCLD_Groups
 *fill*         0x0000000004000854        0x4 00
 .data          0x0000000004000858       0x28 C:\Users\akila\AppData\Local\Temp\ccRkJWF2.ltrans16.ltrans.o
 .data          0x0000000004000880       0x30 C:\Users\akila\AppData\Local\Temp\ccRkJWF2.ltrans19.ltrans.o
                0x0000000004000880                s_asapduZDPInstances
 .data          0x00000000040008b0        0x1 C:\Users\akila\AppData\Local\Temp\ccRkJWF2.ltrans26.ltrans.o
 *fill*         0x00000000040008b1        0x3 00
 .data.s_asAPduPool
                0x00000000040008b4        0xc pdum_apdu.o
                0x00000000040008b4                pdum_apduZDP
                0x00000000040008b4                s_asAPduPool
 *(.data.*)
                0x00000000040008c0                . = ALIGN (0x4)
                0x00000000040008c0                _ram_data_end = ABSOLUTE (.)

.bss            0x00000000040008c0     0x4e90 load address 0x00000000000aeb54
                0x00000000040008c0                _bss_start = ABSOLUTE (.)
 *(.bss*)
 .bss           0x00000000040008c0      0xcb0 C:\Users\akila\AppData\Local\Temp\ccRkJWF2.ltrans0.ltrans.o
                0x00000000040008c0                u32BackUpApsChannelMask.119053
                0x00000000040008c4                u32ScanChannels.119055
                0x00000000040008c8                bDoPrimaryScan.119054
                0x00000000040008cc                pfTKDfunc
                0x00000000040008d0                psZCL_Common
                0x00000000040008d4                bResetIssued
                0x00000000040008d8                sControlBridge
 .bss           0x0000000004001570     0x2d80 C:\Users\akila\AppData\Local\Temp\ccRkJWF2.ltrans1.ltrans.o
                0x0000000004001570                s_sDefaultServerContext.2544
                0x0000000004001574                s_sEndDeviceBindServerContext.2454
                0x00000000040015b4                s_sParentAnnceServerContext.2455
                0x00000000040015bc                s_sMgmtRtgServerContext.2456
                0x00000000040015c0                s_sPermitJoiningServerContext.2457
                0x00000000040015c4                s_sMgmtBindServerContext.2458
                0x00000000040015c8                s_sBindRequestServerContext.2459
                0x0000000004001608                s_sBindUnbindServerContext.2461
                0x0000000004001638                s_sMgmtNWKUpdateServerContext.2462
                0x0000000004001690                s_sMgmtLeaveServerContext.2543
                0x00000000040016b8                s_sMgmtLqiServerContext.2542
                0x00000000040016bc                s_sSimpleDescServerContext.2541
                0x00000000040016c0                s_sMatchDescServerContext.2540
                0x00000000040016c4                s_sPowerDescServerContext.2539
                0x00000000040016c8                s_sNodeDescServerContext.2538
                0x00000000040016cc                s_sSystemServerDiscoveryServerContext.2537
                0x00000000040016d0                s_sIeeeAddrServerContext.2536
                0x00000000040016d4                s_sNwkAddrServerContext.2535
                0x00000000040016d8                s_sActiveEpServerContext.2534
                0x00000000040016dc                s_sDeviceAnnceServerContext.2533
                0x00000000040016dc                s_sZdoClientContext.2532
                0x00000000040016e4                sMiniMacPhyPib
                0x00000000040016e8                sMiniMacInternal
                0x0000000004001720                eMMacModuleType
                0x0000000004001724                prfnbZCLOverrideHandlingEntireProfileCommand.103811
                0x0000000004001728                APP_msgSerialTx
                0x0000000004001740                APP_msgAppEvents
                0x0000000004001758                APP_msgBdbEvents
                0x0000000004001770                u64CallbackMacAddress
                0x0000000004001778                u8HaModeTimer
                0x0000000004001779                u8TmrToggleLED
                0x000000000400177a                u8IdTimer
                0x000000000400177b                bReportSent.16731.4889
                0x000000000400177c                sMiniMacPib
                0x0000000004001818                pfOptionsFilterCallback
                0x000000000400181c                bCheckChild
                0x0000000004001820                uMacDcfmInd
                0x000000000400184c                sZpsIntStore
                0x0000000004001850                eFR_State
                0x0000000004001851                eInitState
                0x0000000004001852                u8TimerBdbNs
                0x0000000004001853                eNS_State
                0x0000000004001858                sStartParams.119003
                0x00000000040018a0                eNF_State
                0x00000000040018a8                sBDB
                0x0000000004001900                APP_msgSerialRx
                0x0000000004001918                s_u16ActivityCounter
                0x000000000400191c                ZTIMER_sCommon.10737
                0x0000000004001924                bSetPermitJoinForever
                0x0000000004001925                u8TickTimer
                0x0000000004001928                sSet
 .bss           0x00000000040042f0      0x99c C:\Users\akila\AppData\Local\Temp\ccRkJWF2.ltrans2.ltrans.o
                0x00000000040042f0                s_psNPduPoolEnd.122571
                0x00000000040042f4                s_psNPduPoolStart.122570
                0x00000000040042f8                s_psFreeListHead.122572
                0x00000000040042fc                s_asAPduPool.122670
 .bss.initinboot
                0x0000000004004c8c        0x1 C:\Users\akila\AppData\Local\Temp\ccRkJWF2.ltrans2.ltrans.o
 *fill*         0x0000000004004c8d        0x3 00
 .bss           0x0000000004004c90       0x3c C:\Users\akila\AppData\Local\Temp\ccRkJWF2.ltrans3.ltrans.o
 *fill*         0x0000000004004ccc        0x4 00
 .bss           0x0000000004004cd0       0x60 C:\Users\akila\AppData\Local\Temp\ccRkJWF2.ltrans4.ltrans.o
                0x0000000004004cd0                sOTAHeader
 .bss           0x0000000004004d30       0x1c C:\Users\akila\AppData\Local\Temp\ccRkJWF2.ltrans5.ltrans.o
                0x0000000004004d30                g_au8LegacyBeaconPayload
 .bss           0x0000000004004d4c       0x10 C:\Users\akila\AppData\Local\Temp\ccRkJWF2.ltrans6.ltrans.o
 .bss           0x0000000004004d5c        0x5 C:\Users\akila\AppData\Local\Temp\ccRkJWF2.ltrans7.ltrans.o
                0x0000000004004d5c                u8Count.122573
                0x0000000004004d5d                u8MaxNpdu.122574
                0x0000000004004d5e                u8ApduCount.122671
                0x0000000004004d5f                u8MaxApdu.122672
                0x0000000004004d60                u8JoinedDevice
 *fill*         0x0000000004004d61        0x7 00
 .bss           0x0000000004004d68       0x40 C:\Users\akila\AppData\Local\Temp\ccRkJWF2.ltrans8.ltrans.o
                0x0000000004004d68                g_u8LegacyBeaconPayloadLen
                0x0000000004004d69                au8BeaconPayload.259390
                0x0000000004004d78                apvAplPdmRecordsAddress
                0x0000000004004d8c                au16AplPdmRecordsSize
 .bss           0x0000000004004da8        0x8 C:\Users\akila\AppData\Local\Temp\ccRkJWF2.ltrans9.ltrans.o
                0x0000000004004da8                g_pfTimerExpiryCallback.255294
 .bss           0x0000000004004db0        0xc C:\Users\akila\AppData\Local\Temp\ccRkJWF2.ltrans10.ltrans.o
                0x0000000004004db0                a16NwkPdmRecordSizes
 .bss           0x0000000004004dbc       0x4c C:\Users\akila\AppData\Local\Temp\ccRkJWF2.ltrans11.ltrans.o
                0x0000000004004dbc                bSecondScan.268015
                0x0000000004004dbd                au8ChanCnt
                0x0000000004004dd8                g_bMacEnhancedMode
                0x0000000004004ddc                sThisDeviceMacAddr
 .bss           0x0000000004004e08      0x1a8 C:\Users\akila\AppData\Local\Temp\ccRkJWF2.ltrans12.ltrans.o
                0x0000000004004e08                s_u32x.248363
                0x0000000004004e0c                pvRxStore
                0x0000000004004e10                pvTxStore
                0x0000000004004e14                g_pvAplHandle
                0x0000000004004e18                s_sDcfmIndMgr.121636
                0x0000000004004e20                prAppMlmeGetBuffer
                0x0000000004004e24                prAppMlmeCallback
                0x0000000004004e28                s_pvAplHandle.120888
                0x0000000004004e2c                s_prMcpsCallBack.120886
                0x0000000004004e30                s_prMlmeCallBack.120887