Archive member included because of file (symbol)

c:/NXP/bstudio_nxp/sdk/JN-SW-4170/Components/Library\libZPSMAC_Mini_SOC_JN516x.a(zps_mac_shim.o)
                              app_start.o (symbol from plugin) (ZPS_u32MacSetTxBuffers)
c:/NXP/bstudio_nxp/sdk/JN-SW-4170/Components/Library\libZPSMAC_Mini_SOC_JN516x.a(zps_miniMac.o)
                              zps_mac_shim.o (symbol from plugin) (zps_eSocMacSetTxBuffers)
c:/NXP/bstudio_nxp/sdk/JN-SW-4170/Components/Library\libZPSMAC_Mini_SOC_JN516x.a(zps_mac_common.o)
                              zps_mac_shim.o (symbol from plugin) (g_u8LegacyBeaconPayloadLen)
c:/NXP/bstudio_nxp/sdk/JN-SW-4170/Components/Library\libZPSMAC_Mini_SOC_JN516x.a(zps_mac_ie.o)
                              zps_mac_common.o (symbol from plugin) (zps_u8MacIECopyZigbeePayloadSubIE)
c:/NXP/bstudio_nxp/sdk/JN-SW-4170/Components/Library\libPWRM_JN516x.a(pwrm.o)
                              app_start.o (symbol from plugin) (PWRM_vInit)
c:/NXP/bstudio_nxp/sdk/JN-SW-4170/Components/Library\libPWRM_JN516x.a(pwrm_setjmp_JN516x.o)
                              pwrm.o (symbol from plugin) (setjmp)
c:/NXP/bstudio_nxp/sdk/JN-SW-4170/Components/Library\libPWRM_JN516x.a(pwrm_cold_start.o)
                              (AppColdStart)
c:/NXP/bstudio_nxp/sdk/JN-SW-4170/Components/Library\libPWRM_JN516x.a(pwrm_warm_start.o)
                              (AppWarmStart)
c:/NXP/bstudio_nxp/sdk/JN-SW-4170/Components/Library\libAES_SW_JN516x.a(aes_sw_mmo.o)
                              OTA.o (symbol from plugin) (AESSW_vMMOBlockUpdate)
c:/NXP/bstudio_nxp/sdk/JN-SW-4170/Components/Library\libPDUM_JN516x.a(pdum_nwk.o)
                              zps_miniMac.o (symbol from plugin) (PDUM_eNPduAllocate)
c:/NXP/bstudio_nxp/sdk/JN-SW-4170/Components/Library\libPDUM_JN516x.a(pdum_apl.o)
                              appZdpExtraction.o (symbol from plugin) (PDUM_u16APduInstanceReadNBO)
c:/NXP/bstudio_nxp/sdk/JN-SW-4170/Components/Library\libPDUM_JN516x.a(pdum.o)
                              pdum_nwk.o (symbol from plugin) (PDUM_u16SizeNBO)
c:/NXP/bstudio_nxp/sdk/JN-SW-4170/Components/Library\libZPSAPL_JN516x.a(zps_apl_inl.o)
                              zps_mac_ie.o (symbol from plugin) (ZPS_pu8AplZdoGetVsOUI)
c:/NXP/bstudio_nxp/sdk/JN-SW-4170/Components/Library\libZPSAPL_JN516x.a(zps_apl_af.o)
                              app_start.o (symbol from plugin) (ZPS_eAplAfInit)
c:/NXP/bstudio_nxp/sdk/JN-SW-4170/Components/Library\libZPSAPL_JN516x.a(zps_apl_af_apsde.o)
                              zps_gen.o (symbol from plugin) (zps_vHandleApsdeDataFragInd)
c:/NXP/bstudio_nxp/sdk/JN-SW-4170/Components/Library\libZPSAPL_JN516x.a(zps_apl_task.o)
                              zps_apl_af_apsde.o (symbol from plugin) (zps_vAplAfPostEvent)
c:/NXP/bstudio_nxp/sdk/JN-SW-4170/Components/Library\libZPSAPL_JN516x.a(zps_apl_apsde.o)
                              zps_apl_task.o (symbol from plugin) (ZPS_vAplRegisterApsdeDcfmIndCallbacks)
c:/NXP/bstudio_nxp/sdk/JN-SW-4170/Components/Library\libZPSAPL_JN516x.a(zps_apl_apsme.o)
                              zps_apl_task.o (symbol from plugin) (ZPS_vAplRegisterApsmeDcfmIndCallbacks)
c:/NXP/bstudio_nxp/sdk/JN-SW-4170/Components/Library\libZPSAPL_JN516x.a(zps_apl_aps_nlde.o)
                              zps_gen.o (symbol from plugin) (zps_vHandleExtendedDataAckFrame)
c:/NXP/bstudio_nxp/sdk/JN-SW-4170/Components/Library\libZPSAPL_JN516x.a(zps_apl_sec.o)
                              bdb_DeviceCommissioning.o (symbol from plugin) (zps_pvAesGetKeyFromInstallCode)
c:/NXP/bstudio_nxp/sdk/JN-SW-4170/Components/Library\libZPSAPL_JN516x.a(zps_apl_aib.o)
                              app_Znc_cmds.o (symbol from plugin) (zps_psAplAibGetAib)
c:/NXP/bstudio_nxp/sdk/JN-SW-4170/Components/Library\libZPSAPL_JN516x.a(zps_apl_zdo_nwkmanager.o)
                              zps_apl_apsme.o (symbol from plugin) (zps_vAplSaveRecord)
c:/NXP/bstudio_nxp/sdk/JN-SW-4170/Components/Library\libZPSAPL_JN516x.a(zps_apl_zdo_handle_zdp_event.o)
                              zps_apl_task.o (symbol from plugin) (zps_bAplZdoHandleZdpEvent)
c:/NXP/bstudio_nxp/sdk/JN-SW-4170/Components/Library\libZPSAPL_JN516x.a(zps_apl_zdo_trust_center.o)
                              zps_gen.o (symbol from plugin) (zps_vAplTrustCenterInit)
c:/NXP/bstudio_nxp/sdk/JN-SW-4170/Components/Library\libZPSAPL_JN516x.a(zps_apl_zdo_common.o)
                              zps_apl_zdo_nwkmanager.o (symbol from plugin) (zps_eAplZdoNlmeleaveWrapper)
c:/NXP/bstudio_nxp/sdk/JN-SW-4170/Components/Library\libZPSAPL_JN516x.a(zps_apl_zdo_group.o)
                              app_Znc_cmds.o (symbol from plugin) (zps_eAplZdoGroupEndpointAdd)
c:/NXP/bstudio_nxp/sdk/JN-SW-4170/Components/Library\libZPSAPL_JN516x.a(zps_apl_zdo_default_server.o)
                              zps_gen.o (symbol from plugin) (zps_vAplZdoDefaultServerInit)
c:/NXP/bstudio_nxp/sdk/JN-SW-4170/Components/Library\libZPSAPL_JN516x.a(zps_apl_zdo_bind_manager.o)
[...]
Memory Configuration

Name             Origin             Length             Attributes
flash            0x0000000000080000 0x0000000000040000
ram              0x000000000400004c 0x0000000000007fb4
*default*        0x0000000000000000 0xffffffffffffffff

Linker script and memory map

                0x0000000000001770                __stack_size = 0x1770
                0x00000000000007d0                __minimum_heap_size = 0x7d0
START GROUP
LOAD irq_JN516x.o
LOAD portasm_JN516x.o
LOAD port_JN516x.o
LOAD C:\Users\akila\AppData\Local\Temp\ccR9hZwB.ltrans0.ltrans.o
LOAD C:\Users\akila\AppData\Local\Temp\ccR9hZwB.ltrans1.ltrans.o
LOAD C:\Users\akila\AppData\Local\Temp\ccR9hZwB.ltrans2.ltrans.o
LOAD C:\Users\akila\AppData\Local\Temp\ccR9hZwB.ltrans3.ltrans.o
LOAD C:\Users\akila\AppData\Local\Temp\ccR9hZwB.ltrans4.ltrans.o
LOAD C:\Users\akila\AppData\Local\Temp\ccR9hZwB.ltrans5.ltrans.o
LOAD C:\Users\akila\AppData\Local\Temp\ccR9hZwB.ltrans6.ltrans.o
LOAD C:\Users\akila\AppData\Local\Temp\ccR9hZwB.ltrans7.ltrans.o
LOAD C:\Users\akila\AppData\Local\Temp\ccR9hZwB.ltrans8.ltrans.o
LOAD C:\Users\akila\AppData\Local\Temp\ccR9hZwB.ltrans9.ltrans.o
LOAD C:\Users\akila\AppData\Local\Temp\ccR9hZwB.ltrans10.ltrans.o
LOAD C:\Users\akila\AppData\Local\Temp\ccR9hZwB.ltrans11.ltrans.o
LOAD C:\Users\akila\AppData\Local\Temp\ccR9hZwB.ltrans12.ltrans.o
LOAD C:\Users\akila\AppData\Local\Temp\ccR9hZwB.ltrans13.ltrans.o
LOAD C:\Users\akila\AppData\Local\Temp\ccR9hZwB.ltrans14.ltrans.o
LOAD C:\Users\akila\AppData\Local\Temp\ccR9hZwB.ltrans15.ltrans.o
LOAD C:\Users\akila\AppData\Local\Temp\ccR9hZwB.ltrans16.ltrans.o
LOAD C:\Users\akila\AppData\Local\Temp\ccR9hZwB.ltrans17.ltrans.o
LOAD C:\Users\akila\AppData\Local\Temp\ccR9hZwB.ltrans18.ltrans.o
LOAD C:\Users\akila\AppData\Local\Temp\ccR9hZwB.ltrans19.ltrans.o
LOAD C:\Users\akila\AppData\Local\Temp\ccR9hZwB.ltrans20.ltrans.o
LOAD C:\Users\akila\AppData\Local\Temp\ccR9hZwB.ltrans21.ltrans.o
LOAD C:\Users\akila\AppData\Local\Temp\ccR9hZwB.ltrans22.ltrans.o
LOAD C:\Users\akila\AppData\Local\Temp\ccR9hZwB.ltrans23.ltrans.o
LOAD C:\Users\akila\AppData\Local\Temp\ccR9hZwB.ltrans24.ltrans.o
LOAD C:\Users\akila\AppData\Local\Temp\ccR9hZwB.ltrans25.ltrans.o
LOAD C:\Users\akila\AppData\Local\Temp\ccR9hZwB.ltrans26.ltrans.o
LOAD C:\Users\akila\AppData\Local\Temp\ccR9hZwB.ltrans27.ltrans.o
LOAD C:\Users\akila\AppData\Local\Temp\ccR9hZwB.ltrans28.ltrans.o
LOAD C:\Users\akila\AppData\Local\Temp\ccR9hZwB.ltrans29.ltrans.o
LOAD C:\Users\akila\AppData\Local\Temp\ccR9hZwB.ltrans30.ltrans.o
LOAD C:\Users\akila\AppData\Local\Temp\ccR9hZwB.ltrans31.ltrans.o
LOAD c:/nxp/bstudio_nxp/sdk/tools/ba-elf-ba2-r36379/bin/../lib/gcc/ba-elf/4.7.4/../../../../ba-elf/lib/mcpu_jn51xx_sizeopt\libc.a
LOAD c:/nxp/bstudio_nxp/sdk/tools/ba-elf-ba2-r36379/bin/../lib/gcc/ba-elf/4.7.4/mcpu_jn51xx_sizeopt\libgcc.a
LOAD c:/nxp/bstudio_nxp/sdk/tools/ba-elf-ba2-r36379/bin/../lib/gcc/ba-elf/4.7.4/../../../../ba-elf/lib/mcpu_jn51xx_sizeopt\libc.a
LOAD pdum_gen.o
LOAD zps_gen.o
LOAD app_Znc_cmds.o
LOAD app_general_events_handler.o
LOAD app_zcl_event_handler.o
LOAD app_start.o
LOAD SerialLink.o
LOAD uart.o
LOAD pdum_apdu.o
LOAD app_ota_server.o
LOAD app_ahi_commands.o
LOAD app_green_power.o
LOAD ZQueue.o
LOAD ZTimer.o
LOAD app_zps_link_keys.o
LOAD GreenPower.o
LOAD GreenPowerCommissioningNotification.o
LOAD GreenPowerCommon.o
LOAD GreenPowerCustomCommandHandler.o
LOAD GreenPowerCustomCommandResponses.o
LOAD GreenPowerDataIndication.o
LOAD GreenPowerDirectCommandHandler.o
LOAD GreenPowerNotification.o
LOAD GreenPowerPairing.o
LOAD GreenPowerPairingConfiguration.o
LOAD GreenPowerPairingSearch.o
LOAD GreenPowerProxyCommissioningMode.o
LOAD GreenPowerProxyGPDHandler.o
LOAD GreenPowerProxyTableRequest.o
LOAD GreenPowerProxyTableResponse.o
LOAD GreenPowerResponse.o
LOAD GreenPowerScheduler.o
LOAD GreenPowerSinkTableRequest.o
LOAD GreenPowerSinkTableResponse.o
LOAD GreenPowerTranslationTableRequest.o
LOAD GreenPowerTranslationTableResponse.o
LOAD GreenPowerTranslationTableUpdate.o
LOAD gp.o
LOAD Alarms.o
LOAD AlarmsClientCommands.o
LOAD AlarmsCommandHandler.o
LOAD AlarmsServerCommands.o
LOAD AlarmsTableManager.o
LOAD AnalogInputBasic.o
LOAD AnalogOutputBasic.o
LOAD Basic.o
LOAD BasicClientCommands.o
LOAD BasicCommandHandler.o
LOAD BinaryInputBasic.o
LOAD BinaryOutputBasic.o
LOAD DeviceTemperatureConfiguration.o
LOAD Diagnostics.o
LOAD Groups.o
LOAD GroupsClientCommands.o
LOAD GroupsCommandHandler.o
LOAD GroupsServerCommands.o
LOAD GroupsTableManager.o
LOAD Identify.o
LOAD IdentifyClientCommands.o
LOAD IdentifyCommandHandler.o
LOAD IdentifyServerCommands.o
LOAD LevelControl.o
LOAD LevelControlClientCommands.o
LOAD LevelControlCommandHandler.o
LOAD MultistateInputBasic.o
LOAD MultistateOutputBasic.o
LOAD OOSC.o
LOAD OnOff.o
LOAD OnOffCommandHandler.o
LOAD OnOffCommands.o
LOAD PollControl.o
LOAD PollControlClientCommands.o
LOAD PollControlCommandHandler.o
LOAD PollControlServerCommands.o
LOAD PowerConfiguration.o
LOAD PowerProfile.o
LOAD PowerProfileClientCommands.o
LOAD PowerProfileCommandHandler.o
LOAD PowerProfileServerCommands.o
LOAD Scenes.o
LOAD ScenesClientCommands.o
LOAD ScenesClusterManagement.o
LOAD ScenesCommandHandler.o
LOAD ScenesServerCommands.o
LOAD ScenesTableManager.o
LOAD TC.o
LOAD Time.o
LOAD base_device.o
LOAD mains_power_outlet.o
LOAD on_off_output.o
LOAD plug_control.o
LOAD remote_control.o
LOAD simple_sensor.o
LOAD ElectricalMeasurement.o
LOAD FlowMeasurement.o
LOAD IlluminanceLevelSensing.o
LOAD IlluminanceMeasurement.o
LOAD OccupancySensing.o
LOAD PressureMeasurement.o
LOAD RelativeHumidityMeasurement.o
LOAD TemperatureMeasurement.o
LOAD BallastConfiguration.o
LOAD ColourControl.o
LOAD ColourControlClientCommands.o
LOAD ColourControlCommandHandler.o
LOAD ColourControlConversions.o
LOAD colour_controller.o
LOAD colour_dimmable_light.o
LOAD colour_dimmer_switch.o
LOAD colour_scene_controller.o
LOAD colour_temperature_light.o
LOAD commission_endpoint.o
LOAD control_bridge.o
LOAD dimmable_ballast.o
LOAD dimmable_light.o
LOAD dimmable_plug.o
LOAD dimmer_switch.o
LOAD extended_colour_light.o
LOAD light_level_sensor.o
LOAD light_sensor.o
LOAD non_colour_controller.o
LOAD non_colour_scene_controller.o
LOAD occupancy_sensor.o
LOAD on_off_ballast.o
LOAD on_off_light.o
LOAD on_off_light_switch.o
LOAD on_off_plug.o
LOAD on_off_sensor.o
LOAD FanControl.o
LOAD Thermostat.o
LOAD ThermostatCommandHandler.o
LOAD ThermostatCommands.o
LOAD ThermostatUIConfig.o
LOAD temperature_sensor.o
LOAD thermostat_device.o
LOAD DoorLock.o
LOAD DoorLockCommandHandler.o
LOAD DoorLockCommands.o
LOAD door_lock.o
LOAD door_lock_controller.o
LOAD IASACE.o
LOAD IASACEClientCommands.o
LOAD IASACECommandHandler.o
LOAD IASACEServerCommands.o
LOAD IASWD.o
LOAD IASWDCommandHandler.o
LOAD IASWDCommands.o
LOAD IASZone.o
LOAD IASZoneCommandHandler.o
LOAD IASZoneCommands.o
LOAD ancillary_control_equipment.o
LOAD control_and_indicating_equipment.o
LOAD warning_device.o
LOAD zone.o
LOAD DRLC.o
LOAD DRLCCommandCanceAlllLoadControlEvents.o
LOAD DRLCCommandCancelLoadControlEvent.o
LOAD DRLCCommandGetScheduledEvents.o
LOAD DRLCCommandHandler.o
LOAD DRLCCommandLoadControlEvent.o
LOAD DRLCCommandReportEventStatus.o
LOAD DRLCCustomCommandResponsesClient.o
LOAD DRLCCustomCommandResponsesServer.o
LOAD DRLCEffectiveTime.o
LOAD DRLCScheduler.o
LOAD DRLCTableManagerNoMutex.o
LOAD DRLCTableManagerServer.o
LOAD DRLCUserEventOptInOut.o
LOAD Price.o
LOAD PriceBlockPeriodTableManager.o
LOAD PriceCalorificValueTableManager.o
LOAD PriceCommandGetBlockPeriod.o
LOAD PriceCommandGetCalorificValue.o
LOAD PriceCommandGetConversionFactor.o
LOAD PriceCommandGetCurrentPrice.o
LOAD PriceCommandGetScheduledPrices.o
LOAD PriceCommandPriceAck.o
LOAD PriceCommandPublishBlockPeriod.o
LOAD PriceCommandPublishBlockPeriodReceive.o
LOAD PriceCommandPublishCalorificValue.o
LOAD PriceCommandPublishCalorificValueReceive.o
LOAD PriceCommandPublishConversionFactor.o
LOAD PriceCommandPublishConversionFactorReceive.o
LOAD PriceCommandPublishPrice.o
LOAD PriceCommandPublishPriceReceive.o
LOAD PriceConversionFactorTableManager.o
LOAD PriceCustomCommandHandler.o
LOAD PriceCustomCommandResponses.o
LOAD PriceScheduler.o
LOAD PriceServerAttributeManager.o
LOAD PriceTableManager.o
LOAD SimpleMetering.o
LOAD SimpleMeteringCommandHandler.o
LOAD SimpleMetering_SendRequest.o
LOAD smart_plug.o
LOAD OTA.o
LOAD OTA_ClientUpgradeManager.o
LOAD OTA_CustomCommandHandler.o
LOAD OTA_CustomReceiveCommands.o
LOAD OTA_ServerUpgradeManager.o
LOAD OTA_client.o
LOAD OTA_common.o
LOAD OTA_server.o
LOAD ApplianceControl.o
LOAD ApplianceControlClientCommands.o
LOAD ApplianceControlCommandHandler.o
LOAD ApplianceControlServerCommands.o
LOAD ApplianceEventsAndAlerts.o
LOAD ApplianceEventsAndAlertsClientCommands.o
LOAD ApplianceEventsAndAlertsCommandHandler.o
LOAD ApplianceEventsAndAlertsServerCommands.o
LOAD ApplianceIdentification.o
LOAD ApplianceStatistics.o
LOAD ApplianceStatisticsClientCommands.o
LOAD ApplianceStatisticsCommandHandler.o
LOAD ApplianceStatisticsServerCommands.o
LOAD home_gateway.o
LOAD white_goods.o
LOAD dlist.o
LOAD zcl.o
LOAD zcl_CustomCommandReceive.o
LOAD zcl_CustomCommandSend.o
LOAD zcl_PDUbufferReadWrite.o
LOAD zcl_PDUbufferReadWriteString.o
LOAD zcl_WriteAttributesRequestHandle.o
LOAD zcl_WriteAttributesRequestSend.o
LOAD zcl_WriteAttributesResponseHandle.o
LOAD zcl_attribute.o
LOAD zcl_buffer.o
LOAD zcl_clusterCommand.o
LOAD zcl_command.o
LOAD zcl_common.o
LOAD zcl_configureReportingCommandHandle.o
LOAD zcl_configureReportingCommandSend.o
LOAD zcl_configureReportingResponseHandle.o
LOAD zcl_defaultResponse.o
LOAD zcl_discoverAttributesExtendedRequestHandle.o
LOAD zcl_discoverAttributesExtendedRequestSend.o
LOAD zcl_discoverAttributesExtendedResponseHandle.o
LOAD zcl_discoverAttributesRequestHandle.o
LOAD zcl_discoverAttributesRequestSend.o
LOAD zcl_discoverAttributesResponseHandle.o
LOAD zcl_discoverCommandsRequestHandle.o
LOAD zcl_discoverCommandsRequestSend.o
LOAD zcl_discoverCommandsResponseHandle.o
LOAD zcl_event.o
LOAD zcl_heap.o
LOAD zcl_library_options.o
LOAD zcl_readAttributesRequestHandle.o
LOAD zcl_readAttributesRequestSend.o
LOAD zcl_readAttributesResponseHandle.o
LOAD zcl_readReportingConfigurationCommandHandle.o
LOAD zcl_readReportingConfigurationCommandSend.o
LOAD zcl_readReportingConfigurationResponseHandle.o
LOAD zcl_reportManager.o
LOAD zcl_reportMaths.o
LOAD zcl_reportScheduler.o
LOAD zcl_reportStringHandling.o
LOAD zcl_reportStructure.o
LOAD zcl_search.o
LOAD zcl_timer.o
LOAD zcl_transmit.o
LOAD bdb_fr.o
LOAD bdb_start.o
LOAD bdb_state_machine.o
LOAD appZpsBeaconHandler.o
LOAD appZdpExtraction.o
LOAD bdb_ns.o
LOAD bdb_nf.o
LOAD bdb_DeviceCommissioning.o
LOAD c:/NXP/bstudio_nxp/sdk/JN-SW-4170/Components/Library\libZPSMAC_Mini_SOC_JN516x.a
LOAD c:/NXP/bstudio_nxp/sdk/JN-SW-4170/Components/Library\libPWRM_JN516x.a
LOAD c:/NXP/bstudio_nxp/sdk/JN-SW-4170/Components/Library\libZPSTSV_JN516x.a
LOAD c:/NXP/bstudio_nxp/sdk/JN-SW-4170/Components/Library\libAES_SW_JN516x.a
LOAD c:/NXP/bstudio_nxp/sdk/JN-SW-4170/Components/Library\libPDUM_JN516x.a
LOAD c:/NXP/bstudio_nxp/sdk/JN-SW-4170/Components/Library\libZPSAPL_JN516x.a
LOAD c:/NXP/bstudio_nxp/sdk/JN-SW-4170/Components/Library\libRandom_JN516x.a
LOAD c:/NXP/bstudio_nxp/sdk/JN-SW-4170/Components/Library\libPDM_EEPROM_NO_RTOS_JN516x.a
LOAD c:/NXP/bstudio_nxp/sdk/JN-SW-4170/Components/Library\libDBG_JN516x.a
LOAD c:/NXP/bstudio_nxp/sdk/JN-SW-4170/Components/Library\libZPSGP_JN516x.a
LOAD c:/NXP/bstudio_nxp/sdk/JN-SW-4170/Components/Library\libZPSNWK_JN516x.a
LOAD c:/NXP/bstudio_nxp/sdk/JN-SW-4170/Components/Library\libMiniMac_JN516x.a
LOAD c:/NXP/bstudio_nxp/sdk/JN-SW-4170/Components/Library\libMiniMacShim_JN516x.a
LOAD c:/NXP/bstudio_nxp/sdk/JN-SW-4170/Components/Library\libMMAC_JN516x.a
LOAD c:/NXP/bstudio_nxp/sdk/JN-SW-4170/Components/Library\libAes_JN516x.a
LOAD c:/NXP/bstudio_nxp/sdk/JN-SW-4170/Components/Library\libHardwareApi_JN516x.a
LOAD c:/NXP/bstudio_nxp/sdk/JN-SW-4170/Components/Library\libMicroSpecific_JN516x.a
LOAD c:/NXP/bstudio_nxp/sdk/JN-SW-4170/Components/Library\libBoot_JN516x.a
LOAD c:/NXP/bstudio_nxp/sdk/JN-SW-4170/Platform/DK4/Library\libBoardLib_JN516x.a
LOAD c:/NXP/bstudio_nxp/sdk/JN-SW-4170/Components/Library\libJPT_JN5168.a
LOAD c:/nxp/bstudio_nxp/sdk/tools/ba-elf-ba2-r36379/bin/../lib/gcc/ba-elf/4.7.4/../../../../ba-elf/lib/mcpu_jn51xx_sizeopt\libm.a
END GROUP
LOAD c:/nxp/bstudio_nxp/sdk/tools/ba-elf-ba2-r36379/bin/../lib/gcc/ba-elf/4.7.4/../../../../ba-elf/lib/mcpu_jn51xx_sizeopt\libc.a
LOAD c:/nxp/bstudio_nxp/sdk/tools/ba-elf-ba2-r36379/bin/../lib/gcc/ba-elf/4.7.4/mcpu_jn51xx_sizeopt\libgcc.a
LOAD c:/nxp/bstudio_nxp/sdk/tools/ba-elf-ba2-r36379/bin/../lib/gcc/ba-elf/4.7.4/../../../../ba-elf/lib/mcpu_jn51xx_sizeopt\libc.a
                0x0000000000080038                _exception_vsr_table = 0x80038
                0x0000000004000000                pSPIflashFncTable = 0x4000000
                0x0000000000000044                restore_state = 0x44
                0x000000000000004a                bZSPIWaitWIPClear = 0x4a
                0x0000000000000050                u16ZSPIflashRDID = 0x50
                0x0000000000000056                u8SelectFlashChipType = 0x56
                0x000000000000005c                memcpy = 0x5c
                0x0000000000000066                vBootFlashProg = 0x66
                [0x00000000000007d0]                __minimum_heap_size = DEFINED (__minimum_heap_size)?__minimum_heap_size:0xd16
                [0x0000000000001770]                __stack_size = DEFINED (__stack_size)?__stack_size:0x800
                0x0000000000000000                _SwConfig = (DEFINED (g_bSWConf_Debug) | (DEFINED (g_bSWConf_AltDebugPort) << 0x1))

.version        0x000000000007fffc        0x4
                0x000000000007fffc        0x4 LONG 0x7030008

.bir            0x0000000000080000       0x10
                0x0000000000080000                _flash_start = ABSOLUTE (.)
                0x0000000000080000                _flash_beg = ABSOLUTE (.)
                0x0000000000080000        0x4 LONG 0x12345678
                0x0000000000080004        0x4 LONG 0x11223344
                0x0000000000080008        0x4 LONG 0x55667788
                0x000000000008000c        0x1 BYTE 0x8
                0x000000000008000d        0x1 BYTE 0x1
                0x000000000008000e        0x2 SHORT 0x0

.flashheader    0x0000000000080010       0x28
                0x0000000000080010        0x4 LONG 0x0
                0x0000000000080014        0x4 LONG 0x0
                0x0000000000080018        0x4 LONG 0x0
                0x000000000008001c        0x2 SHORT 0x0
                0x000000000008001e        0x2 SHORT 0x0 ABSOLUTE (_SwConfig)
                0x0000000000080020                _enc_start = ABSOLUTE (.)
                0x0000000000080020        0x4 LONG 0x33eb0 ABSOLUTE (_image_len)
                0x0000000000080024        0x4 LONG 0xb37a8 ABSOLUTE (_flash_data_start)
                0x0000000000080028        0x2 SHORT 0x13 ((ABSOLUTE (_ram_data_start) / 0x4) & 0xffff)
                0x000000000008002a        0x2 SHORT 0x1c2 ((ABSOLUTE (_ram_data_len) / 0x4) & 0xffff)
                0x000000000008002c        0x2 SHORT 0x1d5 ((ABSOLUTE (_bss_start) / 0x4) & 0xffff)
                0x000000000008002e        0x2 SHORT 0x1543 ((ABSOLUTE (_bss_len) / 0x4) & 0xffff)
                0x0000000000080030        0x4 LONG 0xb2f1e ABSOLUTE (AppWarmStart)
                0x0000000000080034        0x4 LONG 0x8e360 ABSOLUTE (AppColdStart)
                0x0000000000000000                _enc_offset = (_enc_start & 0xf)

.ro_mac_address
                0x0000000000080040       0x10
                0x0000000000080040                _FlsMACAddress = ABSOLUTE (.)
 *(.ro_mac_address)
 .ro_mac_address
                0x0000000000080040        0x8 C:\Users\akila\AppData\Local\Temp\ccR9hZwB.ltrans3.ltrans.o
                0x0000000000080050                . = ALIGN (0x10)
 *fill*         0x0000000000080048        0x8 00

.ro_ota_header  0x0000000000080050       0x50
                0x0000000000080050                _FlsOtaHeader = ABSOLUTE (.)
 *(.ro_ota_header)
 .ro_ota_header
                0x0000000000080050       0x45 C:\Users\akila\AppData\Local\Temp\ccR9hZwB.ltrans3.ltrans.o
                0x00000000000800a0                . = ALIGN (0x10)
 *fill*         0x0000000000080095        0xb 00

.ro_se_lnkKey   0x00000000000800a0        0x0
                0x00000000000800a0                _FlsLinkKey = ABSOLUTE (.)
 *(.ro_se_lnkKey)
                0x00000000000800a0                . = ALIGN (0x10)

.rodata         0x00000000000800a0     0x10b2
 *(.rodata*)
 .rodata.str1.1
                0x00000000000800a0       0x34 C:\Users\akila\AppData\Local\Temp\ccR9hZwB.ltrans0.ltrans.o
                                         0x50 (size before relaxing)
 .rodata        0x00000000000800d4       0x4f C:\Users\akila\AppData\Local\Temp\ccR9hZwB.ltrans0.ltrans.o
 .rodata.str1.1
                0x0000000000080123       0x1c C:\Users\akila\AppData\Local\Temp\ccR9hZwB.ltrans1.ltrans.o
                                         0x1f (size before relaxing)
 *fill*         0x000000000008013f        0x1 00
 .rodata        0x0000000000080140      0x194 C:\Users\akila\AppData\Local\Temp\ccR9hZwB.ltrans1.ltrans.o
                0x0000000000080140                gu32ZCLVersion
                0x0000000000080144                ZPS_g_u32MacVersion
                0x0000000000080148                PDUM_g_u32Version
                0x000000000008014c                ZPS_g_u32TsvVersion
 .rodata        0x00000000000802d4       0x10 C:\Users\akila\AppData\Local\Temp\ccR9hZwB.ltrans2.ltrans.o
                0x00000000000802d4                au8FlashWaitStatesHSRCO.288091
                0x00000000000802dc                au8FlashWaitStates32MXO.288090
 .rodata.str1.1
                0x00000000000802e4       0x17 C:\Users\akila\AppData\Local\Temp\ccR9hZwB.ltrans3.ltrans.o
                                         0x22 (size before relaxing)
 *fill*         0x00000000000802fb        0x1 00
 .rodata        0x00000000000802fc       0x50 C:\Users\akila\AppData\Local\Temp\ccR9hZwB.ltrans3.ltrans.o
 .rodata.str1.1
                0x0000000000000000       0x17 C:\Users\akila\AppData\Local\Temp\ccR9hZwB.ltrans4.ltrans.o
                                          0x4 (size before relaxing)
 .rodata        0x000000000008034c        0x6 C:\Users\akila\AppData\Local\Temp\ccR9hZwB.ltrans4.ltrans.o
 .rodata.str1.1
                0x0000000000080352       0x69 C:\Users\akila\AppData\Local\Temp\ccR9hZwB.ltrans5.ltrans.o
                                         0x7c (size before relaxing)
 *fill*         0x00000000000803bb        0x1 00
 .rodata        0x00000000000803bc      0x678 C:\Users\akila\AppData\Local\Temp\ccR9hZwB.ltrans5.ltrans.o
                0x00000000000803bc                psAplDefaultDistributedAPSLinkKey
                0x00000000000803c0                au32UartAddrOffset
                0x00000000000803c8                zps_pacNwkFrmStdByteFmt
                0x00000000000803cc                zps_pacNwkFrmStdLongFmt
                0x00000000000803d0                zps_pacNwkFrmStdHalfFmt
                0x00000000000803d4                g_bEnableRouteDiscovery
                0x00000000000803d8                zps_g_pvApl
                0x00000000000803dc                pwrm_psWakeupCallbacks
 .rodata.str1.1
                0x0000000000080a34       0x80 C:\Users\akila\AppData\Local\Temp\ccR9hZwB.ltrans6.ltrans.o
                                         0xa2 (size before relaxing)
 .rodata        0x0000000000080ab4       0x14 C:\Users\akila\AppData\Local\Temp\ccR9hZwB.ltrans6.ltrans.o
                0x0000000000080ab4                u8MacNwkTriesTimeout
 .rodata.str1.1
                0x0000000000080ac8       0x11 C:\Users\akila\AppData\Local\Temp\ccR9hZwB.ltrans7.ltrans.o
                                         0x27 (size before relaxing)
 .rodata.str1.1
                0x0000000000080ad9        0x6 C:\Users\akila\AppData\Local\Temp\ccR9hZwB.ltrans8.ltrans.o
                                          0x8 (size before relaxing)
 *fill*         0x0000000000080adf        0x1 00
 .rodata        0x0000000000080ae0       0x18 C:\Users\akila\AppData\Local\Temp\ccR9hZwB.ltrans8.ltrans.o
                0x0000000000080ae0                au32NwkPdmRecordOffsets
 .rodata.str1.1
                0x0000000000000000        0x3 C:\Users\akila\AppData\Local\Temp\ccR9hZwB.ltrans9.ltrans.o
 .rodata.str1.1
                0x0000000000080af8       0x72 C:\Users\akila\AppData\Local\Temp\ccR9hZwB.ltrans10.ltrans.o
                                         0x87 (size before relaxing)
 .rodata.str1.1
                0x0000000000000000        0x4 C:\Users\akila\AppData\Local\Temp\ccR9hZwB.ltrans11.ltrans.o
 *fill*         0x0000000000080b6a        0x2 00
 .rodata        0x0000000000080b6c       0xa4 C:\Users\akila\AppData\Local\Temp\ccR9hZwB.ltrans11.ltrans.o
                0x0000000000080b6c                s_aprActvStHandleCme.275114
                0x0000000000080b98                s_aprIdleStHandleCme.279212
                0x0000000000080bac                bDisableSourceRouting
                0x0000000000080bad                CSWTCH.16.132533.132533
                0x0000000000080bcd                g_bExternalPermitJoinControl
                0x0000000000080bce                CSWTCH.19.132534.132534
                0x0000000000080bee                CSWTCH.22.132535.132535
 .rodata.str1.1
                0x0000000000000000        0x8 C:\Users\akila\AppData\Local\Temp\ccR9hZwB.ltrans12.ltrans.o
 .rodata        0x0000000000080c10       0x2c C:\Users\akila\AppData\Local\Temp\ccR9hZwB.ltrans12.ltrans.o
                0x0000000000080c30                u8MaxZpsConfigEp
                0x0000000000080c31                au8EpMapPresent
                0x0000000000080c34                s_groupPdmTable
 .rodata.str1.1
                0x0000000000000000        0x3 C:\Users\akila\AppData\Local\Temp\ccR9hZwB.ltrans13.ltrans.o
 .rodata        0x0000000000080c3c       0x60 C:\Users\akila\AppData\Local\Temp\ccR9hZwB.ltrans13.ltrans.o
                0x0000000000080c3c                pfnCallbackMcps
                0x0000000000080c40                g_u32NwkFcSaveCountBitShift
 .rodata        0x0000000000080c9c       0x50 C:\Users\akila\AppData\Local\Temp\ccR9hZwB.ltrans14.ltrans.o
                0x0000000000080ca0                g_psGreenPowerContext
                0x0000000000080ca4                au32EndDeviceTimeoutConstants
                0x0000000000080ce0                g_u32ApsFcSaveCountBitShift
                0x0000000000080ce4                prvZdoLeaveActionDecider
                0x0000000000080ce8                bR21LeaveBehaviour
                0x0000000000080ce9                g_bReverToOldParent
 .rodata.str1.1
                0x0000000000080cec       0x1c C:\Users\akila\AppData\Local\Temp\ccR9hZwB.ltrans14.ltrans.o
                                         0x22 (size before relaxing)
 .rodata.str1.1
                0x0000000000080d08       0x2f C:\Users\akila\AppData\Local\Temp\ccR9hZwB.ltrans15.ltrans.o
                                         0x76 (size before relaxing)
 .rodata.str1.1
                0x0000000000000000        0xd C:\Users\akila\AppData\Local\Temp\ccR9hZwB.ltrans18.ltrans.o
 .rodata.str1.1
                0x0000000000000000        0x8 C:\Users\akila\AppData\Local\Temp\ccR9hZwB.ltrans19.ltrans.o
 *fill*         0x0000000000080d37        0x1 00
 .rodata        0x0000000000080d38       0x30 C:\Users\akila\AppData\Local\Temp\ccR9hZwB.ltrans19.ltrans.o
 .rodata        0x0000000000080d68      0x108 C:\Users\akila\AppData\Local\Temp\ccR9hZwB.ltrans22.ltrans.o
 .rodata.str1.1
                0x0000000000080e70       0x51 C:\Users\akila\AppData\Local\Temp\ccR9hZwB.ltrans22.ltrans.o
 .rodata.str1.1
                0x0000000000080ec1       0x21 C:\Users\akila\AppData\Local\Temp\ccR9hZwB.ltrans24.ltrans.o
                                         0x42 (size before relaxing)
 .rodata.str1.1
                0x0000000000080ee2        0xa C:\Users\akila\AppData\Local\Temp\ccR9hZwB.ltrans25.ltrans.o
                                         0x10 (size before relaxing)
 .rodata.str1.1
                0x0000000000080eec        0x3 C:\Users\akila\AppData\Local\Temp\ccR9hZwB.ltrans26.ltrans.o
                                         0x34 (size before relaxing)
 .rodata.str1.1
                0x0000000000000000        0x6 C:\Users\akila\AppData\Local\Temp\ccR9hZwB.ltrans27.ltrans.o
 *fill*         0x0000000000080eef        0x1 00
 .rodata        0x0000000000080ef0      0x1bc C:\Users\akila\AppData\Local\Temp\ccR9hZwB.ltrans27.ltrans.o
 .rodata        0x00000000000810ac       0x10 C:\Users\akila\AppData\Local\Temp\ccR9hZwB.ltrans28.ltrans.o
 .rodata.str1.1
                0x00000000000810bc       0x8d C:\Users\akila\AppData\Local\Temp\ccR9hZwB.ltrans28.ltrans.o
 .rodata.str1.1
                0x0000000000081149        0x9 C:\Users\akila\AppData\Local\Temp\ccR9hZwB.ltrans29.ltrans.o

.text           0x0000000000081154    0x32652
 *(.text*)
 .text          0x0000000000081154       0x50 irq_JN516x.o
                0x0000000000081154                PIC_ChannelPriorities
                0x0000000000081164                PIC_SwVectTable
 .text          0x00000000000811a4       0xd0 portasm_JN516x.o
                0x00000000000811a4                OSMIUM_HwVectTable
                0x00000000000811e0                vExternalException
 .text          0x0000000000081274     0x4670 C:\Users\akila\AppData\Local\Temp\ccR9hZwB.ltrans0.ltrans.o
                0x0000000000081274                APP_vProcessIncomingSerialCommands
 .text          0x00000000000858e4     0x2a4e C:\Users\akila\AppData\Local\Temp\ccR9hZwB.ltrans1.ltrans.o
                0x00000000000858e4                zps_bAplZdoBindRequestServer
                0x0000000000085a1c                vZdoEndDeviceBindTimeoutSecondMessage
                0x0000000000085a30                vPostMcpsDcfmInd.156537
                0x0000000000085a33                psGetVsMcpsBuf.156541
                0x0000000000085a3c                psGetMlmeBuf.156527
                0x0000000000085a45                psGetMcpsBuf.156534
                0x0000000000085a4e                zps_vExpireRequestKeyReq.147388
                0x0000000000085ac8                psGetNlmeBuf.137671
                0x0000000000085ad1                psGetNldeBuf.137692
                0x0000000000085ada                psGetApsmeBuf.137678
                0x0000000000085ae0                psGetApsdeBuf.137685
                0x0000000000085bf9                APP_bMultimaskJoinCallBack
                0x0000000000085c05                vMacMcpsCallBackHandler.130569
                0x0000000000085c50                eCLD_ColourControlCommandHandler
                0x0000000000085c55                eCLD_LevelControlCommandHandler
                0x0000000000085c5a                vLogAssert.8680
                0x0000000000085c5d                vLogPutch.8677
                0x0000000000085cbb                vLogInit.8675
                0x0000000000085cbe                APP_vProfileWideCommandSupportedForCluster
                0x0000000000085cd0                vfExtendedStatusCallBack
                0x0000000000085cd3                APP_ZCL_cbGeneralCallback.6800
                0x0000000000085cd6                zps_vGetZpsMutex
                0x0000000000085cdf                vLoopbackTimerCallback
                0x0000000000085e6f                bCLD_GroupsSearchForGroup.28660
                0x0000000000085e94                RND_u32GetRand
                0x0000000000085ebc                u16CalculateFailedTxCount
                0x0000000000085eec                vZdoIeeeAddrServerSendExtendResponse.part.0.161987
                0x0000000000085f50                vZdoNwkAddrServerSendExtendResponse.part.0.160721
                0x0000000000085fb4                bFindMatch.159370
                0x0000000000086012                vHandleUpdateDeviceIndication.147420
                0x000000000008603c                zps_vByteCopy.part.2.143560
                0x0000000000086058                zps_vByteCopy
                0x0000000000086070                bDuplicateCheck.143368
                0x000000000008617d                zps_vAplApsInitDuplicateTable
                0x00000000000861a0                psApsmeRequestKeyGetHandle
                0x00000000000861fb                eHandleRemoveNonBroadcastEndpointsFromGroup.141852
                0x0000000000086273                eHandleAddEntryToGroupTable.141839
                0x00000000000862cf                zps_vAplApsInitFragTransmitPool
                0x00000000000862f0                zps_vAplApsFillAndPostApsAck
                0x000000000008635a                zps_u8AplApsFreeMsgHandle
                0x00000000000863c4                zps_vAplApsInitSyncMsgPool
                0x00000000000863fc                u8BlocksToSendInWindow.139099
                0x000000000008644e                zps_vAplApsInitFragReceivePool
                0x0000000000086471                vFillDataIndStruct.137349
                0x00000000000864cf                vFillApduErrorEvent.137342
                0x0000000000086512                bCheckProfile.137337
                0x0000000000086559                vWrite64Nbo
                0x0000000000086586                vWrite32Nbo
                0x000000000008659e                ZPS_bIsGroupPresent
                0x00000000000865d6                PDUM_u16SizeNBO
                0x0000000000086634                PDUM_u16APduInstanceWriteStrNBO
                0x00000000000867b3                PDUM_eNPduReadFooterNBO.part.5.132897
                0x00000000000867f8                PDUM_u16APduInstanceReadNBO
                0x0000000000086843                PDUM_u16APduInstanceWriteNBO
                0x00000000000868ad                PDUM_thAPduInstanceGetApdu
                0x00000000000868c8                PDUM_eAPduFreeAPduInstance
                0x000000000008692e                zps_bAplZdoEndDeviceBindServer
                0x00000000000869e6                vReset_StateMachine.159413
                0x0000000000086a2a                PDUM_eAPduInstanceSetPayloadSize
                0x0000000000086a52                PDUM_eNPduWriteDataFromBuffer
                0x0000000000086aac                PDUM_eNPduWriteDataToBuffer
                0x0000000000086b0a                PDUM_eNPduWriteFromBuffer
                0x0000000000086b33                PDUM_eNPduDescend
                0x0000000000086b59                PDUM_eNPduAscend
                0x0000000000086b7f                PDUM_eNPduClaimData
                0x0000000000086bec                PDUM_eNPduAppendDataNBO
                0x0000000000086c49                PDUM_eNPduClaimHeader
                0x0000000000086c6c                PDUM_eNPduReadHeaderNBO
                0x0000000000086cbf                PDUM_eNPduPrependHeaderNBO
                0x0000000000086d1a                PDUM_eNPduFree
                0x0000000000086d78                zps_vAplApsFragReceiveFree.137372
                0x0000000000086d8e                PDUM_eNPduInitDescending
                0x0000000000086da9                zps_vInitAPSMECmdHdr
                0x0000000000086de0                ZPS_u8MacGetChannelOffsetFromMask
                0x0000000000086def                ZPS_eMacValidateChannelMask
                0x0000000000086e1e                BDB_u8PickChannel
                0x0000000000086e7c                eZCL_SearchForClusterEntry
                0x0000000000086ef6                eZCL_BuildTransmitAddressStructure
                0x0000000000086f63                eZCL_SearchForEPentry
                0x0000000000086f9f                eGP_FindGpCluster
                0x0000000000086fe0                u16GP_GetStringSizeOfProxyTable
                0x00000000000870c9                eZCL_SearchForEPentryAndCheckManufacturerId
                0x0000000000087107                vZCL_PassEventToUser
                0x0000000000087134                eZCL_GetAttributeReportableEntry.part.1.121067
                0x00000000000871d7                vZCL_SetDefaultReporting
                0x0000000000087209                eZCL_BuildClientTransmitAddressStructure
                0x000000000008723a                bValidateCommandWithCommandsFlags.112070
                0x0000000000087283                u8GetTransactionSequenceNumber
                0x0000000000087295                bZCL_CheckManufacturerSpecificCommandFlagMatch
                0x00000000000872b3                bZCL_CheckAttributeDirectionFlagMatch
                0x00000000000872d7                bZCL_CheckManufacturerSpecificAttributeFlagMatch
                0x00000000000872f5                eZCL_SearchForAttributeEntry
                0x000000000008739a                eZCL_GetAttributeTypeSize
                0x00000000000873b9                eZCL_Register
                0x0000000000087610                u8ZCL_GetAttributeAllignToFourBytesBoundary
                0x0000000000087625                pvZCL_GetAttributePointer
                0x000000000008769b                vReverseMemcpy.part.2.100413
                0x00000000000876d0                vReverseMemcpy
                0x00000000000876e8                sOtaGetHeader
                0x00000000000877f7                u16ZCL_GetStringStructureSize
                0x0000000000087834                u16ZCL_GetStringAttributeTypeSizeFromBuffer
                0x00000000000878a5                u16ZCL_GetStringSizeAndBufferFromStructure
                0x0000000000087934                bZCL_SendCommandResponse
                0x0000000000087950                vZCL_InitializeClusterInstance
                0x0000000000087965                u8ZCL_GetEPIdFromIndex
                0x0000000000087987                boDLISTisEmpty
                0x000000000008799f                vDLISTaddToTail
                0x00000000000879cd                psDLISTremove
                0x0000000000087a30                vOtaFlashLockRead
                0x0000000000087a76                bBestGPD_GPPLink
                0x0000000000087aa3                u16GetProxyTableString
                0x0000000000087c55                bGP_CheckGPDAddressMatch
                0x0000000000087d0c                bGP_ValidateGPDF_Fields
                0x0000000000087d93                u8GP_GetLQIQuality
                0x0000000000087dbb                vCreateDataIndFromBufferedCmd
                0x0000000000087e8c                u16GP_DeriveAliasSrcAddr
                0x0000000000087ece                ZTIMER_eStart
                0x0000000000087f2c                ZTIMER_eStop.part.4.9971
                0x0000000000087f72                ZQ_bQueueReceive
                0x0000000000087fe3                ZQ_bQueueSend
                0x0000000000088059                APP_vGenCallback
                0x0000000000088077                APP_cbTimerGPZclTick
                0x000000000008809e                App_TransportKeyCallback
                0x00000000000880bd                vAPP_ZCL_DeviceSpecific_Init
                0x0000000000088114                App_u16BufferReadNBO
                0x0000000000088242                APP_u16GetAttributeActualSize
                0x0000000000088316                ZPS_psMacIFTGetInterface
 *fill*         0x0000000000088332        0x2 00
 .text          0x0000000000088334     0x22ec C:\Users\akila\AppData\Local\Temp\ccR9hZwB.ltrans2.ltrans.o
                0x000000000008835f                vZdoServersInit.2366
                0x000000000008850b                vPostMlmeDcfmInd.156530
                0x0000000000088629                vMacMlmeCallBackHandler.130565
                0x0000000000088894                ZPS_eTsvOpen
                0x00000000000888b1                eCLD_GroupsCreateGroups.constprop.143
                0x00000000000889e2                zps_vSendJoinDcfm
                0x0000000000088a29                u8PDM_CalculateLargestDataRecordStored
                0x0000000000088a5b                iPDM_FilterDuplicateAppendedSegmentsOnList.258384
                0x0000000000088aa5                ZPS_u8MacIFTGetChannelMaskCount
                0x0000000000088ae5                ZPS_u8MacIFTGetIntfState
                0x0000000000088b02                zps_vNwkHandleCmeGetInterface
                0x0000000000088c4e                u32GetScanChannels.isra.3.147465
                0x0000000000088c83                ZPS_vMacIFTGetChannelMaskFromMacId
                0x0000000000088d05                ZPS_bIsMacAddressUsedInApsTable
                0x0000000000088dd6                eCLD_GroupsCheckGroupExists
                0x0000000000088e43                eGp_BufferTransmissionPacket
                0x0000000000088faa                zps_vNwkBttMgrInit
                0x0000000000088fd8                ZPS_vNwkNibClearTables
                0x0000000000089103                ZPS_u8GrabMutexLock.constprop.273
                0x0000000000089146                ZPS_u8ReleaseMutexLock.constprop.272
                0x0000000000089171                zps_eAplAfGetSimpleDescriptor
                0x00000000000891c8                vEnableReceive.286542
                0x0000000000089201                psGetTxFrameBuffer
                0x000000000008923d                psGetAndBuildCoordRealignment
                0x0000000000089295                PDUM_vInit
                0x0000000000089332                vMicroIntEnableOnly.constprop.242
                0x000000000008935e                TSV_eStart
                0x00000000000893ae                ZPS_eTsvStart
                0x00000000000893eb                zps_eNwkHandleSceNwkUpdate
                0x000000000008940f                vNwkMcpsSendTimedDfcm
                0x0000000000089453                zps_vAplApsCheckAndStartPollTimer
                0x00000000000894b2                zps_eAplZdoBdrmRequestSend
                0x000000000008952d                vProcessTimedList.267311
                0x0000000000089573                zps_vNwkMcpsMgrPostTimed
                0x0000000000089586                zps_vAplAfPostTimerEvent
                0x0000000000089626                zps_vExpireOldRoutes
                0x00000000000896af                zps_eNwkBtrMatch
                0x00000000000897ac                PDM_vEnterCriticalSection
                0x00000000000897db                vAHI_SpiRestoreConfiguration.constprop.241
                0x000000000008981c                vAHI_SpiReadConfiguration.constprop.238
                0x000000000008984d                vConfigureSpi
                0x000000000008988d                bAHI_FullFlashRead
                0x00000000000898d0                vOtaFlashRead
                0x00000000000898d2                bAHI_FlashInit.constprop.237
                0x0000000000089a4c                zps_bAreCredPresent
                0x0000000000089ad0                vOtaFlashInitHw
                0x0000000000089ad2                AESSW_vMMOFinalUpdate
                0x0000000000089b95                AESSW_vHMAC_MMO
                0x0000000000089c33                zps_pvAesGetKeyFromInstallCode
                0x0000000000089cba                zps_vAplSecSetInitialSecurityState
                0x0000000000089de9                iAHI_WriteDataIntoEEPROMsegment.constprop.227
                0x0000000000089e37                vACI_OptimisedCcmStar.constprop.225
                0x000000000008a023                zps_eNwkRtDiscMatch.constprop.222
                0x000000000008a076                vMiniMac_MLME_SetReq_PanId
                0x000000000008a0b3                vMiniMac_MLME_SetReq_ShortAddr
                0x000000000008a0c1                ZPS_vMacPibSetBeaconPayload.constprop.206
                0x000000000008a0f6                zps_vInitBeaconPayload
                0x000000000008a151                ZPS_u8MacPibGetBeaconPayload.constprop.179
                0x000000000008a16d                ZPS_vGetDeviceCurrentData.constprop.178
                0x000000000008a1ec                bGP_IsProxyTableEntryPresent.constprop.169
                0x000000000008a25c                bGP_IsDuplicatePkt.constprop.168
                0x000000000008a3ac                pvZCL_HeapAlloc.part.0.114015.constprop.121
                0x000000000008a3e6                ZTIMER_eOpen.constprop.115
                0x000000000008a428                pvHeap_Alloc.constprop.105
                0x000000000008a42e                zps_eSocMacSetTxBuffers
                0x000000000008a469                vAHI_UartReset.part.4.288339.constprop.44
                0x000000000008a495                eZCL_ReadLocalAttributeValue.constprop.34
                0x000000000008a56c                psSearchList.99717.constprop.22
                0x000000000008a58e                zps_vAplApsStopPollTimer
 .text.unlikely
                0x000000000008a620       0xc8 C:\Users\akila\AppData\Local\Temp\ccR9hZwB.ltrans2.ltrans.o
                0x000000000008a635                vAHI_MemoryHold.288019
 .text          0x000000000008a6e8     0x1df7 C:\Users\akila\AppData\Local\Temp\ccR9hZwB.ltrans3.ltrans.o
                0x000000000008a6e8                vPermitJoinHandleExpiry.270847
                0x000000000008a6f1                zps_vNwkHandleCmePermitJoinReq
                0x000000000008a759                zps_vFragmentWindowTimeout.137333
                0x000000000008a7ba                zps_bAplZdoNodeDescServer
                0x000000000008a92c                zps_bAplZdoPowerDescServer
                0x000000000008aa50                zps_bAplZdoActiveEpServer
                0x000000000008ab39                zps_bAplZdoSystemServerDiscoveryServer
                0x000000000008ac18                bGP_AliasPresent
                0x000000000008ae87                boIdValueSearchMatch.257300
                0x000000000008aee1                APP_cbToggleLED
                0x000000000008af7a                vZGPParseMacMcpsData
                0x000000000008b127                vPostVsMcpsDcfmInd.156544
                0x000000000008b1b1                zps_bAplZdoSimpleDescServer
                0x000000000008b3ff                u8ZdoEndDeviceBindServerUnpackApdu
                0x000000000008b48f                vZdoEndDeviceBindStateIdle
                0x000000000008b7ba                u8ZdoBindUnbindServerUnpackApdu
                0x000000000008b809                eOtaFindCluster.constprop.176
                0x000000000008b851                eOTA_NewImageLoaded.part.4.93624.constprop.172
                0x000000000008b8bb                vAppInitOTA
                0x000000000008b995                eOTA_GetOtaHeader.part.9.93637
                0x000000000008ba24                bGP_GPDFValidityCheck
                0x000000000008bbca                zps_bAplZdpUnpackNodeDescResponse
                0x000000000008bc8d                vApp_GP_RegisterDevice.constprop.122
                0x000000000008bee0                bGP_CheckFrameToBeProcessed
                0x000000000008bf21                iPDM_ReadSegmentHeaderDataFromEEPROMsegment
                0x000000000008bf7a                iPDM_ReadUserDataFromEEPROMsegment
                0x000000000008bff4                iPDM_ReCalculateWearCountAndChecksumAndWriteFileSystemHeader
                0x000000000008c03e                vPDM_SetEEPROMandFileSystemValidState
                0x000000000008c065                iPDM_ReadUserDataFromFileSystemRecord
                0x000000000008c085                iPDM_CompareDataInFileRecords.257560
                0x000000000008c0c1                PWRM_vWakeInterruptCallback
                0x000000000008c148                vPDM_WriteFileSystemRecordAndSegmentDataIntoEEPROMsegment
                0x000000000008c184                ZPS_psZgpFindGpstEntry
                0x000000000008c1db                vGP_RemoveGPDFromProxySinkTable
                0x000000000008c258                zps_sZgpAddTxQueue
                0x000000000008c378                zps_bZgpRemoveTxQueue
                0x000000000008c406                ZPS_u16NwkNibFindNwkAddr
                0x000000000008c4a7                vGiveUp.280541
 .text          0x000000000008c4df     0x1e81 C:\Users\akila\AppData\Local\Temp\ccR9hZwB.ltrans4.ltrans.o
                0x000000000008c4df                eSmeASFlBeaconInd.277021
                0x000000000008c85e                zps_bAplZdoMatchDescServer
                0x000000000008c872                eSmeAcScBeaconInd.277029
                0x000000000008c982                u16GP_APduInstanceReadWriteLongString
                0x000000000008ca38                vMiniMac_ReturnTxBufferCallback
                0x000000000008ca64                vMiniMac_McpsCallback
                0x000000000008cd1a                eMcpsTxCompleteHandler.285508
                0x000000000008cd48                boPDM_IsBitmapSaturated.256353
                0x000000000008cd91                ZPS_u16MacIFTGetIDByChannelMask
                0x000000000008cdd6                ZPS_u8MacIFTAddUpdateChannelMask
                0x000000000008ce70                zps_eAplAibSetApsChannelMask
                0x000000000008ce9b                zps_psAllocateAndFormatMacHdr
                0x000000000008d1fe                zps_psNwkInitCmdFrame
                0x000000000008d27d                eSendLinkStatusDataDcfm.part.1.264986
                0x000000000008d3a4                iPDM_SearchForBufferIdInList
                0x000000000008d3d9                iPDM_ReadUserDataFromSegmentOnListWithId
                0x000000000008d417                iPDM_SearchForBufferIdInFileSystem
                0x000000000008d42a                iPDM_ReadUserDataFromSegmentWithId
                0x000000000008d45f                PDM_eReadDataFromRecord
                0x000000000008d4e5                ZPS_vTcInitFlash.constprop.164
                0x000000000008d552                APP_vConfigureDevice
                0x000000000008d630                vLoadAplRecord.147449
                0x000000000008d65e                vLoadNwkRecord.268287
                0x000000000008d696                iPDM_SearchForSpecificSegmentInList
                0x000000000008d6c8                bPDM_FindLastMarkerSegment.257589
                0x000000000008d715                vMMAC_RadioToOffAndWait
                0x000000000008d732                vStartReceive
                0x000000000008d74e                eOrphanNotificationSent.286183
                0x000000000008d797                vSetChannelAndPower
                0x000000000008d978                vMiniMac_NextTransaction
                0x000000000008d9e2                ZPS_vMacPibSetRxOnWhenIdle
                0x000000000008d9ea                vPostTxActions.286586
                0x000000000008da27                vTimerFired
                0x000000000008dafc                vMiniMac_PLME_SetReq_Power
                0x000000000008db11                vMiniMac_PLME_SetReq_Channel
                0x000000000008db1a                zps_vDefaultNwkLayer
                0x000000000008dd50                eCopyFragmentToApdu.isra.0.137381
                0x000000000008de72                u16ZCL_APduInstanceWriteNBO
                0x000000000008defe                u16ZCL_WriteCommandHeader
                0x000000000008df76                u16ZCL_APduInstanceReadNBO
                0x000000000008e05b                u16ZCL_ReadCommandHeader.part.0.104954
                0x000000000008e0d2                u16ZCL_ReadCommandHeader
                0x000000000008e0e0                eCLD_OnOffCommandHandler
                0x000000000008e0fd                u16ZCL_APduInstanceWriteStringNBO.part.0.101932
                0x000000000008e1d9                u16ZCL_APduInstanceReadStringNBO.part.3.101973
                0x000000000008e2b1                eZCL_GetAttributeTypeSizeFromBuffer
                0x000000000008e328                u16ZCL_GetTxPayloadSize
 *fill*         0x000000000008e360        0x0 00
 .text          0x000000000008e360     0x200c C:\Users\akila\AppData\Local\Temp\ccR9hZwB.ltrans5.ltrans.o
                0x000000000008e360                AppColdStart
 .text          0x000000000009036c     0x1d80 C:\Users\akila\AppData\Local\Temp\ccR9hZwB.ltrans6.ltrans.o
                0x000000000009036c                eSmeAcScBeaconInd.277207
                0x00000000000904f6                zps_bAplZdoIeeeAddrServer
                0x0000000000090652                zps_bAplZdoNwkAddrServer
                0x00000000000907e5                UART_vSetTxInterrupt
                0x00000000000908b2                vSL_TxByte.8682
                0x00000000000908e7                PWRM_vManagePower
                0x0000000000090a25                zps_u8AplApsConstructAndPostLoopBackDataInd.140295
                0x0000000000090b5e                u8PostUnicastMsgToNHLE.140303
                0x0000000000090b97                vFreePendingReqDescr
                0x0000000000090c02                vHandleRouteDiscoveryExpiry.271608
                0x0000000000090c60                eHandleRemoveBroadcastEndpointsFromGroup.141835
                0x0000000000090cba                bAHI_FullFlashProgram
                0x0000000000090d70                vOtaFlashWrite
                0x0000000000090d72                ZPS_bSecDecrypt
                0x0000000000090e63                zps_vNwkMcpsMgrTidyBtrReqDescr
                0x0000000000090ea8                vNwkBttTimerExpiry.275162
                0x0000000000090fc9                eZCL_SetReceiveEventAddressStructure
                0x0000000000091049                eCLD_ThermostatCommandHandler
                0x0000000000091095                dbg_vPrintfImplNoneVerbose
                0x000000000009151d                vShowException
                0x00000000000915df                ZPS_bSecEncrypt
                0x0000000000091790                zps_vAplApsFragTransmitNotifyApp.140251
                0x000000000009182c                zps_vHandleExtendedDataAckFrame
                0x0000000000091912                bAHI_FlashEraseSector
                0x000000000009196e                vOtaFlashErase
                0x0000000000091970                vMiniMac_Init
                0x0000000000091cdb                eTransmit
                0x0000000000091da9                vRetryCcaFailure
                0x0000000000091df6                zps_vSocMacHandleMcpsVsReqRsp.constprop.230
                0x0000000000091f85                eBuildAndSend.286193
                0x0000000000091ffa                vMiniMac_TxComplete
 .text          0x00000000000920ec     0x1f1f C:\Users\akila\AppData\Local\Temp\ccR9hZwB.ltrans7.ltrans.o
                0x00000000000920ec                ZPS_vNwkMacDataPollRequest
                0x0000000000092473                zps_vNwkHandleCmeRouteDiscoveryReq
                0x0000000000092641                zps_eNwkHandleSceRouteRecord
                0x00000000000928dc                zps_eNwkHandleSceNwkLinkPowerDelta
                0x00000000000928f6                zps_eNwkHandleSceNwkEdTimeoutReq
                0x00000000000929f1                vSendNetworkReport.266102
                0x0000000000092acf                zps_eNwkHandleSceRouteRequest
                0x0000000000092fa3                zps_eNwkHandleSceRouteReply
                0x0000000000093276                ZPS_vNwkSaveAllRecords
                0x00000000000932a0                zps_vSaveAllZpsRecords
                0x00000000000932bf                APP_vSendJoinedFormEventToHost.part.2.2976
                0x0000000000093350                ZPS_vNMPurgeEntry
                0x0000000000093510                zps_psSendFrm
                0x000000000009386e                zps_psSendBroadcastFrm.part.0.278442
                0x00000000000938d6                zps_psNwkSendLeaveCmd
                0x000000000009393e                zps_vNwkSecondTickHandleExpiry
                0x0000000000093b52                zps_vNwkHandleCmeLeaveReq
                0x0000000000093c70                zps_eNwkHandleSceLeave
                0x0000000000093e01                zps_psSendNetworkStatusCmd
                0x0000000000093e6e                zps_eDefaultDataDcfm
                0x0000000000093f60                zps_vProcessLocalAddrConflict
 .text          0x000000000009400b     0x1a9f C:\Users\akila\AppData\Local\Temp\ccR9hZwB.ltrans8.ltrans.o
                0x00000000000940f7                vPDM_MoveAllDataToDeAllocList.constprop.244
                0x0000000000094122                iPDM_ReplaceChangedSegmentInSequence
                0x0000000000094225                iPDM_VerifyDataSequenceWithBufferId
                0x00000000000942c1                iPDM_ReconstructReplacedDataTable
                0x00000000000943b8                vPDM_MoveAllDataWithBufferIdAndStateFromListToList
                0x0000000000094443                iPDM_CreateCandidateBufferList
                0x0000000000094547                vPDM_MoveAllDataWithBufferIdFromListToList
                0x00000000000945cc                vPDM_DeleteAppendedSequence
                0x000000000009466e                PDM_eSaveRecordData
                0x0000000000094a10                zps_vAplSaveRecord
                0x0000000000094abe                vAplSecRemoveLinkKey.147505
                0x0000000000094c3c                ZPS_vNwkSaveRecord
                0x0000000000094c68                ZPS_vRemoveEntryFromAddressMap
                0x0000000000094cb1                ZPS_vNwkNibSetNwkAddr
                0x0000000000094cda                zps_eNwkHandleSceRejnResponse
                0x0000000000094d37                ZPS_vNwkNibSetExtPanId
                0x0000000000094d68                ZPS_vNwkNibSetKeySeqNum
                0x0000000000094d7b                ZPS_vNwkNibSetDepth
                0x0000000000094db1                ZPS_vNwkNibSetUpdateId
                0x0000000000094ddb                vSendNetworkUpdate.266106
                0x0000000000094f10                ZPS_vNwkNibSetPanId
                0x0000000000094f2e                ZPS_vNwkNibSetCapabilityInfo
                0x0000000000094f5b                ZPS_vNwkNibSetChannel
                0x0000000000094f79                vGP_SendResponseGPDF
                0x00000000000950a7                ZPS_vNwkNibSetAuxChannel
                0x00000000000950c0                zps_vNwkHandleCmeSetInterface
                0x000000000009526e                ZPS_vNwkSaveNt
                0x00000000000952aa                ZPS_vNwkPurgeMacAddressAndRelatedEntries.part.5.268900
                0x00000000000953bb                ZPS_vNtSetUsedStatus
                0x0000000000095489                zps_bAplZdoParentAnnceServer
                0x0000000000095623                zps_vBuildSortedActvNTList
                0x00000000000956ef                zps_vCleanUnAuthenHandleExpiry
                0x000000000009581b                eUnsolicitedRejoinRspDataDcfm.266118
                0x0000000000095846                eRejoinRspDataDcfm.279711
                0x00000000000958f2                vFinish.280999
                0x0000000000095948                zps_eNwkHandleSmeCommStatusInd
                0x0000000000095a02                ZPS_vNwkSaveSecMat
                0x0000000000095a52                vPDM_DeleteSegmentsWithIdFromFileSystem
                0x0000000000095a73                PDM_vDeleteDataRecord
 .text          0x0000000000095aaa     0x1e90 C:\Users\akila\AppData\Local\Temp\ccR9hZwB.ltrans9.ltrans.o
                0x0000000000095b84                vIncrementFrameCounterInPdm.isra.0.268739
                0x0000000000095d63                zps_eNwkSecEncryptPacket
                0x0000000000095e79                vProcessListsForSubmission.267407
                0x00000000000960c3                zps_vNwkMcpsMgrPost
                0x00000000000960e7                zps_psNwkSendRejoinReqCmd
                0x0000000000096165                zps_u8NwkHandleRejoinReq
                0x0000000000096225                zps_bGetFlashCredential
                0x000000000009631a                zps_psFindKeyDescr
                0x0000000000096487                zps_eAplApsmeUnBindReqRsp
                0x000000000009652b                zps_eAplZdoUnbind
                0x00000000000965ab                zps_eAplZdoGroupEndpointRemove
                0x000000000009663c                zps_eAplApsmeRemoveAllGroupsReqRsp
                0x000000000009667d                zps_eAplAibSetApsTrustCenterAddress
                0x0000000000096693                zps_vAplTrustCenterInit
                0x0000000000096721                zps_bNwkFindAddIeeeAddr
                0x00000000000968a9                vInitUnknownNeighbor.267318.constprop.69
                0x000000000009699d                zps_eAplApsmeBindReqRsp
                0x0000000000096a70                zps_bAplZdoTrustCenterSetDevicePermissions
                0x0000000000096b31                zps_eAplZdoAddReplaceLinkKey_W
                0x0000000000096bf5                zps_eNwkHandleSceLinkStatus
                0x0000000000096d29                ZPS_bNwkNibAddrMapAddEntry
                0x0000000000096ede                zps_eAplZdoBind
                0x0000000000096f72                zps_vAgeRouter
                0x0000000000096fab                zps_eNwkHandleSdeActvDcfmData
                0x0000000000097130                vMcpsMgrTimeoutExpiry
                0x000000000009719a                zps_sNwkNibNtCheckJoin.part.8.269033
                0x0000000000097453                zps_vNwkHandleCmeDirectJoinReq
                0x00000000000974fc                zps_vJoinInitNtParent
                0x00000000000976e0                vContinueRejoin.279707
                0x0000000000097787                zps_vCheckActvNtForDuplicate
                0x0000000000097827                eSmeOrphScanDcfm.281012
                0x000000000009789f                eCheckAddrConflict.isra.7.266373
 *fill*         0x000000000009793a        0x2 00
 .text          0x000000000009793c     0x200c C:\Users\akila\AppData\Local\Temp\ccR9hZwB.ltrans10.ltrans.o
                0x000000000009793c                vMiniMac_MlmeCallback
                0x0000000000097b34                bBeaconNotify.286197
                0x0000000000097c71                vPostDcfm.286204
                0x0000000000097ce0                vScanNextChannel.286191
                0x0000000000097e86                ZPS_vSetDevicePreviousData.constprop.151
                0x0000000000098075                APP_vHandleStackEvents
 .text          0x0000000000099948     0x1b48 C:\Users\akila\AppData\Local\Temp\ccR9hZwB.ltrans11.ltrans.o
                0x0000000000099948                vMcpsMgrExpiry.267234
                0x00000000000999a7                vBbcIntHandler.285078
                0x0000000000099c8d                eAssocRespSent.285396
                0x0000000000099ce5                zps_vNwkHandleCmeIdleNwkFormReq
                0x0000000000099df6                zps_vNwkHandleCmeNwkDiscReq
                0x0000000000099e70                zps_vNwkHandleCmeEdScanReq
                0x0000000000099ff7                zps_eNwkHandleSmeBeaconNotifyInd
                0x000000000009a085                zps_eNwkHandleSceNwkReport
                0x000000000009a10b                zps_vNwkHandleCmeNwkJoinReq
                0x000000000009a443                zps_vNwkHandleCmeNwkActvJoinReq
                0x000000000009a44f                eSmeEdScScanDcfm.277757
                0x000000000009a4ff                eSmeAcScScanDcfm.277764
                0x000000000009a9c7                zps_eRejoinDataDcfm
                0x000000000009aa84                eSmeAsocAssocDcfm.281167
                0x000000000009ab08                eSmeRjPCPollDcfm.281163
                0x000000000009ab49                eSceRjRsRejoinRsp.281130
                0x000000000009ac21                zps_vZgpDeviceActiveTimerExpiry
                0x000000000009acfd                zps_eNwkHandleSceNwkStatus
                0x000000000009ae92                zps_eAplZdoGroupEndpointAdd
                0x000000000009af95                zps_eProcessAddrConflict
                0x000000000009b13e                ZPS_vNwkNibCheckAndUpdateAddresses
                0x000000000009b1df                zps_bAplZdoDeviceAnnceServer
 .text          0x000000000009b490     0x1cb6 C:\Users\akila\AppData\Local\Temp\ccR9hZwB.ltrans12.ltrans.o
                0x000000000009b55e                zps_eNwkHandleSmeOrphanInd
                0x000000000009c1c1                zps_eNwkSendJoinResponse
                0x000000000009c3a7                zps_vProcessChildAddrConflict
                0x000000000009c46d                eRejoinNetwork.147467
                0x000000000009c531                eStartNetworkDiscovery.147479
                0x000000000009c599                zps_eAplZdoStartStack
                0x000000000009c67c                ZPS_eAplAfInit
                0x000000000009cebe                eDiscoverNetworks
                0x000000000009cf1a                eStartRouter
                0x000000000009d00b                vHandleNwkKeyTransport.147838
 *fill*         0x000000000009d146        0x2 00
 .text          0x000000000009d148     0x19fc C:\Users\akila\AppData\Local\Temp\ccR9hZwB.ltrans13.ltrans.o
                0x000000000009d3cc                vSendMlmeCommStatusFromTxFrame
                0x000000000009d422                zps_vSocMacHandleMlmeVsReqRsp.constprop.214
                0x000000000009d956                vHandleEdTimeoutReqExpiry.266110
                0x000000000009d9ff                zps_sNwkStart
                0x000000000009daa1                vHandleNwkLocalUpdateAfterBcast.266123
                0x000000000009daf5                vHandleNwkRemoteUpdateAfterBcast.266114
                0x000000000009db49                ZPS_pvNwkCtor.constprop.204
                0x000000000009e0c3                ZPS_vNwkHandleNlmeReqRsp
                0x000000000009e140                zps_vAplAfPostEvent
                0x000000000009e2ff                vZGPdCfm
                0x000000000009e335                vZgpAgeTxQueue
                0x000000000009e3e3                zps_eAplZdoNlmePermitJoiningWrapper
                0x000000000009e40b                zps_bAplZdoPermitJoiningServer
                0x000000000009e4e2                vStartScanTimerExpiry.177284
                0x000000000009e51e                vChangeChannelTimerExpiry.177288
                0x000000000009e595                eLeaveReset.263300
                0x000000000009e600                eLeaveDataDcfmLocalLeave.263305
                0x000000000009e6e2                zps_vNwkHandleCmeActvStartRouterReq
                0x000000000009e779                zps_vNwkHandleCmeSyncReq
                0x000000000009e800                vScanBeaconReceived
                0x000000000009e840                vRunningRxCallback
 .text          0x000000000009eb44     0x1a6c C:\Users\akila\AppData\Local\Temp\ccR9hZwB.ltrans14.ltrans.o
                0x000000000009ee7c                zps_eNwkHandleSmeAssocInd
                0x000000000009eeaa                zps_eNwkHandleSceRejnRequest
                0x000000000009ef37                u8GP_SecurityProcessCallback
                0x000000000009f1cc                vTransformKey.isra.0.143555
                0x000000000009f237                zps_eAplSecEncryptPacket
                0x000000000009f32c                ZPS_vNwkHandleNldeReqRsp
                0x000000000009f638                zps_eAplSendApsmeCmdFrame
                0x000000000009f7ac                zps_eAplApsmeTransportKeyReqRsp.constprop.150
                0x000000000009f947                vNsTclkSendReqKey.127699
                0x000000000009fb76                vPostNlmeDcfmInd.137674
                0x00000000000a0305                zps_eAplZdoNlmeleaveWrapper
                0x00000000000a03cc                vNsLeaveNwk.127701
                0x00000000000a03fe                vHandleRemoveDeviceIndication
                0x00000000000a051a                zps_eAplApsmeRemoveDeviceReqRsp
                0x00000000000a0583                zps_vAplApsmeCmdMgrRetryTimeout.141812
 .text          0x00000000000a05b0     0x1cfb C:\Users\akila\AppData\Local\Temp\ccR9hZwB.ltrans15.ltrans.o
                0x00000000000a05b0                zps_bAplZdoBindUnbindServer
                0x00000000000a0894                zps_bAplZdoMgmtBindServer
                0x00000000000a0a96                zps_eZdpNodeDescResponse
                0x00000000000a0b3e                zps_eZdpParentAnnceResponse
                0x00000000000a0be0                zps_eZdpPowerDescResponse
                0x00000000000a0c7d                zps_eZdpSimpleDescResponse
                0x00000000000a0d8a                zps_eZdpActiveEpResponse
                0x00000000000a0e20                zps_eZdpMatchDescResponse
                0x00000000000a0eb6                zps_eZdpSystemServerDiscoveryResponse
                0x00000000000a0f25                zps_eAplZdpMgmtLqiResponse
                0x00000000000a1035                zps_eZdpNwkAddrResponse
                0x00000000000a111d                zps_eZdpIeeeAddrResponse
                0x00000000000a1205                zps_eAplZdpMgmtRtgResponse
                0x00000000000a1394                zps_bAplZdoMgmtNWKUpdateServer
                0x00000000000a18d6                ZPS_vSecondTimerCallback
                0x00000000000a1b3c                vZdoEndDeviceBindStateWaitSendWithAck
                0x00000000000a1e76                zps_bAplZdoZdoClient
                0x00000000000a2023                zps_eAplAfBoundDataReqNonBlocking
                0x00000000000a21e6                zps_eAplZdpNodeDescRequest.constprop.197
                0x00000000000a2253                vNsSendPermitJoin.127691
 *fill*         0x00000000000a22ab        0x1 00
 .text          0x00000000000a22ac     0x1b5c C:\Users\akila\AppData\Local\Temp\ccR9hZwB.ltrans16.ltrans.o
                0x00000000000a22ac                vZdoBdrmSendNextTimedRequest
                0x00000000000a254e                eAplAfCommonDataReq.135856
                0x00000000000a2608                eZCL_TransmitDataRequest
                0x00000000000a29d0                eZCL_SendDefaultResponse
                0x00000000000a2acf                vZCL_HandleAttributesWriteRequest
                0x00000000000a2f57                eSimpleMeteringCommandHandler
                0x00000000000a2f83                eZCL_CustomCommandReceive
                0x00000000000a31de                eGP_HandleZgpNotification
                0x00000000000a3551                eCLD_BasicCommandHandler
                0x00000000000a35c0                eCLD_ScenesCommandHandler
                0x00000000000a378f                eCLD_DoorLockCommandHandler
                0x00000000000a381a                vZCL_HandleCommandsDiscoverRequest.112084
                0x00000000000a3a5d                vZCL_HandleDiscoverCommandsResponse.113255
                0x00000000000a3b67                vZCL_HandleAttributesReadResponse
                0x00000000000a3d43                eZCL_SendDiscoverCommandGenericRequest.112146
 .text          0x00000000000a3e08     0x1848 C:\Users\akila\AppData\Local\Temp\ccR9hZwB.ltrans17.ltrans.o
                0x00000000000a3e08                vZCL_EventHandler
 .text          0x00000000000a5650     0x1720 C:\Users\akila\AppData\Local\Temp\ccR9hZwB.ltrans18.ltrans.o
                0x00000000000a580b                eCLD_IdentifyCommandHandler
                0x00000000000a59d1                eCLD_GroupsCommandHandler
                0x00000000000a5f38                APP_eSendWriteAttributesRequest.constprop.160
                0x00000000000a63b2                eOTA_ServerUpgradeEndResponse
                0x00000000000a6445                eOTA_ServerImageBlockResponse
                0x00000000000a68e1                eOtaCommandHandler
                0x00000000000a6bf0                eCLD_IASZoneEnrollRespSend
                0x00000000000a6c2b                eCLD_IASZoneCommandHandler
 .text          0x00000000000a6d70     0x1fa7 C:\Users\akila\AppData\Local\Temp\ccR9hZwB.ltrans19.ltrans.o
                0x00000000000a6d70                vMMAC_IntHandlerBbc
                0x00000000000a6d8a                eBasicTxCompleteHandler
                0x00000000000a6d8f                vTxRxTimeout.286540
                0x00000000000a6dec                eSmeUDNTScanDcfm.276450
                0x00000000000a6e08                vNwkMcpsTimerCallback
                0x00000000000a6e22                zps_eSceGenlIllegal
                0x00000000000a6e29                zps_eSmeGenlIllegal
                0x00000000000a6e30                pvHeap_DefAlloc.289304
                0x00000000000a6e9b                ZPS_vInterceptMcpsDataCallback
                0x00000000000a6f01                ZPS_eTsvStop
                0x00000000000a6f40                ZPS_vResetBoundServerContext
                0x00000000000a6f43                ZPS_u8GetChannelOffset
                0x00000000000a6f75                i16JPT_ConvertEnergyTodBm
                0x00000000000a6f93                vMicroIntRestoreState
                0x00000000000a6f9f                PDM_vExitCriticalSection
                0x00000000000a6fc2                bAHI_WriteEEPROMfixSegmentData
                0x00000000000a7020                bAHI_InitialiseEEPROM
                0x00000000000a7068                vAHI_ReadDataFromEEPROMregister
                0x00000000000a7095                vAHI_WriteDataIntoEEPROMregister
                0x00000000000a70c5                iPDM_WriteSegmentHeaderDataIntoEEPROMsegment
                0x00000000000a70f4                u32RaiseDigitalVoltage
                0x00000000000a7114                u8AHI_WakeTimerFiredStatus
                0x00000000000a7128                vAHI_WakeTimerStop.part.3.288585
                0x00000000000a7148                vAHI_OptimiseWaitStates
                0x00000000000a7194                bAHI_GetClkSource
                0x00000000000a71a1                vAHI_CpuDoze
                0x00000000000a71b4                vAHI_SwReset
                0x00000000000a71e4                vAHI_DioSetOutput
                0x00000000000a71f8                vAHI_DioSetDirection
                0x00000000000a720c                bIssueACIcommand
                0x00000000000a72a2                bACI_WriteKey
                0x00000000000a72af                vACI_CmdWaitBusy
                0x00000000000a72bc                vEcbEncodeStripe.287799
                0x00000000000a7313                MAC_u64GetExtAddr
                0x00000000000a732e                eAppApiDefPlmeGet.part.0.286803
                0x00000000000a733d                psSearchForFrameToSend
                0x00000000000a7394                eMiniMac_FrameInProgress
                0x00000000000a73bf                vRemoveFromTxQueue
                0x00000000000a73fb                vAddToTxQueue
                0x00000000000a7431                u8GetHeaderSize
                0x00000000000a7459                vMiniMac_PLME_SetReq_CcaMode
                0x00000000000a746d                vMiniMac_MLME_SetReq_MaxCsmaBackoffs
                0x00000000000a748d                vMiniMac_MLME_SetReq_MaxBe
                0x00000000000a74b0                vMiniMac_MLME_SetReq_MinBe
                0x00000000000a74d3                zps_psFormatCmdFrameGeneral
                0x00000000000a7581                zps_eNwkFormStInit
                0x00000000000a75ad                bCheckMatchingEntry.277202
                0x00000000000a75d3                zps_psNwkSlistRemoveFromHead
                0x00000000000a75ea                zps_psNwkSlistRemove
                0x00000000000a7622                zps_bNwkMcpsMgrRemoveDescrFromLists
                0x00000000000a7660                zps_vNwkSlistAddToTail
                0x00000000000a767a                zps_vNwkMcpsMgrFreeReqDescr
                0x00000000000a76b0                zps_vNwkRemoveConflictedBroadcast
                0x00000000000a7705                ZPS_pvNwkSecGetNetworkKey
                0x00000000000a7739                ZPS_bNwkSecHaveNetworkKey
                0x00000000000a776d                ZPS_bNwkSecFindMatSet
                0x00000000000a77a9                zps_eNwkRctMatchNwkAddr
                0x00000000000a7813                ZPS_u8NwkCalcNldeReqOverhead
                0x00000000000a784e                zps_vRemoveNextHop
                0x00000000000a7903                zps_vRemoveRoute
                0x00000000000a799a                zps_psNwkRtMatchNwkAddr
                0x00000000000a7a10                zps_vNwkFreeMcpsHandle
                0x00000000000a7a3a                zps_u8NwkAllocateMcpsHandle
                0x00000000000a7a8b                zps_psNwkMcpsMgrFindPendingByNwkDstAddr
                0x00000000000a7aa1                ZPS_u64NwkNibGetMappedIeeeAddr
                0x00000000000a7ad1                ZPS_vNwkSecResetDevice
                0x00000000000a7b19                ZPS_bNwkNibNtActvMatch
                0x00000000000a7bcb                ZPS_u64NwkNibFindExtAddr
                0x00000000000a7c71                bCheckNwkAddr
                0x00000000000a7cba                bIsBindTableMatch.141872
                0x00000000000a7d22                eRemoveEntryInBindingTable.141876
                0x00000000000a7da5                zps_bAplZdoTrustCenterGetDevicePermissions
                0x00000000000a7df2                zps_eAplTrustCenterFindDevice
                0x00000000000a7e36                ZPS_vSetExtendedStatus
                0x00000000000a7e48                zps_eNwkRtMatch
                0x00000000000a7f55                eAllocateNPDU.132828
                0x00000000000a7fb8                PDUM_eNPduClone
                0x00000000000a8004                PDUM_hAPduAllocateAPduInstance
                0x00000000000a805e                hZCL_AllocateAPduInstance
                0x00000000000a809a                zps_eAplZdoSendZdpResponse
                0x00000000000a80e3                zps_bAplZdoMgmtLqiServer
                0x00000000000a8319                zps_bAplZdoMgmtRtgServer
                0x00000000000a845a                zps_psApsApsAllocateDcfmRecord
                0x00000000000a84c8                zps_u8CalcLinkCost
                0x00000000000a8504                ZPS_u8NwkNibNtDiscMatch
                0x00000000000a85e8                zps_u8NwkLibChannelLow
                0x00000000000a85f7                zps_u64NwkLibFromPayload
                0x00000000000a8636                psAddToDiscNt.276998
                0x00000000000a87d2                eSmeUDNTBeaconInd.277005
                0x00000000000a87f7                zps_vNwkLibU64ToPayload
                0x00000000000a8824                zps_eNwkDcfmIndPost
                0x00000000000a8846                zps_psNwkDcfmIndGetBuf
                0x00000000000a8868                zps_eNwkHandleSmePollDcfm
                0x00000000000a8892                zps_vSendJoinInd
                0x00000000000a8900                vSendDcfm.277753
                0x00000000000a8924                eSmeEdScScanDcfm.277009
                0x00000000000a896d                eSmeGenlScanDcfm.277013
                0x00000000000a89cb                zps_eNwkHandleSmeDutyCycleInd
                0x00000000000a89f3                eRouteRequestDataDcfm.272069
                0x00000000000a8a47                eNldeDataDcfm.269787
                0x00000000000a8a77                zps_vSendNwkStatusInd
                0x00000000000a8aa8                eEdTimeoutRequestDataDcfm.266244
                0x00000000000a8ac9                eLeaveDataDcfmRemoteLeave.263295
                0x00000000000a8b24                psSLISTsearch
                0x00000000000a8b64                psSLISTremove
                0x00000000000a8be2                psSLISTgetNext
                0x00000000000a8c06                iSLISTnumberOfNodes
                0x00000000000a8c1d                u8PDM_ReadSequenceNumber
                0x00000000000a8c40                boSegmentNumberDeleteSearchMatch.257747
                0x00000000000a8c5b                u8PDM_ReadSegmentDataSize
                0x00000000000a8c6f                u32PDM_ReadFileSystemHeaderWearCount
                0x00000000000a8c85                boSearchForWearCountSubstitute.258438
                0x00000000000a8cab                boSearchForWearCountInsertPoint.257296
                0x00000000000a8cc9                vPDM_WriteFileSystemHeaderWearCount
                0x00000000000a8cdb                vPDM_ReadBitmapHeader.256318
                0x00000000000a8cfa                RND_u32GetRand256
 *fill*         0x00000000000a8d17        0x1 00
 .text          0x00000000000a8d18     0x1068 C:\Users\akila\AppData\Local\Temp\ccR9hZwB.ltrans20.ltrans.o
                0x00000000000a8d18                vInitialiseApp.8252
 .text          0x00000000000a9d80     0x152e C:\Users\akila\AppData\Local\Temp\ccR9hZwB.ltrans21.ltrans.o
                0x00000000000a9d80                eZCL_CustomCommandSend.constprop.159
                0x00000000000aa12c                vGP_ExitCommMode
                0x00000000000aa243                vCLD_GPTimerClickCallback.10868
                0x00000000000aaac2                BDB_vRejoinSuccess
                0x00000000000aab21                vNsDiscoverNwk.127703
                0x00000000000aac3a                BDB_vRejoinCycle
                0x00000000000aaf3b                BDB_vRejoinTimerCb
                0x00000000000aaf40                vNsTryNwkJoin.isra.0.127705
                0x00000000000ab0a2                vNsAfterNwkJoin.127693
                0x00000000000ab16f                BDB_vNsTimerCb
                0x00000000000ab1dc                vNfDiscoverNwk.128645
 .text          0x00000000000ab2ae     0x1512 C:\Users\akila\AppData\Local\Temp\ccR9hZwB.ltrans22.ltrans.o
                0x00000000000ab68e                vZgpSendTxAfterRx
                0x00000000000ab6cc                eBeaconReqSent.286187
                0x00000000000ab6f3                vPDM_AddFileSystemElementToListInAscendingWearCountOrder
                0x00000000000ab81b                vPDM_MoveAllDataFromListToList
                0x00000000000ab859                vPDM_MoveFileRecordFromListToList
                0x00000000000ab87b                vPDM_MoveRecordToDeAllocList
                0x00000000000ab89b                iPDM_GetWearLevelledBuffer
                0x00000000000ab96e                iPDM_WriteSegmentHeaderAndData
                0x00000000000ababc                iPDM_ReconstructAtRunTimeReplacedDataTable
                0x00000000000abbfc                vSendToTxQueue
                0x00000000000abf81                eZCL_WriteLocalAttributeValue.constprop.24
                0x00000000000ac05f                eCLD_GroupsSetIdentifying
                0x00000000000ac094                vCLD_IdentifyTimerClickCallback.29809
                0x00000000000ac115                vSL_WriteMessage
                0x00000000000ac192                APP_vIdentifyEffectEnd
                0x00000000000ac1bd                app_vFormatAndSendUpdateLists
                0x00000000000ac5eb                vSL_LogSend
                0x00000000000ac693                vReportException
                0x00000000000ac7a1                vLogFlush.8698
 *fill*         0x00000000000ac7c0        0x0 00
 .text          0x00000000000ac7c0     0x16f4 C:\Users\akila\AppData\Local\Temp\ccR9hZwB.ltrans23.ltrans.o
                0x00000000000ac7c0                eGP_GreenPowerCommandHandler
                0x00000000000add1d                eCLD_GroupsHandleAddGroupRequest.28409
 .text          0x00000000000adeb4     0x11d0 C:\Users\akila\AppData\Local\Temp\ccR9hZwB.ltrans24.ltrans.o
                0x00000000000ae230                zps_vAplTrustCenterUpdateDevice
                0x00000000000ae454                zps_vAplTrustCenterRequestKey
                0x00000000000ae616                ZPS_vAplHandleApsdeReqRsp
                0x00000000000aea36                zps_eAplZdpApsdeReqInternal
                0x00000000000aeaa5                zps_eAplZdpRequestApsdeReq
                0x00000000000aeb1c                zps_eAplZdpMgmtPermitJoiningRequest.constprop.161
                0x00000000000aec0d                vGP_SendDeviceAnnounce
                0x00000000000aecfa                zps_eAplZdoStartRouter.constprop.82
                0x00000000000aed30                zps_bAplZdoDefaultServer
                0x00000000000af000                zps_eZdpEndDeviceBindResponse
                0x00000000000af021                zps_eAplZdpBindResponse
                0x00000000000af042                zps_eZdpUnbindResponse
                0x00000000000af063                zps_eZdpMgmtPermitJoiningResponse
 .text          0x00000000000af084     0x1108 C:\Users\akila\AppData\Local\Temp\ccR9hZwB.ltrans25.ltrans.o
                0x00000000000af262                vPostApsmeDcfmInd.137681
                0x00000000000af510                zps_vHandleApsdeDataFragInd
                0x00000000000afa32                zps_eStartFragmentedTransmission
                0x00000000000afb49                APP_vHandleAppEvents
 .text          0x00000000000b018c     0x129c C:\Users\akila\AppData\Local\Temp\ccR9hZwB.ltrans26.ltrans.o
                0x00000000000b018c                vPostNldeDcfmInd.137695
 .text          0x00000000000b1428     0x128c C:\Users\akila\AppData\Local\Temp\ccR9hZwB.ltrans27.ltrans.o
                0x00000000000b146d                eZLO_RegisterControlBridgeEndPoint.constprop.129
                0x00000000000b1bb1                APP_ZCL_cbEndpointCallback.6797
 .text          0x00000000000b26b4      0x4c9 C:\Users\akila\AppData\Local\Temp\ccR9hZwB.ltrans28.ltrans.o
                0x00000000000b26b4                APP_bSendHATransportKey
                0x00000000000b2a40                ISR_vTickTimer
                0x00000000000b2a78                APP_isrUart
                0x00000000000b2ad6                vStackOverflowHandler
                0x00000000000b2ae2                vAlignmentErrorHandler
                0x00000000000b2aee                vBusErrorHandler
                0x00000000000b2afa                vIllegalInstructionHandler
                0x00000000000b2b06                vUnclaimedException
                0x00000000000b2b44                vUnclaimedInterrupt
                0x00000000000b2b5b                vTrapHandler
                0x00000000000b2b6c                vGenericHandler
 .text          0x00000000000b2b7d      0x1e5 C:\Users\akila\AppData\Local\Temp\ccR9hZwB.ltrans29.ltrans.o
                0x00000000000b2b7d                zps_vSendNextFragment.140264
 .text          0x00000000000b2d62      0x199 C:\Users\akila\AppData\Local\Temp\ccR9hZwB.ltrans30.ltrans.o
                0x00000000000b2dde                APP_cbTimerZclTick.8249
                0x00000000000b2e1c                APP_vBdbCallback
                0x00000000000b2e72                vNfRetryNwkFormation.128378
 .text          0x00000000000b2efb       0x3d C:\Users\akila\AppData\Local\Temp\ccR9hZwB.ltrans31.ltrans.o
                0x00000000000b2efb                zps_isrMAC
                0x00000000000b2f1e                AppWarmStart
 .text          0x00000000000b2f38       0x25 c:/nxp/bstudio_nxp/sdk/tools/ba-elf-ba2-r36379/bin/../lib/gcc/ba-elf/4.7.4/../../../../ba-elf/lib/mcpu_jn51xx_sizeopt\libc.a(lib_a-memcmp.o)
                0x00000000000b2f38                memcmp
 .text          0x00000000000b2f5d       0x19 c:/nxp/bstudio_nxp/sdk/tools/ba-elf-ba2-r36379/bin/../lib/gcc/ba-elf/4.7.4/../../../../ba-elf/lib/mcpu_jn51xx_sizeopt\libc.a(lib_a-memcpy.o)
 .text          0x00000000000b2f76       0x12 c:/nxp/bstudio_nxp/sdk/tools/ba-elf-ba2-r36379/bin/../lib/gcc/ba-elf/4.7.4/../../../../ba-elf/lib/mcpu_jn51xx_sizeopt\libc.a(lib_a-memset.o)
                0x00000000000b2f76                memset
 .text          0x00000000000b2f88       0x12 c:/nxp/bstudio_nxp/sdk/tools/ba-elf-ba2-r36379/bin/../lib/gcc/ba-elf/4.7.4/../../../../ba-elf/lib/mcpu_jn51xx_sizeopt\libc.a(lib_a-strlen.o)
                0x00000000000b2f88                strlen
 .text          0x00000000000b2f9a       0x2b c:/nxp/bstudio_nxp/sdk/tools/ba-elf-ba2-r36379/bin/../lib/gcc/ba-elf/4.7.4/../../../../ba-elf/lib/mcpu_jn51xx_sizeopt\libc.a(lib_a-strncpy.o)
                0x00000000000b2f9a                strncpy
 *fill*         0x00000000000b2fc5        0x3 00
 .text          0x00000000000b2fc8      0x204 c:/nxp/bstudio_nxp/sdk/tools/ba-elf-ba2-r36379/bin/../lib/gcc/ba-elf/4.7.4/mcpu_jn51xx_sizeopt\libgcc.a(__udivsi3.o)
                0x00000000000b2fc8                __udivsi3
 .text          0x00000000000b31cc       0x30 c:/nxp/bstudio_nxp/sdk/tools/ba-elf-ba2-r36379/bin/../lib/gcc/ba-elf/4.7.4/mcpu_jn51xx_sizeopt\libgcc.a(__divsi3.o)
                0x00000000000b31cc                __divsi3
 .text          0x00000000000b31fc      0x1b0 c:/nxp/bstudio_nxp/sdk/tools/ba-elf-ba2-r36379/bin/../lib/gcc/ba-elf/4.7.4/mcpu_jn51xx_sizeopt\libgcc.a(__umodsi3.o)
                0x00000000000b31fc                __umodsi3
 .text          0x00000000000b33ac       0x24 c:/nxp/bstudio_nxp/sdk/tools/ba-elf-ba2-r36379/bin/../lib/gcc/ba-elf/4.7.4/mcpu_jn51xx_sizeopt\libgcc.a(__modsi3.o)
                0x00000000000b33ac                __modsi3
 .text          0x00000000000b33d0      0x350 c:/nxp/bstudio_nxp/sdk/tools/ba-elf-ba2-r36379/bin/../lib/gcc/ba-elf/4.7.4/mcpu_jn51xx_sizeopt\libgcc.a(_udivdi3.o)
                0x00000000000b33d0                __udivdi3
 *fill*         0x00000000000b3720        0x0 00
 .text          0x00000000000b3720       0x48 c:/NXP/bstudio_nxp/sdk/JN-SW-4170/Components/Library\libPWRM_JN516x.a(pwrm_setjmp_JN516x.o)
                0x00000000000b3720                setjmp
                0x00000000000b3744                PWRM_longjmp
 .text          0x00000000000b3768       0x27 c:/NXP/bstudio_nxp/sdk/JN-SW-4170/Components/Library\libHardwareApi_JN516x.a(AHI_Interrupt.o)
                0x00000000000b3768                vAHI_InterruptSetPriority
                0x00000000000b3786                vAHI_InterruptSetActivePriorityLevel
 .text.vMicroSyscall
                0x00000000000b378f       0x17 c:/NXP/bstudio_nxp/sdk/JN-SW-4170/Components/Library\libMicroSpecific_JN516x.a(MicroSyscall_ba.o)
                0x00000000000b378f                vMicroSyscall
 .text          0x00000000000b37a6        0x0 c:/NXP/bstudio_nxp/sdk/JN-SW-4170/Components/Library\libZPSAPL_JN516x.a(zps_apl_version_lc.o)
                0x00000000000b37a6                ZPS_APL_Version_3v0
 .text          0x00000000000b37a6        0x0 c:/NXP/bstudio_nxp/sdk/JN-SW-4170/Components/Library\libZPSNWK_JN516x.a(zps_nwk_version_lc.o)
                0x00000000000b37a6                ZPS_NWK_Version_3v0
                0x00000000000b37a6                _flash_end = ABSOLUTE (.)

.rela.dyn       0x00000000000b37a8        0x0
 .rela.text     0x0000000000000000        0x0 irq_JN516x.o
 .rela.rodata   0x0000000000000000        0x0 irq_JN516x.o
 .rela.data     0x0000000000000000        0x0 irq_JN516x.o
                0x000000000400004c                . = ORIGIN (ram)

.data           0x000000000400004c      0x708 load address 0x00000000000b37a8
                0x000000000400004c                _ram_data_start = ABSOLUTE (.)
 *(.data*)
 .data          0x000000000400004c       0x48 C:\Users\akila\AppData\Local\Temp\ccR9hZwB.ltrans1.ltrans.o
                0x000000000400004c                s_asapduZDPInstances
 .data          0x0000000004000094       0x18 C:\Users\akila\AppData\Local\Temp\ccR9hZwB.ltrans3.ltrans.o
 *fill*         0x00000000040000ac        0x4 00
 .data          0x00000000040000b0      0x490 C:\Users\akila\AppData\Local\Temp\ccR9hZwB.ltrans5.ltrans.o
                0x00000000040000b0                g_asMacInterfaceTable.2582
                0x00000000040000dc                psAplDefaultGlobalAPSLinkKey
                0x00000000040000e0                s_sApl.2467
                0x0000000004000240                s_sLedState
                0x000000000400024c                g_u16zpsCurrentAddress
                0x0000000004000250                sZllState
                0x000000000400028c                s_keyPairTableStorage.2520
 .data          0x0000000004000540        0x1 C:\Users\akila\AppData\Local\Temp\ccR9hZwB.ltrans6.ltrans.o
 *fill*         0x0000000004000541        0x1 00
 .data          0x0000000004000542        0x4 C:\Users\akila\AppData\Local\Temp\ccR9hZwB.ltrans7.ltrans.o
 *fill*         0x0000000004000546        0x2 00
 .data          0x0000000004000548        0x4 C:\Users\akila\AppData\Local\Temp\ccR9hZwB.ltrans10.ltrans.o
                0x0000000004000548                bCanLoopback.140578
 .data          0x000000000400054c       0x1c C:\Users\akila\AppData\Local\Temp\ccR9hZwB.ltrans12.ltrans.o
                0x000000000400054c                u8MiniMacConfig_MaxConcurrentAssocResponses
                0x0000000004000550                psShadowRxBuffer
                0x0000000004000554                gMAC_u8MaxBuffers
 .data          0x0000000004000568       0x24 C:\Users\akila\AppData\Local\Temp\ccR9hZwB.ltrans14.ltrans.o
                0x0000000004000568                gsGreenPowerContext
 .data          0x000000000400058c        0x4 C:\Users\akila\AppData\Local\Temp\ccR9hZwB.ltrans19.ltrans.o
                0x000000000400058c                u32HeapStart
 .data          0x0000000004000590       0x28 C:\Users\akila\AppData\Local\Temp\ccR9hZwB.ltrans20.ltrans.o
 .data          0x00000000040005b8        0x4 C:\Users\akila\AppData\Local\Temp\ccR9hZwB.ltrans22.ltrans.o
                0x00000000040005b8                u16StoredMacSeqNo
                0x00000000040005ba                u8StoredCsma
                0x00000000040005bb                u8StoredMinBe
 .data          0x00000000040005bc      0x188 C:\Users\akila\AppData\Local\Temp\ccR9hZwB.ltrans27.ltrans.o
                0x00000000040005bc                sCLD_Groups
 .data          0x0000000004000744        0x1 C:\Users\akila\AppData\Local\Temp\ccR9hZwB.ltrans30.ltrans.o
 *fill*         0x0000000004000745        0x3 00
 .data.s_asAPduPool
                0x0000000004000748        0xc pdum_apdu.o
                0x0000000004000748                pdum_apduZDP
                0x0000000004000748                s_asAPduPool
 *(.data.*)
                0x0000000004000754                . = ALIGN (0x4)
                0x0000000004000754                _ram_data_end = ABSOLUTE (.)

.bss            0x0000000004000754     0x550c load address 0x00000000000b3eb0
                0x0000000004000754                _bss_start = ABSOLUTE (.)
 *(.bss*)
 .bss           0x0000000004000754      0x128 C:\Users\akila\AppData\Local\Temp\ccR9hZwB.ltrans0.ltrans.o
                0x0000000004000754                u32BackUpApsChannelMask.129450
                0x0000000004000758                u32ScanChannels.129452
                0x000000000400075c                bDoPrimaryScan.129451
                0x0000000004000760                pfTKDfunc
                0x0000000004000764                bResetIssued
                0x0000000004000765                au8LinkRxBuffer
 .bss           0x000000000400087c      0x290 C:\Users\akila\AppData\Local\Temp\ccR9hZwB.ltrans1.ltrans.o
 .bss           0x0000000004000b0c      0x9b4 C:\Users\akila\AppData\Local\Temp\ccR9hZwB.ltrans2.ltrans.o
                0x0000000004000b0c                sIntStorage.258075
                0x0000000004000b10                s_psNPduPoolEnd.132968
                0x0000000004000b14                s_psNPduPoolStart.132967
                0x0000000004000b18                s_psFreeListHead.132969
                0x0000000004000b1c                s_asAPduPool.133067
 .bss.initinboot
                0x00000000040014c0        0x1 C:\Users\akila\AppData\Local\Temp\ccR9hZwB.ltrans2.ltrans.o
                0x00000000040014c0                bMutexTaken.288872
 *fill*         0x00000000040014c1        0x7 00
 .bss           0x00000000040014c8       0x70 C:\Users\akila\AppData\Local\Temp\ccR9hZwB.ltrans3.ltrans.o
                0x00000000040014c8                gZpsSetByProfile.137469
 .bss           0x0000000004001538        0x8 C:\Users\akila\AppData\Local\Temp\ccR9hZwB.ltrans4.ltrans.o
                0x0000000004001538                sMiniMacIntStore.132014
 .bss           0x0000000004001540     0x2e20 C:\Users\akila\AppData\Local\Temp\ccR9hZwB.ltrans5.ltrans.o
                0x0000000004001540                s_sDefaultServerContext.2547
                0x0000000004001544                s_sEndDeviceBindServerContext.2458
                0x0000000004001584                s_sParentAnnceServerContext.2459
                0x000000000400158c                s_sMgmtRtgServerContext.2460
                0x0000000004001590                s_sPermitJoiningServerContext.2461
                0x0000000004001594                s_sMgmtBindServerContext.2462
                0x0000000004001598                s_sBindRequestServerContext.2463
                0x00000000040015d8                s_sBindUnbindServerContext.2465
                0x0000000004001608                s_sMgmtNWKUpdateServerContext.2466
                0x0000000004001660                s_sMgmtLqiServerContext.2546
                0x0000000004001664                s_sSimpleDescServerContext.2545
                0x0000000004001668                s_sMatchDescServerContext.2544
                0x000000000400166c                s_sPowerDescServerContext.2543
                0x0000000004001670                s_sNodeDescServerContext.2542
                0x0000000004001674                s_sSystemServerDiscoveryServerContext.2541
                0x0000000004001678                s_sIeeeAddrServerContext.2540
                0x000000000400167c                s_sNwkAddrServerContext.2539
                0x0000000004001680                s_sActiveEpServerContext.2538